Archive member included to satisfy reference by file (symbol)

C:/devkitPro/libctru/lib\libcitro2d.a(base.o)
                              main.o (C2D_Init)
C:/devkitPro/libctru/lib\libcitro2d.a(text.o)
                              debug_log.o (C2D_TextBufNew)
C:/devkitPro/libctru/lib\libcitro2d.a(render2d_shbin.o)
                              C:/devkitPro/libctru/lib\libcitro2d.a(base.o) (render2d_shbin)
C:/devkitPro/libctru/lib\libcitro2d.a(font.o)
                              C:/devkitPro/libctru/lib\libcitro2d.a(text.o) (C2D_FontGlyphIndexFromCodePoint)
C:/devkitPro/libctru/lib\libcitro3d.a(attribs.o)
                              C:/devkitPro/libctru/lib\libcitro2d.a(base.o) (AttrInfo_Init)
C:/devkitPro/libctru/lib\libcitro3d.a(base.o)
                              C:/devkitPro/libctru/lib\libcitro3d.a(attribs.o) (__C3D_Context)
C:/devkitPro/libctru/lib\libcitro3d.a(buffers.o)
                              C:/devkitPro/libctru/lib\libcitro2d.a(base.o) (BufInfo_Init)
C:/devkitPro/libctru/lib\libcitro3d.a(drawElements.o)
                              C:/devkitPro/libctru/lib\libcitro2d.a(base.o) (C3D_DrawElements)
C:/devkitPro/libctru/lib\libcitro3d.a(effect.o)
                              C:/devkitPro/libctru/lib\libcitro3d.a(base.o) (C3D_DepthMap)
C:/devkitPro/libctru/lib\libcitro3d.a(framebuffer.o)
                              C:/devkitPro/libctru/lib\libcitro3d.a(base.o) (C3Di_FrameBufBind)
C:/devkitPro/libctru/lib\libcitro3d.a(immediate.o)
                              C:/devkitPro/libctru/lib\libcitro3d.a(base.o) (C3D_ImmSendAttrib)
C:/devkitPro/libctru/lib\libcitro3d.a(proctex.o)
                              C:/devkitPro/libctru/lib\libcitro2d.a(base.o) (C3D_ProcTexInit)
C:/devkitPro/libctru/lib\libcitro3d.a(renderqueue.o)
                              C:/devkitPro/libctru/lib\libcitro3d.a(base.o) (C3Di_RenderQueueEnableVBlank)
C:/devkitPro/libctru/lib\libcitro3d.a(texenv.o)
                              C:/devkitPro/libctru/lib\libcitro2d.a(base.o) (C3D_GetTexEnv)
C:/devkitPro/libctru/lib\libcitro3d.a(texture.o)
                              image_loader.o (C3D_TexInitWithParams)
C:/devkitPro/libctru/lib\libcitro3d.a(uniforms.o)
                              C:/devkitPro/libctru/lib\libcitro3d.a(base.o) (C3D_UpdateUniforms)
C:/devkitPro/libctru/lib\libcitro3d.a(mtx_multiply.o)
                              C:/devkitPro/libctru/lib\libcitro2d.a(base.o) (Mtx_Multiply)
C:/devkitPro/libctru/lib\libcitro3d.a(mtx_ortho.o)
                              C:/devkitPro/libctru/lib\libcitro2d.a(base.o) (Mtx_Ortho)
C:/devkitPro/libctru/lib\libcitro3d.a(mtx_orthotilt.o)
                              C:/devkitPro/libctru/lib\libcitro2d.a(base.o) (Mtx_OrthoTilt)
C:/devkitPro/libctru/lib\libcitro3d.a(mtx_rotatez.o)
                              C:/devkitPro/libctru/lib\libcitro2d.a(base.o) (Mtx_RotateZ)
C:/devkitPro/libctru/lib\libcitro3d.a(mtx_scale.o)
                              C:/devkitPro/libctru/lib\libcitro2d.a(base.o) (Mtx_Scale)
C:/devkitPro/libctru/lib\libcitro3d.a(mtx_translate.o)
                              C:/devkitPro/libctru/lib\libcitro2d.a(base.o) (Mtx_Translate)
C:/devkitPro/libctru/lib\libctru.a(linear.o)
                              image_loader.o (linearAlloc)
C:/devkitPro/libctru/lib\libctru.a(mem_pool.o)
                              C:/devkitPro/libctru/lib\libctru.a(linear.o) (_ZN7MemPool8AllocateER8MemChunkmi)
C:/devkitPro/libctru/lib\libctru.a(vram.o)
                              C:/devkitPro/libctru/lib\libcitro3d.a(renderqueue.o) (vramAlloc)
C:/devkitPro/libctru/lib\libctru.a(font.o)
                              C:/devkitPro/libctru/lib\libcitro2d.a(text.o) (fontEnsureMapped)
C:/devkitPro/libctru/lib\libctru.a(gfx.o)
                              main.o (gfxSetWide)
C:/devkitPro/libctru/lib\libctru.a(os.o)
                              C:/devkitPro/libctru/lib\libcitro3d.a(buffers.o) (osConvertVirtToPhys)
C:/devkitPro/libctru/lib\libctru.a(romfs_dev.o)
                              main.o (romfsMountSelf)
C:/devkitPro/libctru/lib\libctru.a(synchronization.o)
                              debug_log.o (LightLock_Init)
C:/devkitPro/libctru/lib\libctru.a(thread.o)
                              screen_detail.o (threadCreate)
C:/devkitPro/libctru/lib\libctru.a(gpu.o)
                              C:/devkitPro/libctru/lib\libcitro3d.a(renderqueue.o) (gpuCmdBuf)
C:/devkitPro/libctru/lib\libctru.a(gx.o)
                              C:/devkitPro/libctru/lib\libcitro3d.a(renderqueue.o) (GX_BindQueue)
C:/devkitPro/libctru/lib\libctru.a(gxqueue.o)
                              C:/devkitPro/libctru/lib\libcitro3d.a(renderqueue.o) (gxCmdQueueClear)
C:/devkitPro/libctru/lib\libctru.a(shaderProgram.o)
                              C:/devkitPro/libctru/lib\libcitro2d.a(base.o) (shaderInstanceGetUniformLocation)
C:/devkitPro/libctru/lib\libctru.a(shbin.o)
[...]
Memory Configuration

Name             Origin             Length             Attributes
*default*        0x00000000         0xffffffff

Linker script and memory map

                0x00000000                        __sync_synchronize = __sync_synchronize_dmb
                0x00100000                        PROVIDE (__start__ = 0x100000)
                0x00100000                        . = __start__

.text           0x00100000    0x87ae4
 *(.crt0)
 .crt0          0x00100000       0x94 C:/devkitPro/devkitARM/bin/../lib/gcc/arm-none-eabi/15.2.0/../../../../arm-none-eabi/lib/armv6k/fpu/3dsx_crt0.o
                0x00100000                _start
                0x00100008                __service_ptr
                0x0010000c                __apt_appid
                0x00100010                __heap_size
                0x00100014                __linear_heap_size
                0x00100018                __system_arglist
                0x0010001c                __system_runflags
 *(.init)
 .init          0x00100094        0xc C:/devkitPro/devkitARM/bin/../lib/gcc/arm-none-eabi/15.2.0/armv6k/fpu/crti.o
                0x00100094                _init
 .init          0x001000a0        0xc C:/devkitPro/devkitARM/bin/../lib/gcc/arm-none-eabi/15.2.0/armv6k/fpu/crtn.o
                0x001000ac                        . = ALIGN (0x4)
 *(.text)
 .text          0x001000ac      0x20c C:/devkitPro/devkitARM/bin/../lib/gcc/arm-none-eabi/15.2.0/armv6k/fpu\libgcc.a(_udivsi3.o)
                0x001000ac                __aeabi_uidiv
                0x001000ac                __udivsi3
                0x00100298                __aeabi_uidivmod
 .text          0x001002b8      0x240 C:/devkitPro/devkitARM/bin/../lib/gcc/arm-none-eabi/15.2.0/armv6k/fpu\libgcc.a(_divsi3.o)
                0x001002b8                __divsi3
                0x001002b8                __aeabi_idiv
                0x001004d8                __aeabi_idivmod
 .text          0x001004f8        0x4 C:/devkitPro/devkitARM/bin/../lib/gcc/arm-none-eabi/15.2.0/armv6k/fpu\libgcc.a(_dvmd_tls.o)
                0x001004f8                __aeabi_idiv0
                0x001004f8                __aeabi_ldiv0
 .text          0x001004fc      0x3c0 C:/devkitPro/devkitARM/bin/../lib/gcc/arm-none-eabi/15.2.0/armv6k/fpu\libgcc.a(_arm_addsubdf3.o)
                0x001004fc                __aeabi_drsub
                0x00100504                __aeabi_dsub
                0x00100504                __subdf3
                0x00100508                __aeabi_dadd
                0x00100508                __adddf3
                0x001007b4                __floatunsidf
                0x001007b4                __aeabi_ui2d
                0x001007d8                __floatsidf
                0x001007d8                __aeabi_i2d
                0x00100800                __aeabi_f2d
                0x00100800                __extendsfdf2
                0x00100848                __floatundidf
                0x00100848                __aeabi_ul2d
                0x0010085c                __floatdidf
                0x0010085c                __aeabi_l2d
 .text          0x001008bc       0xd4 C:/devkitPro/devkitARM/bin/../lib/gcc/arm-none-eabi/15.2.0/armv6k/fpu\libgcc.a(_aeabi_ldivmod.o)
                0x001008bc                __aeabi_ldivmod
 .text          0x00100990       0x3c C:/devkitPro/devkitARM/bin/../lib/gcc/arm-none-eabi/15.2.0/armv6k/fpu\libgcc.a(_aeabi_uldivmod.o)
                0x00100990                __aeabi_uldivmod
 *fill*         0x001009cc       0x14 
 .text          0x001009e0      0x390 C:/devkitPro/devkitARM/bin/../lib/gcc/arm-none-eabi/15.2.0/../../../../arm-none-eabi/lib/armv6k/fpu\libg.a(libc_a-strcmp.o)
                0x001009e8                strcmp
 *(.text.*)
 .text.__do_global_dtors_aux
                0x00100d70       0x50 C:/devkitPro/devkitARM/bin/../lib/gcc/arm-none-eabi/15.2.0/armv6k/fpu/crtbegin.o
 .text.frame_dummy
                0x00100dc0       0x2c C:/devkitPro/devkitARM/bin/../lib/gcc/arm-none-eabi/15.2.0/armv6k/fpu/crtbegin.o
 .text.app_init
                0x00100dec       0xb4 app.o
                0x00100dec                app_init
 .text.app_fini
                0x00100ea0       0x74 app.o
                0x00100ea0                app_fini
 .text.app_tick
                0x00100f14       0x44 app.o
                0x00100f14                app_tick
 .text.app_transition
                0x00100f58      0x11c app.o
                0x00100f58                app_transition
 .text.app_save_config
                0x00101074       0x88 app.o
                0x00101074                app_save_config
 .text.config_load
                0x001010fc      0x34c config.o
                0x001010fc                config_load
 .text.config_save
                0x00101448      0x114 config.o
                0x00101448                config_save
 .text.cover_cache_read
                0x0010155c      0x1a0 cover_cache.o
                0x0010155c                cover_cache_read
 .text.cover_cache_write
                0x001016fc      0x204 cover_cache.o
                0x001016fc                cover_cache_write
 .text.derive_key
                0x00101900       0xf4 cred_crypto.o
 .text.cred_encrypt_password
                0x001019f4      0x28c cred_crypto.o
                0x001019f4                cred_encrypt_password
 .text.cred_decrypt_password
                0x00101c80      0x1ec cred_crypto.o
                0x00101c80                cred_decrypt_password
 .text.draw_line.part.0
                0x00101e6c       0x9c debug_log.o
 .text.dlog_fini
                0x00101f08       0x40 debug_log.o
                0x00101f08                dlog_fini
 .text.dlog     0x00101f48       0xd8 debug_log.o
                0x00101f48                dlog
 .text.dlog_init
                0x00102020       0xd0 debug_log.o
                0x00102020                dlog_init
 .text.dlog_overlay_tick
                0x001020f0      0x3e0 debug_log.o
                0x001020f0                dlog_overlay_tick
 .text.is_remote_or_data_url
                0x001024d0       0x64 epub_reader.o
 .text.extract_attr
                0x00102534       0xe0 epub_reader.o
 .text.path_resolve.constprop.0
                0x00102614      0x1f0 epub_reader.o
 .text.looks_like_local_image_path
                0x00102804       0xd0 epub_reader.o
 .text.uri_decode_inplace
                0x001028d4      0x114 epub_reader.o
 .text.epub_reader_close
                0x001029e8       0xa4 epub_reader.o
                0x001029e8                epub_reader_close
 .text.epub_reader_is_open
                0x00102a8c       0x10 epub_reader.o
                0x00102a8c                epub_reader_is_open
 .text.epub_reader_open_chapter
                0x00102a9c      0x8c0 epub_reader.o
                0x00102a9c                epub_reader_open_chapter
 .text.epub_reader_get_page_payload
                0x0010335c      0xdf0 epub_reader.o
                0x0010335c                epub_reader_get_page_payload
 .text.istrstr  0x0010414c       0xb4 http_client.o
 .text.tls_recv
                0x00104200       0x2c http_client.o
 .text.tls_send
                0x0010422c       0x1c http_client.o
 .text.conn_send_all
                0x00104248       0xb0 http_client.o
 .text.do_request
                0x001042f8      0xc30 http_client.o
 .text.http_get
                0x00104f28       0x2c http_client.o
                0x00104f28                http_get
 .text.http_get_binary
                0x00104f54       0x2c http_client.o
                0x00104f54                http_get_binary
 .text.http_post_json
                0x00104f80       0x2c http_client.o
                0x00104f80                http_post_json
 .text.http_response_free
                0x00104fac       0x2c http_client.o
                0x00104fac                http_response_free
 .text.stbi__mad3sizes_valid
                0x00104fd8       0xac image_loader.o
 .text.stbi__refill_buffer
                0x00105084       0x64 image_loader.o
 .text.stbi__idct_block
                0x001050e8      0x424 image_loader.o
 .text.resample_row_1
                0x0010550c        0x8 image_loader.o
 .text.stbi__resample_row_v_2
                0x00105514       0x4c image_loader.o
 .text.stbi__resample_row_hv_2
                0x00105560       0xa8 image_loader.o
 .text.stbi__resample_row_generic
                0x00105608       0x74 image_loader.o
 .text.stbi__YCbCr_to_RGB_row
                0x0010567c       0xe8 image_loader.o
 .text.stbi__bitreverse16
                0x00105764       0x6c image_loader.o
 .text.stbi__fill_bits
                0x001057d0       0x5c image_loader.o
 .text.stbi__zhuffman_decode
                0x0010582c      0x154 image_loader.o
 .text.stbi__out_gif_code
                0x00105980      0x114 image_loader.o
 .text.stbi__build_huffman
                0x00105a94      0x1b0 image_loader.o
 .text.stbi__zexpand
                0x00105c44       0xd0 image_loader.o
 .text.stbi__vertical_flip
                0x00105d14       0xb4 image_loader.o
 .text.stbi__resample_row_h_2
                0x00105dc8       0xe8 image_loader.o
 .text.stbi__create_png_alpha_expand8
                0x00105eb0       0xa8 image_loader.o
 .text.stbi__free_jpeg_components.constprop.0
                0x00105f58       0x8c image_loader.o
 .text.stbi__zbuild_huffman
                0x00105fe4      0x1e0 image_loader.o
 .text.stbi__malloc_mad2
                0x001061c4       0x7c image_loader.o
 .text.stbi__skip
                0x00106240       0x58 image_loader.o
 .text.stbi__malloc_mad3
                0x00106298       0xb4 image_loader.o
 .text.stbi__convert_format
                0x0010634c      0x844 image_loader.o
 .text.stbi__create_png_image_raw
                0x00106b90      0x828 image_loader.o
 .text.stbi__gif_parse_colortable
                0x001073b8       0xfc image_loader.o
 .text.stbi__compute_huffman_codes
                0x001074b4      0x2d4 image_loader.o
 .text.stbi__parse_zlib
                0x00107788      0x5e0 image_loader.o
 .text.stbi__get16be
                0x00107d68       0xc0 image_loader.o
 .text.stbi__get16le
                0x00107e28       0xbc image_loader.o
 .text.stbi__get32be
                0x00107ee4      0x18c image_loader.o
 .text.stbi__get_marker
                0x00108070       0xf4 image_loader.o
 .text.stbi__grow_buffer_unsafe
                0x00108164      0x100 image_loader.o
 .text.stbi__extend_receive
                0x00108264       0x90 image_loader.o
 .text.stbi__jpeg_huff_decode
                0x001082f4      0x164 image_loader.o
 .text.stbi__jpeg_decode_block
                0x00108458      0x2c8 image_loader.o
 .text.stbi__jpeg_decode_block_prog_dc
                0x00108720      0x24c image_loader.o
 .text.stbi__gif_test_raw
                0x0010896c      0x1b8 image_loader.o
 .text.stbi__gif_header
                0x00108b24      0x41c image_loader.o
 .text.stbi__gif_load_next.isra.0
                0x00108f40      0xb4c image_loader.o
 .text.stbi__gif_load.isra.0
                0x00109a8c       0xd8 image_loader.o
 .text.stbi__process_marker
                0x00109b64      0x7f0 image_loader.o
 .text.stbi__decode_jpeg_header
                0x0010a354      0x914 image_loader.o
 .text.stbi_zlib_decode_malloc_guesssize_headerflag
                0x0010ac68       0xa0 image_loader.o
                0x0010ac68                stbi_zlib_decode_malloc_guesssize_headerflag
 .text.stbi__parse_png_file
                0x0010ad08     0x1310 image_loader.o
 .text.stbi__load_main.isra.0
                0x0010c018     0x2a64 image_loader.o
 .text.stbi__load_and_postprocess_8bit
                0x0010ea7c      0x168 image_loader.o
 .text.image_prepare_from_mem
                0x0010ebe4      0x660 image_loader.o
                0x0010ebe4                image_prepare_from_mem
 .text.image_upload_prepared
                0x0010f244      0x168 image_loader.o
                0x0010f244                image_upload_prepared
 .text.image_prepared_free
                0x0010f3ac       0x4c image_loader.o
                0x0010f3ac                image_prepared_free
 .text.image_texture_free
                0x0010f3f8       0x38 image_loader.o
                0x0010f3f8                image_texture_free
 .text.image_fit_dims
                0x0010f430       0xa4 image_loader.o
                0x0010f430                image_fit_dims
 .text.copy_api_key_from_auth_keys_array
                0x0010f4d4       0xac kavita_api.o
 .text.kavita_login
                0x0010f580      0x534 kavita_api.o
                0x0010f580                kavita_login
 .text.kavita_get_libraries
                0x0010fab4      0x17c kavita_api.o
                0x0010fab4                kavita_get_libraries
 .text.kavita_get_series
                0x0010fc30      0x3b8 kavita_api.o
                0x0010fc30                kavita_get_series
 .text.kavita_get_series_detail
                0x0010ffe8      0x944 kavita_api.o
                0x0010ffe8                kavita_get_series_detail
 .text.kavita_save_progress
                0x0011092c      0x110 kavita_api.o
                0x0011092c                kavita_save_progress
 .text.kavita_cover_url
                0x00110a3c       0x48 kavita_api.o
                0x00110a3c                kavita_cover_url
 .text.kavita_volume_cover_url
                0x00110a84       0x48 kavita_api.o
                0x00110a84                kavita_volume_cover_url
 .text.kavita_chapter_cover_url
                0x00110acc       0x48 kavita_api.o
                0x00110acc                kavita_chapter_cover_url
 .text.kavita_chapter_download_url
                0x00110b14       0x30 kavita_api.o
                0x00110b14                kavita_chapter_download_url
 .text.kavita_page_url
                0x00110b44       0x48 kavita_api.o
                0x00110b44                kavita_page_url
 .text.kavita_get_chapter_info_pages
                0x00110b8c       0xf4 kavita_api.o
                0x00110b8c                kavita_get_chapter_info_pages
 .text.startup.main
                0x00110c80      0x12c main.o
                0x00110c80                main
 .text.reader_page_cache_clear
                0x00110dac       0xa8 reader_page_cache.o
                0x00110dac                reader_page_cache_clear
 .text.reader_page_cache_exists
                0x00110e54       0x54 reader_page_cache.o
                0x00110e54                reader_page_cache_exists
 .text.reader_page_cache_delete_pages_before
                0x00110ea8       0xb0 reader_page_cache.o
                0x00110ea8                reader_page_cache_delete_pages_before
 .text.reader_page_cache_read
                0x00110f58      0x120 reader_page_cache.o
                0x00110f58                reader_page_cache_read
 .text.reader_page_cache_write
                0x00111078      0x314 reader_page_cache.o
                0x00111078                reader_page_cache_write
 .text.detail_format_chapter_label
                0x0011138c      0x10c screen_detail.o
 .text.detail_thread
                0x00111498       0x40 screen_detail.o
 .text.cover_worker
                0x001114d8      0x294 screen_detail.o
 .text.detail_start_cover_load
                0x0011176c      0x244 screen_detail.o
 .text.screen_detail_init
                0x001119b0      0x148 screen_detail.o
                0x001119b0                screen_detail_init
 .text.screen_detail_fini
                0x00111af8       0xd8 screen_detail.o
                0x00111af8                screen_detail_fini
 .text.screen_detail_tick
                0x00111bd0      0xea0 screen_detail.o
                0x00111bd0                screen_detail_tick
 .text.fetch_thread
                0x00112a70       0x3c screen_libraries.o
 .text.screen_libraries_init
                0x00112aac       0xb4 screen_libraries.o
                0x00112aac                screen_libraries_init
 .text.screen_libraries_fini
                0x00112b60       0x38 screen_libraries.o
                0x00112b60                screen_libraries_fini
 .text.screen_libraries_tick
                0x00112b98      0x748 screen_libraries.o
                0x00112b98                screen_libraries_tick
 .text.spread_side_ready
                0x001132e0       0x94 screen_reader.o
 .text.reader_epub_dual_column
                0x00113374       0x60 screen_reader.o
 .text.reader_epub_line_step
                0x001133d4       0x70 screen_reader.o
 .text.epub_lines_on_spread_from
                0x00113444       0xa0 screen_reader.o
 .text.epub_line_table_push
                0x001134e4       0xc0 screen_reader.o
 .text.prefetch_thread
                0x001135a4       0xb4 screen_reader.o
 .text.fetch_page_thread
                0x00113658      0x3a8 screen_reader.o
 .text.progress_thread
                0x00113a00       0x6c screen_reader.o
 .text.start_fetch
                0x00113a6c       0xd4 screen_reader.o
 .text.discard_pending_page.part.0
                0x00113b40       0x6c screen_reader.o
 .text.reader_epub_draw_line_at.part.0.constprop.0
                0x00113bac       0xc0 screen_reader.o
 .text.reader_epub_flush_line.part.0.constprop.0
                0x00113c6c       0xc0 screen_reader.o
 .text.clamp_pan_y.constprop.0
                0x00113d2c       0xc4 screen_reader.o
 .text.clamp_pan_x.constprop.0
                0x00113df0       0xc8 screen_reader.o
 .text.reader_text_centered_z.constprop.0
                0x00113eb8       0xb8 screen_reader.o
 .text.reader_spinner_draw.constprop.0
                0x00113f70      0x108 screen_reader.o
 .text.draw_portrait_page_zoom.part.0.constprop.0
                0x00114078      0x104 screen_reader.o
 .text.reader_epub_text_layout.constprop.0
                0x0011417c      0x248 screen_reader.o
 .text.fire_save_progress
                0x001143c4       0xfc screen_reader.o
 .text.can_advance_spread
                0x001144c0       0xac screen_reader.o
 .text.spread_free
                0x0011456c       0xa0 screen_reader.o
 .text.spread_move_into
                0x0011460c       0xb0 screen_reader.o
 .text.epub_rebuild_wrapped_lines.constprop.0
                0x001146bc      0x344 screen_reader.o
 .text.reader_epub_maybe_rebuild_lines
                0x00114a00       0x78 screen_reader.o
 .text.curr_spread_complete
                0x00114a78       0xbc screen_reader.o
 .text.next_spread_ready
                0x00114b34      0x1ac screen_reader.o
 .text.try_start_fetch.part.0
                0x00114ce0      0x280 screen_reader.o
 .text.screen_reader_init
                0x00114f60      0x124 screen_reader.o
                0x00114f60                screen_reader_init
 .text.screen_reader_fini
                0x00115084      0x150 screen_reader.o
                0x00115084                screen_reader_fini
 .text.screen_reader_tick
                0x001151d4     0x1b40 screen_reader.o
                0x001151d4                screen_reader_tick
 .text.visible_cell_indices
                0x00116d14      0x1e8 screen_series.o
 .text.series_sync_scroll
                0x00116efc      0x144 screen_series.o
 .text.list_thread
                0x00117040       0xdc screen_series.o
 .text.cover_fetch_thread
                0x0011711c      0x1cc screen_series.o
 .text.series_spinner_draw.constprop.0
                0x001172e8      0x108 screen_series.o
 .text.series_text_centered_z.constprop.0
                0x001173f0       0xc4 screen_series.o
 .text.series_clamp_pan_y.constprop.0
                0x001174b4       0xc4 screen_series.o
 .text.series_clamp_pan_x.constprop.0
                0x00117578       0xc8 screen_series.o
 .text.series_draw_portrait_cover_zoom.constprop.0
                0x00117640      0x10c screen_series.o
 .text.kick_cover_worker.part.0
                0x0011774c      0x210 screen_series.o
 .text.screen_series_init
                0x0011795c      0x144 screen_series.o
                0x0011795c                screen_series_init
 .text.screen_series_fini
                0x00117aa0       0xf8 screen_series.o
                0x00117aa0                screen_series_fini
 .text.screen_series_tick
                0x00117b98     0x1c3c screen_series.o
                0x00117b98                screen_series_tick
 .text.screen_settings_init
                0x001197d4       0x14 screen_settings.o
                0x001197d4                screen_settings_init
 .text.screen_settings_fini
                0x001197e8        0x4 screen_settings.o
                0x001197e8                screen_settings_fini
 .text.screen_settings_tick
                0x001197ec      0x5c4 screen_settings.o
                0x001197ec                screen_settings_tick
 .text.login_thread
                0x00119db0       0x58 screen_setup.o
 .text.prompt_text.constprop.0
                0x00119e08       0xf0 screen_setup.o
 .text.screen_setup_init
                0x00119ef8       0x50 screen_setup.o
                0x00119ef8                screen_setup_init
 .text.screen_setup_fini
                0x00119f48       0x4c screen_setup.o
                0x00119f48                screen_setup_fini
 .text.screen_setup_tick
                0x00119f94      0x6e0 screen_setup.o
                0x00119f94                screen_setup_tick
 .text.ui_spinner_tick
                0x0011a674       0x2c ui.o
                0x0011a674                ui_spinner_tick
 .text.ui_rect  0x0011a6a0       0x70 ui.o
                0x0011a6a0                ui_rect
 .text.ui_text  0x0011a710       0xb0 ui.o
                0x0011a710                ui_text
 .text.ui_text_centered
                0x0011a7c0       0xd4 ui.o
                0x0011a7c0                ui_text_centered
 .text.ui_text_truncated
                0x0011a894      0x14c ui.o
                0x0011a894                ui_text_truncated
 .text.ui_labeled_button
                0x0011a9e0      0x2c8 ui.o
                0x0011a9e0                ui_labeled_button
 .text.ui_spinner
                0x0011aca8      0x120 ui.o
                0x0011aca8                ui_spinner
 .text.ui_progress_bar
                0x0011adc8       0xd8 ui.o
                0x0011adc8                ui_progress_bar
 .text.ui_touched
                0x0011aea0       0xa4 ui.o
                0x0011aea0                ui_touched
 .text.exists_cb
                0x0011af44       0x20 zip_mem.o
 .text.suf_cb   0x0011af64       0x90 zip_mem.o
 .text.cd_next_record.constprop.0.isra.0
                0x0011aff4       0xe4 zip_mem.o
 .text.zip_walk
                0x0011b0d8       0xb4 zip_mem.o
 .text.zip_open
                0x0011b18c      0x120 zip_mem.o
                0x0011b18c                zip_open
 .text.zip_close
                0x0011b2ac        0x4 zip_mem.o
                0x0011b2ac                zip_close
 .text.zip_exists_ci
                0x0011b2b0       0x30 zip_mem.o
                0x0011b2b0                zip_exists_ci
 .text.zip_find_suffix_ci
                0x0011b2e0       0x54 zip_mem.o
                0x0011b2e0                zip_find_suffix_ci
 .text.zip_read_file
                0x0011b334      0x268 zip_mem.o
                0x0011b334                zip_read_file
 .text.parse_hex4
                0x0011b59c       0x70 cJSON.o
 .text.parse_string
                0x0011b60c      0x3a4 cJSON.o
 .text.buffer_skip_whitespace
                0x0011b9b0       0x6c cJSON.o
 .text.ensure   0x0011ba1c      0x138 cJSON.o
 .text.print_string_ptr
                0x0011bb54      0x220 cJSON.o
 .text.get_object_item
                0x0011bd74       0xe4 cJSON.o
 .text.print_value
                0x0011be58      0x684 cJSON.o
 .text.print.constprop.0
                0x0011c4dc      0x14c cJSON.o
 .text.add_item_to_object.constprop.0
                0x0011c628       0xf8 cJSON.o
 .text.cJSON_Delete
                0x0011c720       0xac cJSON.o
                0x0011c720                cJSON_Delete
 *fill*         0x0011c7cc        0x4 
 .text.parse_value
                0x0011c7d0      0x548 cJSON.o
 .text.cJSON_ParseWithLengthOpts
                0x0011cd18      0x1dc cJSON.o
                0x0011cd18                cJSON_ParseWithLengthOpts
 .text.cJSON_Parse
                0x0011cef4       0x2c cJSON.o
                0x0011cef4                cJSON_Parse
 .text.cJSON_PrintUnformatted
                0x0011cf20        0x8 cJSON.o
                0x0011cf20                cJSON_PrintUnformatted
 .text.cJSON_GetArraySize
                0x0011cf28       0x34 cJSON.o
                0x0011cf28                cJSON_GetArraySize
 .text.cJSON_GetArrayItem
                0x0011cf5c       0x50 cJSON.o
                0x0011cf5c                cJSON_GetArrayItem
 .text.cJSON_GetObjectItemCaseSensitive
                0x0011cfac        0x8 cJSON.o
                0x0011cfac                cJSON_GetObjectItemCaseSensitive
 .text.cJSON_AddItemToArray
                0x0011cfb4       0x5c cJSON.o
                0x0011cfb4                cJSON_AddItemToArray
 .text.cJSON_AddBoolToObject
                0x0011d010       0x90 cJSON.o
                0x0011d010                cJSON_AddBoolToObject
 .text.cJSON_AddNumberToObject
                0x0011d0a0       0xe4 cJSON.o
                0x0011d0a0                cJSON_AddNumberToObject
 .text.cJSON_AddStringToObject
                0x0011d184       0xd4 cJSON.o
                0x0011d184                cJSON_AddStringToObject
 .text.cJSON_AddObjectToObject
                0x0011d258       0x84 cJSON.o
                0x0011d258                cJSON_AddObjectToObject
 .text.cJSON_AddArrayToObject
                0x0011d2dc       0x84 cJSON.o
                0x0011d2dc                cJSON_AddArrayToObject
 .text.cJSON_CreateObject
                0x0011d360       0x4c cJSON.o
                0x0011d360                cJSON_CreateObject
 .text.cJSON_IsTrue
                0x0011d3ac       0x18 cJSON.o
                0x0011d3ac                cJSON_IsTrue
 .text.cJSON_IsBool
                0x0011d3c4       0x18 cJSON.o
                0x0011d3c4                cJSON_IsBool
 .text.cJSON_IsNumber
                0x0011d3dc       0x18 cJSON.o
                0x0011d3dc                cJSON_IsNumber
 .text.cJSON_IsString
                0x0011d3f4       0x18 cJSON.o
                0x0011d3f4                cJSON_IsString
 .text.cJSON_IsArray
                0x0011d40c       0x18 cJSON.o
                0x0011d40c                cJSON_IsArray
 .text.C2Di_FrameEndHook
                0x0011d424       0x44 C:/devkitPro/libctru/lib\libcitro2d.a(base.o)
 .text.C2D_Init
                0x0011d468      0x368 C:/devkitPro/libctru/lib\libcitro2d.a(base.o)
                0x0011d468                C2D_Init
 .text.C2D_Fini
                0x0011d7d0       0x4c C:/devkitPro/libctru/lib\libcitro2d.a(base.o)
                0x0011d7d0                C2D_Fini
 .text.C2D_Prepare
                0x0011d81c       0xbc C:/devkitPro/libctru/lib\libcitro2d.a(base.o)
                0x0011d81c                C2D_Prepare
 .text.C2D_Flush
                0x0011d8d8       0x48 C:/devkitPro/libctru/lib\libcitro2d.a(base.o)
                0x0011d8d8                C2D_Flush
 .text.C2D_SceneSize
                0x0011d920       0xfc C:/devkitPro/libctru/lib\libcitro2d.a(base.o)
                0x0011d920                C2D_SceneSize
 .text.C2D_ViewSave
                0x0011da1c       0x34 C:/devkitPro/libctru/lib\libcitro2d.a(base.o)
                0x0011da1c                C2D_ViewSave
 .text.C2D_ViewRestore
                0x0011da50       0x4c C:/devkitPro/libctru/lib\libcitro2d.a(base.o)
                0x0011da50                C2D_ViewRestore
 .text.C2D_ViewTranslate
                0x0011da9c       0x40 C:/devkitPro/libctru/lib\libcitro2d.a(base.o)
                0x0011da9c                C2D_ViewTranslate
 .text.C2D_ViewRotate
                0x0011dadc       0x38 C:/devkitPro/libctru/lib\libcitro2d.a(base.o)
                0x0011dadc                C2D_ViewRotate
 .text.C2D_CreateScreenTarget
                0x0011db14       0x60 C:/devkitPro/libctru/lib\libcitro2d.a(base.o)
                0x0011db14                C2D_CreateScreenTarget
 .text.C2D_TargetClear
                0x0011db74       0x60 C:/devkitPro/libctru/lib\libcitro2d.a(base.o)
                0x0011db74                C2D_TargetClear
 .text.C2Di_CalcQuad
                0x0011dbd4      0x14c C:/devkitPro/libctru/lib\libcitro2d.a(base.o)
                0x0011dbd4                C2Di_CalcQuad
 .text.C2Di_AppendQuad
                0x0011dd20       0x54 C:/devkitPro/libctru/lib\libcitro2d.a(base.o)
                0x0011dd20                C2Di_AppendQuad
 .text.C2Di_AppendVtx
                0x0011dd74       0x40 C:/devkitPro/libctru/lib\libcitro2d.a(base.o)
                0x0011dd74                C2Di_AppendVtx
 .text.C2Di_Update
                0x0011ddb4      0x738 C:/devkitPro/libctru/lib\libcitro2d.a(base.o)
                0x0011ddb4                C2Di_Update
 .text.C2D_DrawImage
                0x0011e4ec      0x2e8 C:/devkitPro/libctru/lib\libcitro2d.a(base.o)
                0x0011e4ec                C2D_DrawImage
 .text.C2D_DrawLine
                0x0011e7d4      0x1e0 C:/devkitPro/libctru/lib\libcitro2d.a(base.o)
                0x0011e7d4                C2D_DrawLine
 .text.C2D_DrawRectangle
                0x0011e9b4      0x168 C:/devkitPro/libctru/lib\libcitro2d.a(base.o)
                0x0011e9b4                C2D_DrawRectangle
 .text.C2D_DrawEllipse
                0x0011eb1c      0x174 C:/devkitPro/libctru/lib\libcitro2d.a(base.o)
                0x0011eb1c                C2D_DrawEllipse
 .text.C2Di_GlyphComp
                0x0011ec90       0x18 C:/devkitPro/libctru/lib\libcitro2d.a(text.o)
 .text.C2Di_CalcLineWidths
                0x0011eca8      0x180 C:/devkitPro/libctru/lib\libcitro2d.a(text.o)
 .text.C2D_TextBufNew
                0x0011ee28      0x1d0 C:/devkitPro/libctru/lib\libcitro2d.a(text.o)
                0x0011ee28                C2D_TextBufNew
 .text.C2D_TextBufDelete
                0x0011eff8        0x4 C:/devkitPro/libctru/lib\libcitro2d.a(text.o)
                0x0011eff8                C2D_TextBufDelete
 .text.C2D_TextBufClear
                0x0011effc        0xc C:/devkitPro/libctru/lib\libcitro2d.a(text.o)
                0x0011effc                C2D_TextBufClear
 .text.C2D_TextFontParseLine
                0x0011f008      0x1c4 C:/devkitPro/libctru/lib\libcitro2d.a(text.o)
                0x0011f008                C2D_TextFontParseLine
 .text.C2D_TextFontParse
                0x0011f1cc       0xa4 C:/devkitPro/libctru/lib\libcitro2d.a(text.o)
                0x0011f1cc                C2D_TextFontParse
 .text.C2D_TextParse
                0x0011f270       0x10 C:/devkitPro/libctru/lib\libcitro2d.a(text.o)
                0x0011f270                C2D_TextParse
 .text.C2D_TextOptimize
                0x0011f280       0x30 C:/devkitPro/libctru/lib\libcitro2d.a(text.o)
                0x0011f280                C2D_TextOptimize
 .text.C2D_TextGetDimensions
                0x0011f2b0       0xe8 C:/devkitPro/libctru/lib\libcitro2d.a(text.o)
                0x0011f2b0                C2D_TextGetDimensions
 .text.C2D_DrawText
                0x0011f398      0xfdc C:/devkitPro/libctru/lib\libcitro2d.a(text.o)
                0x0011f398                C2D_DrawText
 .text.C2D_FontGlyphIndexFromCodePoint
                0x00120374       0x50 C:/devkitPro/libctru/lib\libcitro2d.a(font.o)
                0x00120374                C2D_FontGlyphIndexFromCodePoint
 .text.C2D_FontCalcGlyphPos
                0x001203c4       0x74 C:/devkitPro/libctru/lib\libcitro2d.a(font.o)
                0x001203c4                C2D_FontCalcGlyphPos
 .text.AttrInfo_Init
                0x00120438       0x28 C:/devkitPro/libctru/lib\libcitro3d.a(attribs.o)
                0x00120438                AttrInfo_Init
 .text.AttrInfo_AddLoader
                0x00120460       0x94 C:/devkitPro/libctru/lib\libcitro3d.a(attribs.o)
                0x00120460                AttrInfo_AddLoader
 .text.C3D_SetAttrInfo
                0x001204f4       0x54 C:/devkitPro/libctru/lib\libcitro3d.a(attribs.o)
                0x001204f4                C3D_SetAttrInfo
 .text.C3Di_AttrInfoBind
                0x00120548       0x80 C:/devkitPro/libctru/lib\libcitro3d.a(attribs.o)
                0x00120548                C3Di_AttrInfoBind
 .text.C3Di_LightEnvUpdate
                0x001205c8        0x4 C:/devkitPro/libctru/lib\libcitro3d.a(base.o)
                0x001205c8                C3Di_LightEnvUpdate
 .text.C3Di_LightEnvDirty
                0x001205cc        0x4 C:/devkitPro/libctru/lib\libcitro3d.a(base.o)
                0x001205cc                C3Di_LightEnvDirty
 .text.C3Di_AptEventHook
                0x001205d0       0xb4 C:/devkitPro/libctru/lib\libcitro3d.a(base.o)
 .text.C3Di_GasUpdate
                0x00120684        0x4 C:/devkitPro/libctru/lib\libcitro3d.a(base.o)
                0x00120684                C3Di_GasUpdate
 .text.C3D_Init
                0x00120688      0x1d0 C:/devkitPro/libctru/lib\libcitro3d.a(base.o)
                0x00120688                C3D_Init
 .text.C3D_SetViewport
                0x00120858       0x98 C:/devkitPro/libctru/lib\libcitro3d.a(base.o)
                0x00120858                C3D_SetViewport
 .text.C3D_SetScissor
                0x001208f0       0x4c C:/devkitPro/libctru/lib\libcitro3d.a(base.o)
                0x001208f0                C3D_SetScissor
 .text.C3Di_UpdateContext
                0x0012093c      0x4e8 C:/devkitPro/libctru/lib\libcitro3d.a(base.o)
                0x0012093c                C3Di_UpdateContext
 .text.C3Di_SplitFrame
                0x00120e24       0xe0 C:/devkitPro/libctru/lib\libcitro3d.a(base.o)
                0x00120e24                C3Di_SplitFrame
 .text.C3D_Fini
                0x00120f04       0x44 C:/devkitPro/libctru/lib\libcitro3d.a(base.o)
                0x00120f04                C3D_Fini
 .text.C3D_BindProgram
                0x00120f48      0x194 C:/devkitPro/libctru/lib\libcitro3d.a(base.o)
                0x00120f48                C3D_BindProgram
 .text.BufInfo_Init
                0x001210dc       0x24 C:/devkitPro/libctru/lib\libcitro3d.a(buffers.o)
                0x001210dc                BufInfo_Init
 .text.BufInfo_Add
                0x00121100       0x80 C:/devkitPro/libctru/lib\libcitro3d.a(buffers.o)
                0x00121100                BufInfo_Add
 .text.C3D_SetBufInfo
                0x00121180       0x3c C:/devkitPro/libctru/lib\libcitro3d.a(buffers.o)
                0x00121180                C3D_SetBufInfo
 .text.C3Di_BufInfoBind
                0x001211bc       0x48 C:/devkitPro/libctru/lib\libcitro3d.a(buffers.o)
                0x001211bc                C3Di_BufInfoBind
 .text.C3D_DrawElements
                0x00121204      0x21c C:/devkitPro/libctru/lib\libcitro3d.a(drawElements.o)
                0x00121204                C3D_DrawElements
 .text.C3D_DepthMap
                0x00121420       0x40 C:/devkitPro/libctru/lib\libcitro3d.a(effect.o)
                0x00121420                C3D_DepthMap
 .text.C3D_CullFace
                0x00121460       0x1c C:/devkitPro/libctru/lib\libcitro3d.a(effect.o)
                0x00121460                C3D_CullFace
 .text.C3D_StencilTest
                0x0012147c       0x40 C:/devkitPro/libctru/lib\libcitro3d.a(effect.o)
                0x0012147c                C3D_StencilTest
 .text.C3D_StencilOp
                0x001214bc       0x24 C:/devkitPro/libctru/lib\libcitro3d.a(effect.o)
                0x001214bc                C3D_StencilOp
 .text.C3D_BlendingColor
                0x001214e0       0x1c C:/devkitPro/libctru/lib\libcitro3d.a(effect.o)
                0x001214e0                C3D_BlendingColor
 .text.C3D_EarlyDepthTest
                0x001214fc       0x24 C:/devkitPro/libctru/lib\libcitro3d.a(effect.o)
                0x001214fc                C3D_EarlyDepthTest
 .text.C3D_DepthTest
                0x00121520       0x2c C:/devkitPro/libctru/lib\libcitro3d.a(effect.o)
                0x00121520                C3D_DepthTest
 .text.C3D_AlphaTest
                0x0012154c       0x2c C:/devkitPro/libctru/lib\libcitro3d.a(effect.o)
                0x0012154c                C3D_AlphaTest
 .text.C3D_AlphaBlend
                0x00121578       0x50 C:/devkitPro/libctru/lib\libcitro3d.a(effect.o)
                0x00121578                C3D_AlphaBlend
 .text.C3D_FragOpMode
                0x001215c8       0x30 C:/devkitPro/libctru/lib\libcitro3d.a(effect.o)
                0x001215c8                C3D_FragOpMode
 .text.C3D_FragOpShadow
                0x001215f8       0x44 C:/devkitPro/libctru/lib\libcitro3d.a(effect.o)
                0x001215f8                C3D_FragOpShadow
 .text.C3Di_EffectBind
                0x0012163c      0x1ac C:/devkitPro/libctru/lib\libcitro3d.a(effect.o)
                0x0012163c                C3Di_EffectBind
 .text.C3D_CalcColorBufSize
                0x001217e8       0x1c C:/devkitPro/libctru/lib\libcitro3d.a(framebuffer.o)
                0x001217e8                C3D_CalcColorBufSize
 .text.C3D_CalcDepthBufSize
                0x00121804       0x1c C:/devkitPro/libctru/lib\libcitro3d.a(framebuffer.o)
                0x00121804                C3D_CalcDepthBufSize
 .text.C3D_SetFrameBuf
                0x00121820       0x44 C:/devkitPro/libctru/lib\libcitro3d.a(framebuffer.o)
                0x00121820                C3D_SetFrameBuf
 .text.C3Di_FrameBufBind
                0x00121864      0x16c C:/devkitPro/libctru/lib\libcitro3d.a(framebuffer.o)
                0x00121864                C3Di_FrameBufBind
 .text.C3D_FrameBufClear
                0x001219d0       0xc8 C:/devkitPro/libctru/lib\libcitro3d.a(framebuffer.o)
                0x001219d0                C3D_FrameBufClear
 .text.C3D_FrameBufTransfer
                0x00121a98       0x44 C:/devkitPro/libctru/lib\libcitro3d.a(framebuffer.o)
                0x00121a98                C3D_FrameBufTransfer
 .text.C3D_ImmSendAttrib
                0x00121adc       0xa8 C:/devkitPro/libctru/lib\libcitro3d.a(immediate.o)
                0x00121adc                C3D_ImmSendAttrib
 .text.C3D_ProcTexInit
                0x00121b84       0x70 C:/devkitPro/libctru/lib\libcitro3d.a(proctex.o)
                0x00121b84                C3D_ProcTexInit
 .text.C3D_ProcTexBind
                0x00121bf4       0x54 C:/devkitPro/libctru/lib\libcitro3d.a(proctex.o)
                0x00121bf4                C3D_ProcTexBind
 .text.C3D_ProcTexLutBind
                0x00121c48       0x5c C:/devkitPro/libctru/lib\libcitro3d.a(proctex.o)
                0x00121c48                C3D_ProcTexLutBind
 .text.ProcTexLut_FromArray
                0x00121ca4       0xa4 C:/devkitPro/libctru/lib\libcitro3d.a(proctex.o)
                0x00121ca4                ProcTexLut_FromArray
 .text.C3Di_ProcTexUpdate
                0x00121d48      0x178 C:/devkitPro/libctru/lib\libcitro3d.a(proctex.o)
                0x00121d48                C3Di_ProcTexUpdate
 .text.C3Di_ProcTexDirty
                0x00121ec0       0x68 C:/devkitPro/libctru/lib\libcitro3d.a(proctex.o)
                0x00121ec0                C3Di_ProcTexDirty
 .text.onVBlank0
                0x00121f28       0x4c C:/devkitPro/libctru/lib\libcitro3d.a(renderqueue.o)
 .text.onVBlank1
                0x00121f74       0x4c C:/devkitPro/libctru/lib\libcitro3d.a(renderqueue.o)
 .text.C3Di_RenderTargetDestroy
                0x00121fc0       0x80 C:/devkitPro/libctru/lib\libcitro3d.a(renderqueue.o)
 .text.onQueueFinish
                0x00122040       0xf4 C:/devkitPro/libctru/lib\libcitro3d.a(renderqueue.o)
 .text.C3Di_RenderQueueEnableVBlank
                0x00122134       0x38 C:/devkitPro/libctru/lib\libcitro3d.a(renderqueue.o)
                0x00122134                C3Di_RenderQueueEnableVBlank
 .text.C3Di_RenderQueueDisableVBlank
                0x0012216c       0x30 C:/devkitPro/libctru/lib\libcitro3d.a(renderqueue.o)
                0x0012216c                C3Di_RenderQueueDisableVBlank
 .text.C3Di_RenderQueueInit
                0x0012219c       0x60 C:/devkitPro/libctru/lib\libcitro3d.a(renderqueue.o)
                0x0012219c                C3Di_RenderQueueInit
 .text.C3Di_RenderQueueExit
                0x001221fc       0xb4 C:/devkitPro/libctru/lib\libcitro3d.a(renderqueue.o)
                0x001221fc                C3Di_RenderQueueExit
 .text.C3Di_RenderQueueWaitDone
                0x001222b0       0x34 C:/devkitPro/libctru/lib\libcitro3d.a(renderqueue.o)
                0x001222b0                C3Di_RenderQueueWaitDone
 .text.C3D_FrameBegin
                0x001222e4       0xe8 C:/devkitPro/libctru/lib\libcitro3d.a(renderqueue.o)
                0x001222e4                C3D_FrameBegin
 .text.C3D_FrameDrawOn
                0x001223cc       0x48 C:/devkitPro/libctru/lib\libcitro3d.a(renderqueue.o)
                0x001223cc                C3D_FrameDrawOn
 .text.C3D_FrameSplit
                0x00122414       0x58 C:/devkitPro/libctru/lib\libcitro3d.a(renderqueue.o)
                0x00122414                C3D_FrameSplit
 .text.C3D_FrameEnd
                0x0012246c      0x1d0 C:/devkitPro/libctru/lib\libcitro3d.a(renderqueue.o)
                0x0012246c                C3D_FrameEnd
 .text.C3D_FrameEndHook
                0x0012263c       0x1c C:/devkitPro/libctru/lib\libcitro3d.a(renderqueue.o)
                0x0012263c                C3D_FrameEndHook
 .text.C3D_RenderTargetCreate
                0x00122658      0x170 C:/devkitPro/libctru/lib\libcitro3d.a(renderqueue.o)
                0x00122658                C3D_RenderTargetCreate
 .text.C3D_RenderTargetSetOutput
                0x001227c8       0xa8 C:/devkitPro/libctru/lib\libcitro3d.a(renderqueue.o)
                0x001227c8                C3D_RenderTargetSetOutput
 .text.C3D_SyncTextureCopy
                0x00122870       0xfc C:/devkitPro/libctru/lib\libcitro3d.a(renderqueue.o)
                0x00122870                C3D_SyncTextureCopy
 .text.C3D_GetTexEnv
                0x0012296c       0x34 C:/devkitPro/libctru/lib\libcitro3d.a(texenv.o)
                0x0012296c                C3D_GetTexEnv
 .text.C3Di_TexEnvBind
                0x001229a0       0x24 C:/devkitPro/libctru/lib\libcitro3d.a(texenv.o)
                0x001229a0                C3Di_TexEnvBind
 .text.C3D_TexInitWithParams
                0x001229c4      0x290 C:/devkitPro/libctru/lib\libcitro3d.a(texture.o)
                0x001229c4                C3D_TexInitWithParams
 .text.C3D_TexLoadImage
                0x00122c54       0xc8 C:/devkitPro/libctru/lib\libcitro3d.a(texture.o)
                0x00122c54                C3D_TexLoadImage
 .text.C3D_TexBind
                0x00122d1c       0x44 C:/devkitPro/libctru/lib\libcitro3d.a(texture.o)
                0x00122d1c                C3D_TexBind
 .text.C3D_TexDelete
                0x00122d60       0x74 C:/devkitPro/libctru/lib\libcitro3d.a(texture.o)
                0x00122d60                C3D_TexDelete
 .text.C3Di_SetTex
                0x00122dd4      0x14c C:/devkitPro/libctru/lib\libcitro3d.a(texture.o)
                0x00122dd4                C3Di_SetTex
 .text.C3D_UpdateUniforms
                0x00122f20      0x290 C:/devkitPro/libctru/lib\libcitro3d.a(uniforms.o)
                0x00122f20                C3D_UpdateUniforms
 .text.C3Di_DirtyUniforms
                0x001231b0       0xc0 C:/devkitPro/libctru/lib\libcitro3d.a(uniforms.o)
                0x001231b0                C3Di_DirtyUniforms
 .text.C3Di_LoadShaderUniforms
                0x00123270       0xd8 C:/devkitPro/libctru/lib\libcitro3d.a(uniforms.o)
                0x00123270                C3Di_LoadShaderUniforms
 .text.C3Di_ClearShaderUniforms
                0x00123348       0x28 C:/devkitPro/libctru/lib\libcitro3d.a(uniforms.o)
                0x00123348                C3Di_ClearShaderUniforms
 .text.Mtx_Ortho
                0x00123370       0xcc C:/devkitPro/libctru/lib\libcitro3d.a(mtx_ortho.o)
                0x00123370                Mtx_Ortho
 .text.Mtx_OrthoTilt
                0x0012343c       0xcc C:/devkitPro/libctru/lib\libcitro3d.a(mtx_orthotilt.o)
                0x0012343c                Mtx_OrthoTilt
 .text.Mtx_RotateZ
                0x00123508       0xa0 C:/devkitPro/libctru/lib\libcitro3d.a(mtx_rotatez.o)
                0x00123508                Mtx_RotateZ
 .text.Mtx_Translate
                0x001235a8       0xa4 C:/devkitPro/libctru/lib\libcitro3d.a(mtx_translate.o)
                0x001235a8                Mtx_Translate
 .text._ZL21addrMapNodeComparatorPK11rbtree_nodeS1_
                0x0012364c       0x24 C:/devkitPro/libctru/lib\libctru.a(linear.o)
 .text._ZL21addrMapNodeDestructorP11rbtree_node
                0x00123670        0x4 C:/devkitPro/libctru/lib\libctru.a(linear.o)
 .text.linearMemAlign
                0x00123674      0x12c C:/devkitPro/libctru/lib\libctru.a(linear.o)
                0x00123674                linearMemAlign
 .text.linearAlloc
                0x001237a0        0x8 C:/devkitPro/libctru/lib\libctru.a(linear.o)
                0x001237a0                linearAlloc
 .text.linearFree
                0x001237a8       0x5c C:/devkitPro/libctru/lib\libctru.a(linear.o)
                0x001237a8                linearFree
 .text._ZN7MemPool13CoalesceRightEP8MemBlock
                0x00123804       0x88 C:/devkitPro/libctru/lib\libctru.a(mem_pool.o)
                0x00123804                _ZN7MemPool13CoalesceRightEP8MemBlock
 .text._ZN7MemPool8AllocateER8MemChunkmi
                0x0012388c      0x178 C:/devkitPro/libctru/lib\libctru.a(mem_pool.o)
                0x0012388c                _ZN7MemPool8AllocateER8MemChunkmi
 .text._ZN7MemPool10DeallocateERK8MemChunk
                0x00123a04      0x118 C:/devkitPro/libctru/lib\libctru.a(mem_pool.o)
                0x00123a04                _ZN7MemPool10DeallocateERK8MemChunk
 .text._ZN7MemPool12GetFreeSpaceEv
                0x00123b1c       0x30 C:/devkitPro/libctru/lib\libctru.a(mem_pool.o)
                0x00123b1c                _ZN7MemPool12GetFreeSpaceEv
 .text._ZL21addrMapNodeComparatorPK11rbtree_nodeS1_
                0x00123b4c       0x24 C:/devkitPro/libctru/lib\libctru.a(vram.o)
 .text._ZL21addrMapNodeDestructorP11rbtree_node
                0x00123b70        0x4 C:/devkitPro/libctru/lib\libctru.a(vram.o)
 .text.vramMemAlignAt
                0x00123b74      0x248 C:/devkitPro/libctru/lib\libctru.a(vram.o)
                0x00123b74                vramMemAlignAt
 .text.vramAlloc
                0x00123dbc        0xc C:/devkitPro/libctru/lib\libctru.a(vram.o)
                0x00123dbc                vramAlloc
 .text.vramAllocAt
                0x00123dc8        0xc C:/devkitPro/libctru/lib\libctru.a(vram.o)
                0x00123dc8                vramAllocAt
 .text.vramFree
                0x00123dd4       0x94 C:/devkitPro/libctru/lib\libctru.a(vram.o)
                0x00123dd4                vramFree
 .text.fontEnsureMapped
                0x00123e68       0x9c C:/devkitPro/libctru/lib\libctru.a(font.o)
                0x00123e68                fontEnsureMapped
 .text.fontGlyphIndexFromCodePoint
                0x00123f04      0x100 C:/devkitPro/libctru/lib\libctru.a(font.o)
                0x00123f04                fontGlyphIndexFromCodePoint
 .text.fontCalcGlyphPos
                0x00124004      0x214 C:/devkitPro/libctru/lib\libctru.a(font.o)
                0x00124004                fontCalcGlyphPos
 .text.gfxPresentFramebuffer
                0x00124218       0xcc C:/devkitPro/libctru/lib\libctru.a(gfx.o)
 .text.gfxSetWide
                0x001242e4       0x14 C:/devkitPro/libctru/lib\libctru.a(gfx.o)
                0x001242e4                gfxSetWide
 .text.gfxIsWide
                0x001242f8       0x1c C:/devkitPro/libctru/lib\libctru.a(gfx.o)
                0x001242f8                gfxIsWide
 .text.gfxSetScreenFormat
                0x00124314       0xf8 C:/devkitPro/libctru/lib\libctru.a(gfx.o)
                0x00124314                gfxSetScreenFormat
 .text.gfxInit  0x0012440c       0xd8 C:/devkitPro/libctru/lib\libctru.a(gfx.o)
                0x0012440c                gfxInit
 .text.gfxInitDefault
                0x001244e4       0x10 C:/devkitPro/libctru/lib\libctru.a(gfx.o)
                0x001244e4                gfxInitDefault
 .text.gfxExit  0x001244f4       0xb8 C:/devkitPro/libctru/lib\libctru.a(gfx.o)
                0x001244f4                gfxExit
 .text.gfxGetFramebuffer
                0x001245ac       0xa0 C:/devkitPro/libctru/lib\libctru.a(gfx.o)
                0x001245ac                gfxGetFramebuffer
 .text.gfxScreenSwapBuffers
                0x0012464c       0x28 C:/devkitPro/libctru/lib\libctru.a(gfx.o)
                0x0012464c                gfxScreenSwapBuffers
 .text.osConvertVirtToPhys
                0x00124674       0x74 C:/devkitPro/libctru/lib\libctru.a(os.o)
                0x00124674                osConvertVirtToPhys
 .text.osGetTimeRef
                0x001246e8       0x54 C:/devkitPro/libctru/lib\libctru.a(os.o)
                0x001246e8                osGetTimeRef
 .text.osGetTime
                0x0012473c       0xec C:/devkitPro/libctru/lib\libctru.a(os.o)
                0x0012473c                osGetTime
 .text.__ctru_speedup_config
                0x00124828       0x34 C:/devkitPro/libctru/lib\libctru.a(os.o)
                0x00124828                __ctru_speedup_config
 .text.romfs_close
                0x0012485c        0x8 C:/devkitPro/libctru/lib\libctru.a(romfs_dev.o)
 .text.romfs_seek
                0x00124864       0xac C:/devkitPro/libctru/lib\libctru.a(romfs_dev.o)
 .text.romfs_dirreset
                0x00124910       0x24 C:/devkitPro/libctru/lib\libctru.a(romfs_dev.o)
 .text.fill_dir
                0x00124934       0xc0 C:/devkitPro/libctru/lib\libctru.a(romfs_dev.o)
 .text.romfs_dirnext
                0x001249f4      0x2ac C:/devkitPro/libctru/lib\libctru.a(romfs_dev.o)
 .text.romfs_free
                0x00124ca0       0x74 C:/devkitPro/libctru/lib\libctru.a(romfs_dev.o)
 .text.searchForFile.constprop.0
                0x00124d14       0xd0 C:/devkitPro/libctru/lib\libctru.a(romfs_dev.o)
 .text.searchForDir.constprop.0
                0x00124de4       0xd4 C:/devkitPro/libctru/lib\libctru.a(romfs_dev.o)
 .text.navigateToDir.constprop.0
                0x00124eb8      0x1c0 C:/devkitPro/libctru/lib\libctru.a(romfs_dev.o)
 .text.romfs_open
                0x00125078      0x114 C:/devkitPro/libctru/lib\libctru.a(romfs_dev.o)
 .text.romfs_chdir
                0x0012518c       0x4c C:/devkitPro/libctru/lib\libctru.a(romfs_dev.o)
 .text.romfs_diropen
                0x001251d8       0x68 C:/devkitPro/libctru/lib\libctru.a(romfs_dev.o)
 .text.romfs_stat
                0x00125240      0x178 C:/devkitPro/libctru/lib\libctru.a(romfs_dev.o)
 .text.romfs_dirclose
                0x001253b8        0x8 C:/devkitPro/libctru/lib\libctru.a(romfs_dev.o)
 .text.romfs_fstat
                0x001253c0       0x7c C:/devkitPro/libctru/lib\libctru.a(romfs_dev.o)
 .text.romfs_read
                0x0012543c       0xd0 C:/devkitPro/libctru/lib\libctru.a(romfs_dev.o)
 .text.romfsMountFromFile
                0x0012550c      0x294 C:/devkitPro/libctru/lib\libctru.a(romfs_dev.o)
                0x0012550c                romfsMountFromFile
 .text.romfsMountFromCurrentProcess
                0x001257a0       0x98 C:/devkitPro/libctru/lib\libctru.a(romfs_dev.o)
                0x001257a0                romfsMountFromCurrentProcess
 .text.romfsMountSelf
                0x00125838      0x258 C:/devkitPro/libctru/lib\libctru.a(romfs_dev.o)
                0x00125838                romfsMountSelf
 .text.romfsUnmount
                0x00125a90       0xa0 C:/devkitPro/libctru/lib\libctru.a(romfs_dev.o)
                0x00125a90                romfsUnmount
 .text.__sync_init
                0x00125b30        0xc C:/devkitPro/libctru/lib\libctru.a(synchronization.o)
                0x00125b30                __sync_init
 .text.__sync_fini
                0x00125b3c       0x18 C:/devkitPro/libctru/lib\libctru.a(synchronization.o)
                0x00125b3c                __sync_fini
 .text.syncArbitrateAddress
                0x00125b54       0x28 C:/devkitPro/libctru/lib\libctru.a(synchronization.o)
                0x00125b54                syncArbitrateAddress
 .text.LightLock_Init
                0x00125b7c       0x1c C:/devkitPro/libctru/lib\libctru.a(synchronization.o)
                0x00125b7c                LightLock_Init
 .text.LightLock_Lock
                0x00125b98       0xac C:/devkitPro/libctru/lib\libctru.a(synchronization.o)
                0x00125b98                LightLock_Lock
 .text.LightLock_Unlock
                0x00125c44       0x40 C:/devkitPro/libctru/lib\libctru.a(synchronization.o)
                0x00125c44                LightLock_Unlock
 .text.RecursiveLock_Lock
                0x00125c84       0x54 C:/devkitPro/libctru/lib\libctru.a(synchronization.o)
                0x00125c84                RecursiveLock_Lock
 .text.RecursiveLock_Unlock
                0x00125cd8       0x54 C:/devkitPro/libctru/lib\libctru.a(synchronization.o)
                0x00125cd8                RecursiveLock_Unlock
 .text.LightEvent_Init
                0x00125d2c       0x44 C:/devkitPro/libctru/lib\libctru.a(synchronization.o)
                0x00125d2c                LightEvent_Init
 .text.LightEvent_Clear
                0x00125d70       0xb8 C:/devkitPro/libctru/lib\libctru.a(synchronization.o)
                0x00125d70                LightEvent_Clear
 .text.LightEvent_Signal
                0x00125e28       0xdc C:/devkitPro/libctru/lib\libctru.a(synchronization.o)
                0x00125e28                LightEvent_Signal
 .text.LightEvent_TryWait
                0x00125f04       0x50 C:/devkitPro/libctru/lib\libctru.a(synchronization.o)
                0x00125f04                LightEvent_TryWait
 .text.LightEvent_Wait
                0x00125f54       0xac C:/devkitPro/libctru/lib\libctru.a(synchronization.o)
                0x00125f54                LightEvent_Wait
 .text.threadCreate
                0x00126000      0x1fc C:/devkitPro/libctru/lib\libctru.a(thread.o)
                0x00126000                threadCreate
 .text.threadFree
                0x001261fc       0x38 C:/devkitPro/libctru/lib\libctru.a(thread.o)
                0x001261fc                threadFree
 .text.threadJoin
                0x00126234       0x24 C:/devkitPro/libctru/lib\libctru.a(thread.o)
                0x00126234                threadJoin
 .text.threadGetCurrent
                0x00126258       0x30 C:/devkitPro/libctru/lib\libctru.a(thread.o)
                0x00126258                threadGetCurrent
 .text.threadExit
                0x00126288       0x40 C:/devkitPro/libctru/lib\libctru.a(thread.o)
                0x00126288                threadExit
 .text._thread_begin
                0x001262c8       0x20 C:/devkitPro/libctru/lib\libctru.a(thread.o)
 .text.GPUCMD_Add
                0x001262e8      0x13c C:/devkitPro/libctru/lib\libctru.a(gpu.o)
                0x001262e8                GPUCMD_Add
 .text.GPUCMD_Split
                0x00126424       0xb0 C:/devkitPro/libctru/lib\libctru.a(gpu.o)
                0x00126424                GPUCMD_Split
 .text.f32tof16
                0x001264d4       0x34 C:/devkitPro/libctru/lib\libctru.a(gpu.o)
                0x001264d4                f32tof16
 .text.f32tof24
                0x00126508       0x34 C:/devkitPro/libctru/lib\libctru.a(gpu.o)
                0x00126508                f32tof24
 .text.f32tof31
                0x0012653c       0x38 C:/devkitPro/libctru/lib\libctru.a(gpu.o)
                0x0012653c                f32tof31
 .text.GX_BindQueue
                0x00126574       0x10 C:/devkitPro/libctru/lib\libctru.a(gx.o)
                0x00126574                GX_BindQueue
 .text.GX_ProcessCommandList
                0x00126584       0x7c C:/devkitPro/libctru/lib\libctru.a(gx.o)
                0x00126584                GX_ProcessCommandList
 .text.GX_MemoryFill
                0x00126600       0x74 C:/devkitPro/libctru/lib\libctru.a(gx.o)
                0x00126600                GX_MemoryFill
 .text.GX_DisplayTransfer
                0x00126674       0x74 C:/devkitPro/libctru/lib\libctru.a(gx.o)
                0x00126674                GX_DisplayTransfer
 .text.GX_TextureCopy
                0x001266e8       0x78 C:/devkitPro/libctru/lib\libctru.a(gx.o)
                0x001266e8                GX_TextureCopy
 .text.gxCmdQueueDoCommands.part.0
                0x00126760       0x64 C:/devkitPro/libctru/lib\libctru.a(gxqueue.o)
 .text.gxCmdQueueInterrupt
                0x001267c4       0xe4 C:/devkitPro/libctru/lib\libctru.a(gxqueue.o)
                0x001267c4                gxCmdQueueInterrupt
 .text.gxCmdQueueClear
                0x001268a8       0x68 C:/devkitPro/libctru/lib\libctru.a(gxqueue.o)
                0x001268a8                gxCmdQueueClear
 .text.gxCmdQueueAdd
                0x00126910      0x108 C:/devkitPro/libctru/lib\libctru.a(gxqueue.o)
                0x00126910                gxCmdQueueAdd
 .text.gxCmdQueueRun
                0x00126a18       0x80 C:/devkitPro/libctru/lib\libctru.a(gxqueue.o)
                0x00126a18                gxCmdQueueRun
 .text.gxCmdQueueStop
                0x00126a98       0x64 C:/devkitPro/libctru/lib\libctru.a(gxqueue.o)
                0x00126a98                gxCmdQueueStop
 .text.gxCmdQueueWait
                0x00126afc       0xac C:/devkitPro/libctru/lib\libctru.a(gxqueue.o)
                0x00126afc                gxCmdQueueWait
 .text.shaderInstanceInit
                0x00126ba8      0x1e0 C:/devkitPro/libctru/lib\libctru.a(shaderProgram.o)
                0x00126ba8                shaderInstanceInit
 .text.shaderInstanceGetUniformLocation
                0x00126d88       0x18 C:/devkitPro/libctru/lib\libctru.a(shaderProgram.o)
                0x00126d88                shaderInstanceGetUniformLocation
 .text.shaderProgramInit
                0x00126da0       0x1c C:/devkitPro/libctru/lib\libctru.a(shaderProgram.o)
                0x00126da0                shaderProgramInit
 .text.shaderProgramFree
                0x00126dbc       0x74 C:/devkitPro/libctru/lib\libctru.a(shaderProgram.o)
                0x00126dbc                shaderProgramFree
 .text.shaderProgramSetVsh
                0x00126e30       0x94 C:/devkitPro/libctru/lib\libctru.a(shaderProgram.o)
                0x00126e30                shaderProgramSetVsh
 .text.shaderProgramConfigure
                0x00126ec4      0x8d0 C:/devkitPro/libctru/lib\libctru.a(shaderProgram.o)
                0x00126ec4                shaderProgramConfigure
 .text.DVLE_GenerateOutmap.part.0
                0x00127794      0x1dc C:/devkitPro/libctru/lib\libctru.a(shbin.o)
 .text.DVLB_ParseFile
                0x00127970      0x1ac C:/devkitPro/libctru/lib\libctru.a(shbin.o)
                0x00127970                DVLB_ParseFile
 .text.DVLB_Free
                0x00127b1c       0x50 C:/devkitPro/libctru/lib\libctru.a(shbin.o)
                0x00127b1c                DVLB_Free
 .text.DVLE_GetUniformRegister
                0x00127b6c       0x74 C:/devkitPro/libctru/lib\libctru.a(shbin.o)
                0x00127b6c                DVLE_GetUniformRegister
 .text.acInit   0x00127be0       0x90 C:/devkitPro/libctru/lib\libctru.a(ac.o)
                0x00127be0                acInit
 .text.acExit   0x00127c70       0x3c C:/devkitPro/libctru/lib\libctru.a(ac.o)
                0x00127c70                acExit
 .text.aptConvertScreenForCapture
                0x00127cac      0x180 C:/devkitPro/libctru/lib\libctru.a(apt.o)
 .text.aptDspSleep
                0x00127e2c        0x8 C:/devkitPro/libctru/lib\libctru.a(apt.o)
                0x00127e2c                aptDspSleep
 .text.aptDspWakeup
                0x00127e34        0x4 C:/devkitPro/libctru/lib\libctru.a(apt.o)
                0x00127e34                aptDspWakeup
 .text.aptDspCancel
                0x00127e38        0x4 C:/devkitPro/libctru/lib\libctru.a(apt.o)
                0x00127e38                aptDspCancel
 .text.aptSendCommand
                0x00127e3c      0x138 C:/devkitPro/libctru/lib\libctru.a(apt.o)
                0x00127e3c                aptSendCommand
 *fill*         0x00127f74        0x4 
 .text.aptExitProcess
                0x00127f78       0x44 C:/devkitPro/libctru/lib\libctru.a(apt.o)
 .text.aptExit  0x00127fbc      0x394 C:/devkitPro/libctru/lib\libctru.a(apt.o)
                0x00127fbc                aptExit
 .text.aptHandleSleep
                0x00128350       0xd8 C:/devkitPro/libctru/lib\libctru.a(apt.o)
                0x00128350                aptHandleSleep
 .text.aptHook  0x00128428       0x34 C:/devkitPro/libctru/lib\libctru.a(apt.o)
                0x00128428                aptHook
 .text.aptUnhook
                0x0012845c       0x30 C:/devkitPro/libctru/lib\libctru.a(apt.o)
                0x0012845c                aptUnhook
 .text.aptSetMessageCallback
                0x0012848c       0x1c C:/devkitPro/libctru/lib\libctru.a(apt.o)
                0x0012848c                aptSetMessageCallback
 .text.APT_SleepIfShellClosed
                0x001284a8       0x84 C:/devkitPro/libctru/lib\libctru.a(apt.o)
                0x001284a8                APT_SleepIfShellClosed
 .text.aptSetSleepAllowed
                0x0012852c       0x78 C:/devkitPro/libctru/lib\libctru.a(apt.o)
                0x0012852c                aptSetSleepAllowed
 .text.APT_UnlockTransition
                0x001285a4       0x84 C:/devkitPro/libctru/lib\libctru.a(apt.o)
                0x001285a4                APT_UnlockTransition
 .text.aptEventHandler
                0x00128628      0x470 C:/devkitPro/libctru/lib\libctru.a(apt.o)
 .text.APT_ReceiveParameter
                0x00128a98       0xbc C:/devkitPro/libctru/lib\libctru.a(apt.o)
                0x00128a98                APT_ReceiveParameter
 .text.aptReceiveParameter.constprop.0
                0x00128b54       0xb0 C:/devkitPro/libctru/lib\libctru.a(apt.o)
 *fill*         0x00128c04        0x4 
 .text.aptScreenTransfer
                0x00128c08      0x294 C:/devkitPro/libctru/lib\libctru.a(apt.o)
 .text.aptWaitForWakeUp.isra.0
                0x00128e9c      0x2d0 C:/devkitPro/libctru/lib\libctru.a(apt.o)
 .text.aptLaunchLibraryApplet
                0x0012916c      0x114 C:/devkitPro/libctru/lib\libctru.a(apt.o)
                0x0012916c                aptLaunchLibraryApplet
 .text.aptJumpToHomeMenu
                0x00129280       0xf4 C:/devkitPro/libctru/lib\libctru.a(apt.o)
                0x00129280                aptJumpToHomeMenu
 .text.aptMainLoop
                0x00129374       0x58 C:/devkitPro/libctru/lib\libctru.a(apt.o)
                0x00129374                aptMainLoop
 .text.aptInit  0x001293cc      0x240 C:/devkitPro/libctru/lib\libctru.a(apt.o)
                0x001293cc                aptInit
 .text.APT_SendParameter
                0x0012960c       0x5c C:/devkitPro/libctru/lib\libctru.a(apt.o)
                0x0012960c                APT_SendParameter
 .text.APT_CheckNew3DS
                0x00129668       0x90 C:/devkitPro/libctru/lib\libctru.a(apt.o)
                0x00129668                APT_CheckNew3DS
 .text.APT_GetSharedFont
                0x001296f8       0x48 C:/devkitPro/libctru/lib\libctru.a(apt.o)
                0x001296f8                APT_GetSharedFont
 .text.cfguInit
                0x00129740       0xa8 C:/devkitPro/libctru/lib\libctru.a(cfgu.o)
                0x00129740                cfguInit
 .text.cfguExit
                0x001297e8       0x3c C:/devkitPro/libctru/lib\libctru.a(cfgu.o)
                0x001297e8                cfguExit
 .text.CFGU_GetConfigInfoBlk2
                0x00129824       0x4c C:/devkitPro/libctru/lib\libctru.a(cfgu.o)
                0x00129824                CFGU_GetConfigInfoBlk2
 .text.fsInit   0x00129870      0x104 C:/devkitPro/libctru/lib\libctru.a(fs.o)
                0x00129870                fsInit
 .text.fsExit   0x00129974       0x3c C:/devkitPro/libctru/lib\libctru.a(fs.o)
                0x00129974                fsExit
 .text.fsExemptFromSession
                0x001299b0       0x68 C:/devkitPro/libctru/lib\libctru.a(fs.o)
                0x001299b0                fsExemptFromSession
 .text.fsUnexemptFromSession
                0x00129a18       0x50 C:/devkitPro/libctru/lib\libctru.a(fs.o)
                0x00129a18                fsUnexemptFromSession
 .text.FSUSER_OpenFile
                0x00129a68       0xcc C:/devkitPro/libctru/lib\libctru.a(fs.o)
                0x00129a68                FSUSER_OpenFile
 .text.FSUSER_OpenFileDirectly
                0x00129b34       0xcc C:/devkitPro/libctru/lib\libctru.a(fs.o)
                0x00129b34                FSUSER_OpenFileDirectly
 .text.FSUSER_DeleteFile
                0x00129c00       0xb8 C:/devkitPro/libctru/lib\libctru.a(fs.o)
                0x00129c00                FSUSER_DeleteFile
 .text.FSUSER_RenameFile
                0x00129cb8       0xf4 C:/devkitPro/libctru/lib\libctru.a(fs.o)
                0x00129cb8                FSUSER_RenameFile
 .text.FSUSER_DeleteDirectory
                0x00129dac       0xb8 C:/devkitPro/libctru/lib\libctru.a(fs.o)
                0x00129dac                FSUSER_DeleteDirectory
 .text.FSUSER_CreateFile
                0x00129e64       0xd0 C:/devkitPro/libctru/lib\libctru.a(fs.o)
                0x00129e64                FSUSER_CreateFile
 .text.FSUSER_CreateDirectory
                0x00129f34       0xc0 C:/devkitPro/libctru/lib\libctru.a(fs.o)
                0x00129f34                FSUSER_CreateDirectory
 .text.FSUSER_RenameDirectory
                0x00129ff4       0xf4 C:/devkitPro/libctru/lib\libctru.a(fs.o)
                0x00129ff4                FSUSER_RenameDirectory
 .text.FSUSER_OpenDirectory
                0x0012a0e8       0xb4 C:/devkitPro/libctru/lib\libctru.a(fs.o)
                0x0012a0e8                FSUSER_OpenDirectory
 .text.FSUSER_OpenArchive
                0x0012a19c       0x90 C:/devkitPro/libctru/lib\libctru.a(fs.o)
                0x0012a19c                FSUSER_OpenArchive
 .text.FSUSER_CloseArchive
                0x0012a22c       0x8c C:/devkitPro/libctru/lib\libctru.a(fs.o)
                0x0012a22c                FSUSER_CloseArchive
 .text.FSUSER_GetSdmcArchiveResource
                0x0012a2b8       0x74 C:/devkitPro/libctru/lib\libctru.a(fs.o)
                0x0012a2b8                FSUSER_GetSdmcArchiveResource
 .text.FSUSER_IsSdmcWritable
                0x0012a32c       0x64 C:/devkitPro/libctru/lib\libctru.a(fs.o)
                0x0012a32c                FSUSER_IsSdmcWritable
 .text.FSFILE_Read
                0x0012a390       0x64 C:/devkitPro/libctru/lib\libctru.a(fs.o)
                0x0012a390                FSFILE_Read
 .text.FSFILE_Write
                0x0012a3f4       0x6c C:/devkitPro/libctru/lib\libctru.a(fs.o)
                0x0012a3f4                FSFILE_Write
 .text.FSFILE_GetSize
                0x0012a460       0x44 C:/devkitPro/libctru/lib\libctru.a(fs.o)
                0x0012a460                FSFILE_GetSize
 .text.FSFILE_SetSize
                0x0012a4a4       0x28 C:/devkitPro/libctru/lib\libctru.a(fs.o)
                0x0012a4a4                FSFILE_SetSize
 .text.FSFILE_Close
                0x0012a4cc       0x3c C:/devkitPro/libctru/lib\libctru.a(fs.o)
                0x0012a4cc                FSFILE_Close
 .text.FSFILE_Flush
                0x0012a508       0x24 C:/devkitPro/libctru/lib\libctru.a(fs.o)
                0x0012a508                FSFILE_Flush
 .text.FSDIR_Read
                0x0012a52c       0x60 C:/devkitPro/libctru/lib\libctru.a(fs.o)
                0x0012a52c                FSDIR_Read
 .text.FSDIR_Close
                0x0012a58c       0x3c C:/devkitPro/libctru/lib\libctru.a(fs.o)
                0x0012a58c                FSDIR_Close
 .text.gspHardwareInit
                0x0012a5c8      0xc70 C:/devkitPro/libctru/lib\libctru.a(gspgpu.o)
 .text.gspInit  0x0012b238      0x288 C:/devkitPro/libctru/lib\libctru.a(gspgpu.o)
                0x0012b238                gspInit
 .text.gspExit  0x0012b4c0      0x104 C:/devkitPro/libctru/lib\libctru.a(gspgpu.o)
                0x0012b4c0                gspExit
 .text.gspHasGpuRight
                0x0012b5c4       0x10 C:/devkitPro/libctru/lib\libctru.a(gspgpu.o)
                0x0012b5c4                gspHasGpuRight
 .text.gspPresentBuffer
                0x0012b5d4       0xa4 C:/devkitPro/libctru/lib\libctru.a(gspgpu.o)
                0x0012b5d4                gspPresentBuffer
 .text.gspSetEventCallback
                0x0012b678       0x30 C:/devkitPro/libctru/lib\libctru.a(gspgpu.o)
                0x0012b678                gspSetEventCallback
 .text.gspWaitForEvent
                0x0012b6a8       0x50 C:/devkitPro/libctru/lib\libctru.a(gspgpu.o)
                0x0012b6a8                gspWaitForEvent
 .text.gspWaitForAnyEvent
                0x0012b6f8       0x4c C:/devkitPro/libctru/lib\libctru.a(gspgpu.o)
                0x0012b6f8                gspWaitForAnyEvent
 .text.gspEventThreadMain
                0x0012b744      0x154 C:/devkitPro/libctru/lib\libctru.a(gspgpu.o)
 .text.gspSubmitGxCommand
                0x0012b898      0x12c C:/devkitPro/libctru/lib\libctru.a(gspgpu.o)
                0x0012b898                gspSubmitGxCommand
 .text.GSPGPU_FlushDataCache
                0x0012b9c4       0x50 C:/devkitPro/libctru/lib\libctru.a(gspgpu.o)
                0x0012b9c4                GSPGPU_FlushDataCache
 .text.GSPGPU_SetLcdForceBlack
                0x0012ba14       0x34 C:/devkitPro/libctru/lib\libctru.a(gspgpu.o)
                0x0012ba14                GSPGPU_SetLcdForceBlack
 .text.GSPGPU_AcquireRight
                0x0012ba48       0x84 C:/devkitPro/libctru/lib\libctru.a(gspgpu.o)
                0x0012ba48                GSPGPU_AcquireRight
 .text.GSPGPU_ReleaseRight
                0x0012bacc       0x64 C:/devkitPro/libctru/lib\libctru.a(gspgpu.o)
                0x0012bacc                GSPGPU_ReleaseRight
 .text.GSPGPU_ImportDisplayCaptureInfo
                0x0012bb30       0x7c C:/devkitPro/libctru/lib\libctru.a(gspgpu.o)
                0x0012bb30                GSPGPU_ImportDisplayCaptureInfo
 .text.GSPGPU_SaveVramSysArea
                0x0012bbac       0x2c C:/devkitPro/libctru/lib\libctru.a(gspgpu.o)
                0x0012bbac                GSPGPU_SaveVramSysArea
 .text.GSPGPU_RestoreVramSysArea
                0x0012bbd8       0x2c C:/devkitPro/libctru/lib\libctru.a(gspgpu.o)
                0x0012bbd8                GSPGPU_RestoreVramSysArea
 .text.hidShouldUseIrrst
                0x0012bc04       0x24 C:/devkitPro/libctru/lib\libctru.a(hid.o)
                0x0012bc04                hidShouldUseIrrst
 .text.hidInit  0x0012bc28      0x1cc C:/devkitPro/libctru/lib\libctru.a(hid.o)
                0x0012bc28                hidInit
 .text.hidExit  0x0012bdf4       0xe8 C:/devkitPro/libctru/lib\libctru.a(hid.o)
                0x0012bdf4                hidExit
 .text.hidScanInput
                0x0012bedc      0x2a0 C:/devkitPro/libctru/lib\libctru.a(hid.o)
                0x0012bedc                hidScanInput
 .text.hidKeysHeld
                0x0012c17c       0x10 C:/devkitPro/libctru/lib\libctru.a(hid.o)
                0x0012c17c                hidKeysHeld
 .text.hidKeysDown
                0x0012c18c       0x10 C:/devkitPro/libctru/lib\libctru.a(hid.o)
                0x0012c18c                hidKeysDown
 .text.hidTouchRead
                0x0012c19c       0x18 C:/devkitPro/libctru/lib\libctru.a(hid.o)
                0x0012c19c                hidTouchRead
 .text.hidCircleRead
                0x0012c1b4       0x18 C:/devkitPro/libctru/lib\libctru.a(hid.o)
                0x0012c1b4                hidCircleRead
 .text.httpcInit
                0x0012c1cc      0x200 C:/devkitPro/libctru/lib\libctru.a(httpc.o)
                0x0012c1cc                httpcInit
 .text.httpcExit
                0x0012c3cc       0xbc C:/devkitPro/libctru/lib\libctru.a(httpc.o)
                0x0012c3cc                httpcExit
 .text.irrstInit
                0x0012c488      0x1a4 C:/devkitPro/libctru/lib\libctru.a(irrst.o)
                0x0012c488                irrstInit
 .text.irrstExit
                0x0012c62c       0xdc C:/devkitPro/libctru/lib\libctru.a(irrst.o)
                0x0012c62c                irrstExit
 .text.irrstScanInput
                0x0012c708       0xb4 C:/devkitPro/libctru/lib\libctru.a(irrst.o)
                0x0012c708                irrstScanInput
 .text.irrstKeysHeld
                0x0012c7bc       0x24 C:/devkitPro/libctru/lib\libctru.a(irrst.o)
                0x0012c7bc                irrstKeysHeld
 .text.ptmSysmInit
                0x0012c7e0       0x78 C:/devkitPro/libctru/lib\libctru.a(ptmsysm.o)
                0x0012c7e0                ptmSysmInit
 .text.ptmSysmExit
                0x0012c858       0x3c C:/devkitPro/libctru/lib\libctru.a(ptmsysm.o)
                0x0012c858                ptmSysmExit
 .text.PTMSYSM_ConfigureNew3DSCPU
                0x0012c894       0x34 C:/devkitPro/libctru/lib\libctru.a(ptmsysm.o)
                0x0012c894                PTMSYSM_ConfigureNew3DSCPU
 .text.closesocket
                0x0012c8c8       0x78 C:/devkitPro/libctru/lib\libctru.a(soc_closesocket.o)
                0x0012c8c8                closesocket
 .text.connect  0x0012c940      0x174 C:/devkitPro/libctru/lib\libctru.a(soc_connect.o)
                0x0012c940                connect
 .text.gethostbyname
                0x0012cab4      0x154 C:/devkitPro/libctru/lib\libctru.a(soc_gethostbyname.o)
                0x0012cab4                gethostbyname
 .text.inet_aton
                0x0012cc08      0x1a8 C:/devkitPro/libctru/lib\libctru.a(soc_inet_aton.o)
                0x0012cc08                inet_aton
 .text.soc_read
                0x0012cdb0       0x34 C:/devkitPro/libctru/lib\libctru.a(soc_init.o)
 .text.soc_write
                0x0012cde4       0x34 C:/devkitPro/libctru/lib\libctru.a(soc_init.o)
 .text.soc_close
                0x0012ce18       0xb0 C:/devkitPro/libctru/lib\libctru.a(soc_init.o)
 .text.socInit  0x0012cec8      0x190 C:/devkitPro/libctru/lib\libctru.a(soc_init.o)
                0x0012cec8                socInit
 .text.socExit  0x0012d058       0x88 C:/devkitPro/libctru/lib\libctru.a(soc_init.o)
                0x0012d058                socExit
 .text.recv     0x0012d0e0       0x20 C:/devkitPro/libctru/lib\libctru.a(soc_recv.o)
                0x0012d0e0                recv
 .text.socuipc_cmd7
                0x0012d100      0x148 C:/devkitPro/libctru/lib\libctru.a(soc_recvfrom.o)
                0x0012d100                socuipc_cmd7
 .text.socuipc_cmd8
                0x0012d248      0x168 C:/devkitPro/libctru/lib\libctru.a(soc_recvfrom.o)
                0x0012d248                socuipc_cmd8
 .text.soc_recvfrom
                0x0012d3b0       0x10 C:/devkitPro/libctru/lib\libctru.a(soc_recvfrom.o)
                0x0012d3b0                soc_recvfrom
 .text.recvfrom
                0x0012d3c0       0xa4 C:/devkitPro/libctru/lib\libctru.a(soc_recvfrom.o)
                0x0012d3c0                recvfrom
 .text.send     0x0012d464       0x20 C:/devkitPro/libctru/lib\libctru.a(soc_send.o)
                0x0012d464                send
 .text.socuipc_cmd9
                0x0012d484      0x15c C:/devkitPro/libctru/lib\libctru.a(soc_sendto.o)
                0x0012d484                socuipc_cmd9
 .text.socuipc_cmda
                0x0012d5e0      0x160 C:/devkitPro/libctru/lib\libctru.a(soc_sendto.o)
                0x0012d5e0                socuipc_cmda
 .text.soc_sendto
                0x0012d740       0x10 C:/devkitPro/libctru/lib\libctru.a(soc_sendto.o)
                0x0012d740                soc_sendto
 .text.sendto   0x0012d750       0xa4 C:/devkitPro/libctru/lib\libctru.a(soc_sendto.o)
                0x0012d750                sendto
 .text.socket   0x0012d7f4      0x16c C:/devkitPro/libctru/lib\libctru.a(soc_socket.o)
                0x0012d7f4                socket
 .text.swkbdMessageCallback
                0x0012d960      0x190 C:/devkitPro/libctru/lib\libctru.a(swkbd.o)
 .text.swkbdInit
                0x0012daf0       0x84 C:/devkitPro/libctru/lib\libctru.a(swkbd.o)
                0x0012daf0                swkbdInit
 .text.swkbdSetHintText
                0x0012db74       0x64 C:/devkitPro/libctru/lib\libctru.a(swkbd.o)
                0x0012db74                swkbdSetHintText
 .text.swkbdSetButton
                0x0012dbd8       0x88 C:/devkitPro/libctru/lib\libctru.a(swkbd.o)
                0x0012dbd8                swkbdSetButton
 .text.swkbdSetInitialText
                0x0012dc60        0x8 C:/devkitPro/libctru/lib\libctru.a(swkbd.o)
                0x0012dc60                swkbdSetInitialText
 .text.swkbdInputText
                0x0012dc68      0x3a8 C:/devkitPro/libctru/lib\libctru.a(swkbd.o)
                0x0012dc68                swkbdInputText
 .text.rbtree_find
                0x0012e010       0x74 C:/devkitPro/libctru/lib\libctru.a(rbtree_find.o)
                0x0012e010                rbtree_find
 .text.rbtree_init
                0x0012e084       0x10 C:/devkitPro/libctru/lib\libctru.a(rbtree_init.o)
                0x0012e084                rbtree_init
 .text.do_insert
                0x0012e094      0x198 C:/devkitPro/libctru/lib\libctru.a(rbtree_insert.o)
 .text.rbtree_insert
                0x0012e22c        0x8 C:/devkitPro/libctru/lib\libctru.a(rbtree_insert.o)
                0x0012e22c                rbtree_insert
 .text.rbtree_remove
                0x0012e234      0x310 C:/devkitPro/libctru/lib\libctru.a(rbtree_remove.o)
                0x0012e234                rbtree_remove
 .text.rbtree_rotate
                0x0012e544       0x90 C:/devkitPro/libctru/lib\libctru.a(rbtree_rotate.o)
                0x0012e544                rbtree_rotate
 .text.decode_utf8
                0x0012e5d4      0x140 C:/devkitPro/libctru/lib\libctru.a(decode_utf8.o)
                0x0012e5d4                decode_utf8
 .text.utf16_to_utf8
                0x0012e714       0xe8 C:/devkitPro/libctru/lib\libctru.a(utf16_to_utf8.o)
                0x0012e714                utf16_to_utf8
 .text.utf8_to_utf16
                0x0012e7fc       0xc0 C:/devkitPro/libctru/lib\libctru.a(utf8_to_utf16.o)
                0x0012e7fc                utf8_to_utf16
 *fill*         0x0012e8bc        0x4 
 .text.__system_allocateHeaps
                0x0012e8c0      0x1e8 C:/devkitPro/libctru/lib\libctru.a(allocateHeaps.o)
                0x0012e8c0                __system_allocateHeaps
 .text.__libctru_init
                0x0012eaa8       0x38 C:/devkitPro/libctru/lib\libctru.a(ctru_init.o)
                0x0012eaa8                __libctru_init
 .text.__system_initArgv
                0x0012eae0      0x16c C:/devkitPro/libctru/lib\libctru.a(initArgv.o)
                0x0012eae0                __system_initArgv
 .text.__syscall_getreent
                0x0012ec4c       0x30 C:/devkitPro/libctru/lib\libctru.a(syscalls.o)
                0x0012ec4c                __syscall_getreent
 .text.__syscall_gettod_r
                0x0012ec7c       0x64 C:/devkitPro/libctru/lib\libctru.a(syscalls.o)
                0x0012ec7c                __syscall_gettod_r
 .text.__syscall_lock_acquire
                0x0012ece0        0x4 C:/devkitPro/libctru/lib\libctru.a(syscalls.o)
                0x0012ece0                __syscall_lock_acquire
 .text.__syscall_lock_release
                0x0012ece4        0x4 C:/devkitPro/libctru/lib\libctru.a(syscalls.o)
                0x0012ece4                __syscall_lock_release
 .text.__syscall_lock_acquire_recursive
                0x0012ece8        0x4 C:/devkitPro/libctru/lib\libctru.a(syscalls.o)
                0x0012ece8                __syscall_lock_acquire_recursive
 .text.__syscall_lock_release_recursive
                0x0012ecec        0x4 C:/devkitPro/libctru/lib\libctru.a(syscalls.o)
                0x0012ecec                __syscall_lock_release_recursive
 .text.__syscall_exit
                0x0012ecf0        0x4 C:/devkitPro/libctru/lib\libctru.a(syscalls.o)
                0x0012ecf0                __syscall_exit
 .text.initThreadVars
                0x0012ecf4       0x54 C:/devkitPro/libctru/lib\libctru.a(syscalls.o)
                0x0012ecf4                initThreadVars
 .text.__system_initSyscalls
                0x0012ed48       0x80 C:/devkitPro/libctru/lib\libctru.a(syscalls.o)
                0x0012ed48                __system_initSyscalls
 .text.svcControlMemory
                0x0012edc8       0x20 C:/devkitPro/libctru/lib\libctru.a(svc.o)
                0x0012edc8                svcControlMemory
 .text.svcQueryMemory
                0x0012ede8       0x30 C:/devkitPro/libctru/lib\libctru.a(svc.o)
                0x0012ede8                svcQueryMemory
 .text.svcExitProcess
                0x0012ee18        0x8 C:/devkitPro/libctru/lib\libctru.a(svc.o)
                0x0012ee18                svcExitProcess
 .text.svcCreateThread
                0x0012ee20       0x20 C:/devkitPro/libctru/lib\libctru.a(svc.o)
                0x0012ee20                svcCreateThread
 .text.svcExitThread
                0x0012ee40        0x8 C:/devkitPro/libctru/lib\libctru.a(svc.o)
                0x0012ee40                svcExitThread
 .text.svcSleepThread
                0x0012ee48        0x8 C:/devkitPro/libctru/lib\libctru.a(svc.o)
                0x0012ee48                svcSleepThread
 .text.svcReleaseMutex
                0x0012ee50        0x8 C:/devkitPro/libctru/lib\libctru.a(svc.o)
                0x0012ee50                svcReleaseMutex
 .text.svcCreateEvent
                0x0012ee58       0x14 C:/devkitPro/libctru/lib\libctru.a(svc.o)
                0x0012ee58                svcCreateEvent
 .text.svcSignalEvent
                0x0012ee6c        0x8 C:/devkitPro/libctru/lib\libctru.a(svc.o)
                0x0012ee6c                svcSignalEvent
 .text.svcClearEvent
                0x0012ee74        0x8 C:/devkitPro/libctru/lib\libctru.a(svc.o)
                0x0012ee74                svcClearEvent
 .text.svcCreateMemoryBlock
                0x0012ee7c       0x18 C:/devkitPro/libctru/lib\libctru.a(svc.o)
                0x0012ee7c                svcCreateMemoryBlock
 .text.svcMapMemoryBlock
                0x0012ee94        0x8 C:/devkitPro/libctru/lib\libctru.a(svc.o)
                0x0012ee94                svcMapMemoryBlock
 .text.svcUnmapMemoryBlock
                0x0012ee9c        0x8 C:/devkitPro/libctru/lib\libctru.a(svc.o)
                0x0012ee9c                svcUnmapMemoryBlock
 .text.svcCreateAddressArbiter
                0x0012eea4       0x14 C:/devkitPro/libctru/lib\libctru.a(svc.o)
                0x0012eea4                svcCreateAddressArbiter
 .text.svcArbitrateAddressNoTimeout
                0x0012eeb8        0x8 C:/devkitPro/libctru/lib\libctru.a(svc.o)
                0x0012eeb8                svcArbitrateAddressNoTimeout
 .text.svcCloseHandle
                0x0012eec0        0x8 C:/devkitPro/libctru/lib\libctru.a(svc.o)
                0x0012eec0                svcCloseHandle
 .text.svcWaitSynchronization
                0x0012eec8        0x8 C:/devkitPro/libctru/lib\libctru.a(svc.o)
                0x0012eec8                svcWaitSynchronization
 .text.svcWaitSynchronizationN
                0x0012eed0       0x28 C:/devkitPro/libctru/lib\libctru.a(svc.o)
                0x0012eed0                svcWaitSynchronizationN
 .text.svcDuplicateHandle
                0x0012eef8       0x14 C:/devkitPro/libctru/lib\libctru.a(svc.o)
                0x0012eef8                svcDuplicateHandle
 .text.svcGetSystemTick
                0x0012ef0c        0x8 C:/devkitPro/libctru/lib\libctru.a(svc.o)
                0x0012ef0c                svcGetSystemTick
 .text.svcConnectToPort
                0x0012ef14       0x14 C:/devkitPro/libctru/lib\libctru.a(svc.o)
                0x0012ef14                svcConnectToPort
 .text.svcSendSyncRequest
                0x0012ef28        0x8 C:/devkitPro/libctru/lib\libctru.a(svc.o)
                0x0012ef28                svcSendSyncRequest
 .text.svcGetResourceLimit
                0x0012ef30       0x14 C:/devkitPro/libctru/lib\libctru.a(svc.o)
                0x0012ef30                svcGetResourceLimit
 .text.svcGetResourceLimitLimitValues
                0x0012ef44        0x8 C:/devkitPro/libctru/lib\libctru.a(svc.o)
                0x0012ef44                svcGetResourceLimitLimitValues
 .text.svcGetResourceLimitCurrentValues
                0x0012ef4c        0x8 C:/devkitPro/libctru/lib\libctru.a(svc.o)
                0x0012ef4c                svcGetResourceLimitCurrentValues
 .text.svcBreak
                0x0012ef54        0x8 C:/devkitPro/libctru/lib\libctru.a(svc.o)
                0x0012ef54                svcBreak
 .text.__aeabi_read_tp
                0x0012ef5c        0xc C:/devkitPro/libctru/lib\libctru.a(readtp.o)
                0x0012ef5c                __aeabi_read_tp
 .text.initSystem
                0x0012ef68       0x50 C:/devkitPro/libctru/lib\libctru.a(stack_adjust.o)
                0x0012ef68                initSystem
 .text.__ctru_exit
                0x0012efb8       0x14 C:/devkitPro/libctru/lib\libctru.a(stack_adjust.o)
                0x0012efb8                __ctru_exit
 .text.envGetHandle
                0x0012efcc       0x8c C:/devkitPro/libctru/lib\libctru.a(env.o)
                0x0012efcc                envGetHandle
 .text.envDestroyHandles
                0x0012f058       0x50 C:/devkitPro/libctru/lib\libctru.a(env.o)
                0x0012f058                envDestroyHandles
 .text.srvInit  0x0012f0a8      0x164 C:/devkitPro/libctru/lib\libctru.a(srv.o)
                0x0012f0a8                srvInit
 .text.srvExit  0x0012f20c       0x64 C:/devkitPro/libctru/lib\libctru.a(srv.o)
                0x0012f20c                srvExit
 .text.srvEnableNotification
                0x0012f270       0x60 C:/devkitPro/libctru/lib\libctru.a(srv.o)
                0x0012f270                srvEnableNotification
 .text.srvGetServiceHandleDirect
                0x0012f2d0       0xa0 C:/devkitPro/libctru/lib\libctru.a(srv.o)
                0x0012f2d0                srvGetServiceHandleDirect
 .text.srvGetServiceHandle
                0x0012f370       0x48 C:/devkitPro/libctru/lib\libctru.a(srv.o)
                0x0012f370                srvGetServiceHandle
 .text.srvSubscribe
                0x0012f3b8       0x34 C:/devkitPro/libctru/lib\libctru.a(srv.o)
                0x0012f3b8                srvSubscribe
 .text.srvReceiveNotification
                0x0012f3ec       0x60 C:/devkitPro/libctru/lib\libctru.a(srv.o)
                0x0012f3ec                srvReceiveNotification
 .text.srvPublishToSubscriber
                0x0012f44c       0x38 C:/devkitPro/libctru/lib\libctru.a(srv.o)
                0x0012f44c                srvPublishToSubscriber
 .text.mappableFindAddressWithin
                0x0012f484       0x90 C:/devkitPro/libctru/lib\libctru.a(mappable.o)
 .text.mappableInit
                0x0012f514       0x28 C:/devkitPro/libctru/lib\libctru.a(mappable.o)
                0x0012f514                mappableInit
 .text.mappableAlloc
                0x0012f53c       0x7c C:/devkitPro/libctru/lib\libctru.a(mappable.o)
                0x0012f53c                mappableAlloc
 .text.mappableFree
                0x0012f5b8        0x4 C:/devkitPro/libctru/lib\libctru.a(mappable.o)
                0x0012f5b8                mappableFree
 .text.srvPmGetSessionHandle
                0x0012f5bc        0xc C:/devkitPro/libctru/lib\libctru.a(srvpm.o)
                0x0012f5bc                srvPmGetSessionHandle
 .text._net_convert_error
                0x0012f5c8       0x3c C:/devkitPro/libctru/lib\libctru.a(soc_common.o)
                0x0012f5c8                _net_convert_error
 .text.rbtree_node_next
                0x0012f604       0x60 C:/devkitPro/libctru/lib\libctru.a(rbtree_iterator.o)
                0x0012f604                rbtree_node_next
 .text.decode_utf16
                0x0012f664       0x54 C:/devkitPro/libctru/lib\libctru.a(decode_utf16.o)
                0x0012f664                decode_utf16
 .text.encode_utf16
                0x0012f6b8       0x54 C:/devkitPro/libctru/lib\libctru.a(encode_utf16.o)
                0x0012f6b8                encode_utf16
 .text.encode_utf8
                0x0012f70c       0xe0 C:/devkitPro/libctru/lib\libctru.a(encode_utf8.o)
                0x0012f70c                encode_utf8
 .text.__appExit
                0x0012f7ec       0x30 C:/devkitPro/libctru/lib\libctru.a(appExit.o)
                0x0012f7ec                __appExit
 .text.__appInit
                0x0012f81c       0x30 C:/devkitPro/libctru/lib\libctru.a(appInit.o)
                0x0012f81c                __appInit
 .text.__libctru_exit
                0x0012f84c       0x90 C:/devkitPro/libctru/lib\libctru.a(ctru_exit.o)
                0x0012f84c                __libctru_exit
 .text.error_cmp
                0x0012f8dc       0x24 C:/devkitPro/libctru/lib\libctru.a(archive_dev.o)
 .text.archive_translate_error
                0x0012f900       0x50 C:/devkitPro/libctru/lib\libctru.a(archive_dev.o)
 .text.archive_seek
                0x0012f950       0xc0 C:/devkitPro/libctru/lib\libctru.a(archive_dev.o)
 .text._archiveInit.part.0
                0x0012fa10       0x78 C:/devkitPro/libctru/lib\libctru.a(archive_dev.o)
 .text.archiveFindDevice.part.0
                0x0012fa88      0x110 C:/devkitPro/libctru/lib\libctru.a(archive_dev.o)
 .text.archive_utf16path
                0x0012fb98      0x298 C:/devkitPro/libctru/lib\libctru.a(archive_dev.o)
 .text._archiveUnmountDeviceStruct.part.0
                0x0012fe30       0x98 C:/devkitPro/libctru/lib\libctru.a(archive_dev.o)
 .text._archiveMountDevice
                0x0012fec8      0x178 C:/devkitPro/libctru/lib\libctru.a(archive_dev.o)
 .text.archive_diropen
                0x00130040       0xf8 C:/devkitPro/libctru/lib\libctru.a(archive_dev.o)
 .text.archive_fstat
                0x00130138       0xac C:/devkitPro/libctru/lib\libctru.a(archive_dev.o)
 .text.archive_fsync
                0x001301e4       0x74 C:/devkitPro/libctru/lib\libctru.a(archive_dev.o)
 .text.archive_close
                0x00130258       0x74 C:/devkitPro/libctru/lib\libctru.a(archive_dev.o)
 .text.archive_dirclose
                0x001302cc       0x78 C:/devkitPro/libctru/lib\libctru.a(archive_dev.o)
 .text.sdmc_statvfs
                0x00130344       0xec C:/devkitPro/libctru/lib\libctru.a(archive_dev.o)
 .text.archive_chdir
                0x00130430       0xf8 C:/devkitPro/libctru/lib\libctru.a(archive_dev.o)
 .text.archive_ftruncate
                0x00130528       0x8c C:/devkitPro/libctru/lib\libctru.a(archive_dev.o)
 .text.archive_read
                0x001305b4       0xbc C:/devkitPro/libctru/lib\libctru.a(archive_dev.o)
 .text.archive_unlink
                0x00130670       0xa8 C:/devkitPro/libctru/lib\libctru.a(archive_dev.o)
 .text.archive_rmdir
                0x00130718       0xc0 C:/devkitPro/libctru/lib\libctru.a(archive_dev.o)
 .text.archive_mkdir
                0x001307d8       0xd8 C:/devkitPro/libctru/lib\libctru.a(archive_dev.o)
 .text.archive_stat
                0x001308b0      0x1a0 C:/devkitPro/libctru/lib\libctru.a(archive_dev.o)
 .text.archive_dirnext
                0x00130a50      0x164 C:/devkitPro/libctru/lib\libctru.a(archive_dev.o)
 .text.archive_write
                0x00130bb4      0x13c C:/devkitPro/libctru/lib\libctru.a(archive_dev.o)
 .text.archive_open
                0x00130cf0      0x254 C:/devkitPro/libctru/lib\libctru.a(archive_dev.o)
 .text.archive_rename
                0x00130f44      0x270 C:/devkitPro/libctru/lib\libctru.a(archive_dev.o)
 .text.archiveMountSdmc
                0x001311b4      0x1c8 C:/devkitPro/libctru/lib\libctru.a(archive_dev.o)
                0x001311b4                archiveMountSdmc
 .text.archiveUnmountAll
                0x0013137c       0x54 C:/devkitPro/libctru/lib\libctru.a(archive_dev.o)
                0x0013137c                archiveUnmountAll
 .text.ssl_hs_is_proper_fragment
                0x001313d0       0x7c C:/devkitPro/portlibs/3ds/lib\libmbedtls.a(ssl_msg.o)
 .text.ssl_check_ctr_renegotiate
                0x0013144c       0xd8 C:/devkitPro/portlibs/3ds/lib\libmbedtls.a(ssl_msg.o)
 .text.ssl_buffering_free_slot.isra.0
                0x00131524       0x5c C:/devkitPro/portlibs/3ds/lib\libmbedtls.a(ssl_msg.o)
 .text.mbedtls_ssl_set_timer
                0x00131580       0x58 C:/devkitPro/portlibs/3ds/lib\libmbedtls.a(ssl_msg.o)