Archive member included to satisfy reference by file (symbol)

C:/devkitPro/libctru/lib\libcitro2d.a(base.o)
                              main.o (C2D_Init)
C:/devkitPro/libctru/lib\libcitro2d.a(text.o)
                              debug_log.o (C2D_TextBufNew)
C:/devkitPro/libctru/lib\libcitro2d.a(render2d_shbin.o)
                              C:/devkitPro/libctru/lib\libcitro2d.a(base.o) (render2d_shbin)
C:/devkitPro/libctru/lib\libcitro2d.a(font.o)
                              C:/devkitPro/libctru/lib\libcitro2d.a(text.o) (C2D_FontGlyphIndexFromCodePoint)
C:/devkitPro/libctru/lib\libcitro3d.a(attribs.o)
                              C:/devkitPro/libctru/lib\libcitro2d.a(base.o) (AttrInfo_Init)
C:/devkitPro/libctru/lib\libcitro3d.a(base.o)
                              C:/devkitPro/libctru/lib\libcitro3d.a(attribs.o) (__C3D_Context)
C:/devkitPro/libctru/lib\libcitro3d.a(buffers.o)
                              C:/devkitPro/libctru/lib\libcitro2d.a(base.o) (BufInfo_Init)
C:/devkitPro/libctru/lib\libcitro3d.a(drawElements.o)
                              C:/devkitPro/libctru/lib\libcitro2d.a(base.o) (C3D_DrawElements)
C:/devkitPro/libctru/lib\libcitro3d.a(effect.o)
                              C:/devkitPro/libctru/lib\libcitro3d.a(base.o) (C3D_DepthMap)
C:/devkitPro/libctru/lib\libcitro3d.a(framebuffer.o)
                              C:/devkitPro/libctru/lib\libcitro3d.a(base.o) (C3Di_FrameBufBind)
C:/devkitPro/libctru/lib\libcitro3d.a(immediate.o)
                              C:/devkitPro/libctru/lib\libcitro3d.a(base.o) (C3D_ImmSendAttrib)
C:/devkitPro/libctru/lib\libcitro3d.a(proctex.o)
                              C:/devkitPro/libctru/lib\libcitro2d.a(base.o) (C3D_ProcTexInit)
C:/devkitPro/libctru/lib\libcitro3d.a(renderqueue.o)
                              C:/devkitPro/libctru/lib\libcitro3d.a(base.o) (C3Di_RenderQueueEnableVBlank)
C:/devkitPro/libctru/lib\libcitro3d.a(texenv.o)
                              C:/devkitPro/libctru/lib\libcitro2d.a(base.o) (C3D_GetTexEnv)
C:/devkitPro/libctru/lib\libcitro3d.a(texture.o)
                              image_loader.o (C3D_TexInitWithParams)
C:/devkitPro/libctru/lib\libcitro3d.a(uniforms.o)
                              C:/devkitPro/libctru/lib\libcitro3d.a(base.o) (C3D_UpdateUniforms)
C:/devkitPro/libctru/lib\libcitro3d.a(mtx_multiply.o)
                              C:/devkitPro/libctru/lib\libcitro2d.a(base.o) (Mtx_Multiply)
C:/devkitPro/libctru/lib\libcitro3d.a(mtx_ortho.o)
                              C:/devkitPro/libctru/lib\libcitro2d.a(base.o) (Mtx_Ortho)
C:/devkitPro/libctru/lib\libcitro3d.a(mtx_orthotilt.o)
                              C:/devkitPro/libctru/lib\libcitro2d.a(base.o) (Mtx_OrthoTilt)
C:/devkitPro/libctru/lib\libcitro3d.a(mtx_rotatez.o)
                              C:/devkitPro/libctru/lib\libcitro2d.a(base.o) (Mtx_RotateZ)
C:/devkitPro/libctru/lib\libcitro3d.a(mtx_scale.o)
                              C:/devkitPro/libctru/lib\libcitro2d.a(base.o) (Mtx_Scale)
C:/devkitPro/libctru/lib\libcitro3d.a(mtx_translate.o)
                              C:/devkitPro/libctru/lib\libcitro2d.a(base.o) (Mtx_Translate)
C:/devkitPro/libctru/lib\libctru.a(linear.o)
                              image_loader.o (linearAlloc)
C:/devkitPro/libctru/lib\libctru.a(mem_pool.o)
                              C:/devkitPro/libctru/lib\libctru.a(linear.o) (_ZN7MemPool8AllocateER8MemChunkmi)
C:/devkitPro/libctru/lib\libctru.a(vram.o)
                              C:/devkitPro/libctru/lib\libcitro3d.a(renderqueue.o) (vramAlloc)
C:/devkitPro/libctru/lib\libctru.a(font.o)
                              C:/devkitPro/libctru/lib\libcitro2d.a(text.o) (fontEnsureMapped)
C:/devkitPro/libctru/lib\libctru.a(gfx.o)
                              main.o (gfxSetWide)
C:/devkitPro/libctru/lib\libctru.a(os.o)
                              C:/devkitPro/libctru/lib\libcitro3d.a(buffers.o) (osConvertVirtToPhys)
C:/devkitPro/libctru/lib\libctru.a(romfs_dev.o)
                              main.o (romfsMountSelf)
C:/devkitPro/libctru/lib\libctru.a(synchronization.o)
                              debug_log.o (LightLock_Init)
C:/devkitPro/libctru/lib\libctru.a(thread.o)
                              screen_detail.o (threadCreate)
C:/devkitPro/libctru/lib\libctru.a(gpu.o)
                              C:/devkitPro/libctru/lib\libcitro3d.a(renderqueue.o) (gpuCmdBuf)
C:/devkitPro/libctru/lib\libctru.a(gx.o)
                              C:/devkitPro/libctru/lib\libcitro3d.a(renderqueue.o) (GX_BindQueue)
C:/devkitPro/libctru/lib\libctru.a(gxqueue.o)
                              C:/devkitPro/libctru/lib\libcitro3d.a(renderqueue.o) (gxCmdQueueClear)
C:/devkitPro/libctru/lib\libctru.a(shaderProgram.o)
                              C:/devkitPro/libctru/lib\libcitro2d.a(base.o) (shaderInstanceGetUniformLocation)
C:/devkitPro/libctru/lib\libctru.a(shbin.o)
[...]
Memory Configuration

Name             Origin             Length             Attributes
*default*        0x00000000         0xffffffff

Linker script and memory map

                0x00000000                        __sync_synchronize = __sync_synchronize_dmb
                0x00100000                        PROVIDE (__start__ = 0x100000)
                0x00100000                        . = __start__

.text           0x00100000    0x8789c
 *(.crt0)
 .crt0          0x00100000       0x94 C:/devkitPro/devkitARM/bin/../lib/gcc/arm-none-eabi/15.2.0/../../../../arm-none-eabi/lib/armv6k/fpu/3dsx_crt0.o
                0x00100000                _start
                0x00100008                __service_ptr
                0x0010000c                __apt_appid
                0x00100010                __heap_size
                0x00100014                __linear_heap_size
                0x00100018                __system_arglist
                0x0010001c                __system_runflags
 *(.init)
 .init          0x00100094        0xc C:/devkitPro/devkitARM/bin/../lib/gcc/arm-none-eabi/15.2.0/armv6k/fpu/crti.o
                0x00100094                _init
 .init          0x001000a0        0xc C:/devkitPro/devkitARM/bin/../lib/gcc/arm-none-eabi/15.2.0/armv6k/fpu/crtn.o
                0x001000ac                        . = ALIGN (0x4)
 *(.text)
 .text          0x001000ac      0x20c C:/devkitPro/devkitARM/bin/../lib/gcc/arm-none-eabi/15.2.0/armv6k/fpu\libgcc.a(_udivsi3.o)
                0x001000ac                __aeabi_uidiv
                0x001000ac                __udivsi3
                0x00100298                __aeabi_uidivmod
 .text          0x001002b8      0x240 C:/devkitPro/devkitARM/bin/../lib/gcc/arm-none-eabi/15.2.0/armv6k/fpu\libgcc.a(_divsi3.o)
                0x001002b8                __divsi3
                0x001002b8                __aeabi_idiv
                0x001004d8                __aeabi_idivmod
 .text          0x001004f8        0x4 C:/devkitPro/devkitARM/bin/../lib/gcc/arm-none-eabi/15.2.0/armv6k/fpu\libgcc.a(_dvmd_tls.o)
                0x001004f8                __aeabi_idiv0
                0x001004f8                __aeabi_ldiv0
 .text          0x001004fc      0x3c0 C:/devkitPro/devkitARM/bin/../lib/gcc/arm-none-eabi/15.2.0/armv6k/fpu\libgcc.a(_arm_addsubdf3.o)
                0x001004fc                __aeabi_drsub
                0x00100504                __aeabi_dsub
                0x00100504                __subdf3
                0x00100508                __aeabi_dadd
                0x00100508                __adddf3
                0x001007b4                __floatunsidf
                0x001007b4                __aeabi_ui2d
                0x001007d8                __floatsidf
                0x001007d8                __aeabi_i2d
                0x00100800                __aeabi_f2d
                0x00100800                __extendsfdf2
                0x00100848                __floatundidf
                0x00100848                __aeabi_ul2d
                0x0010085c                __floatdidf
                0x0010085c                __aeabi_l2d
 .text          0x001008bc       0xd4 C:/devkitPro/devkitARM/bin/../lib/gcc/arm-none-eabi/15.2.0/armv6k/fpu\libgcc.a(_aeabi_ldivmod.o)
                0x001008bc                __aeabi_ldivmod
 .text          0x00100990       0x3c C:/devkitPro/devkitARM/bin/../lib/gcc/arm-none-eabi/15.2.0/armv6k/fpu\libgcc.a(_aeabi_uldivmod.o)
                0x00100990                __aeabi_uldivmod
 *fill*         0x001009cc       0x14 
 .text          0x001009e0      0x390 C:/devkitPro/devkitARM/bin/../lib/gcc/arm-none-eabi/15.2.0/../../../../arm-none-eabi/lib/armv6k/fpu\libg.a(libc_a-strcmp.o)
                0x001009e8                strcmp
 *(.text.*)
 .text.__do_global_dtors_aux
                0x00100d70       0x50 C:/devkitPro/devkitARM/bin/../lib/gcc/arm-none-eabi/15.2.0/armv6k/fpu/crtbegin.o
 .text.frame_dummy
                0x00100dc0       0x2c C:/devkitPro/devkitARM/bin/../lib/gcc/arm-none-eabi/15.2.0/armv6k/fpu/crtbegin.o
 .text.app_init
                0x00100dec       0xb4 app.o
                0x00100dec                app_init
 .text.app_fini
                0x00100ea0       0x74 app.o
                0x00100ea0                app_fini
 .text.app_tick
                0x00100f14       0x44 app.o
                0x00100f14                app_tick
 .text.app_transition
                0x00100f58      0x11c app.o
                0x00100f58                app_transition
 .text.app_save_config
                0x00101074       0x88 app.o
                0x00101074                app_save_config
 .text.config_load
                0x001010fc      0x294 config.o
                0x001010fc                config_load
 .text.config_save
                0x00101390      0x114 config.o
                0x00101390                config_save
 .text.cover_cache_read
                0x001014a4      0x1a0 cover_cache.o
                0x001014a4                cover_cache_read
 .text.cover_cache_write
                0x00101644      0x204 cover_cache.o
                0x00101644                cover_cache_write
 .text.derive_key
                0x00101848       0xf4 cred_crypto.o
 .text.cred_encrypt_password
                0x0010193c      0x28c cred_crypto.o
                0x0010193c                cred_encrypt_password
 .text.cred_decrypt_password
                0x00101bc8      0x1ec cred_crypto.o
                0x00101bc8                cred_decrypt_password
 .text.draw_line.part.0
                0x00101db4       0x9c debug_log.o
 .text.dlog_fini
                0x00101e50       0x40 debug_log.o
                0x00101e50                dlog_fini
 .text.dlog     0x00101e90       0xd8 debug_log.o
                0x00101e90                dlog
 .text.dlog_init
                0x00101f68       0xd0 debug_log.o
                0x00101f68                dlog_init
 .text.dlog_overlay_tick
                0x00102038      0x3e0 debug_log.o
                0x00102038                dlog_overlay_tick
 .text.is_remote_or_data_url
                0x00102418       0x64 epub_reader.o
 .text.extract_attr
                0x0010247c       0xe0 epub_reader.o
 .text.path_resolve.constprop.0
                0x0010255c      0x1f0 epub_reader.o
 .text.looks_like_local_image_path
                0x0010274c       0xd0 epub_reader.o
 .text.uri_decode_inplace
                0x0010281c      0x114 epub_reader.o
 .text.epub_reader_close
                0x00102930       0xa4 epub_reader.o
                0x00102930                epub_reader_close
 .text.epub_reader_is_open
                0x001029d4       0x10 epub_reader.o
                0x001029d4                epub_reader_is_open
 .text.epub_reader_open_chapter
                0x001029e4      0x8c0 epub_reader.o
                0x001029e4                epub_reader_open_chapter
 .text.epub_reader_get_page_payload
                0x001032a4      0xdf0 epub_reader.o
                0x001032a4                epub_reader_get_page_payload
 .text.istrstr  0x00104094       0xb4 http_client.o
 .text.tls_recv
                0x00104148       0x2c http_client.o
 .text.tls_send
                0x00104174       0x1c http_client.o
 .text.conn_send_all
                0x00104190       0xb0 http_client.o
 .text.do_request
                0x00104240      0xc30 http_client.o
 .text.http_get
                0x00104e70       0x2c http_client.o
                0x00104e70                http_get
 .text.http_get_binary
                0x00104e9c       0x2c http_client.o
                0x00104e9c                http_get_binary
 .text.http_post_json
                0x00104ec8       0x2c http_client.o
                0x00104ec8                http_post_json
 .text.http_response_free
                0x00104ef4       0x2c http_client.o
                0x00104ef4                http_response_free
 .text.stbi__mad3sizes_valid
                0x00104f20       0xac image_loader.o
 .text.stbi__refill_buffer
                0x00104fcc       0x64 image_loader.o
 .text.stbi__idct_block
                0x00105030      0x424 image_loader.o
 .text.resample_row_1
                0x00105454        0x8 image_loader.o
 .text.stbi__resample_row_v_2
                0x0010545c       0x4c image_loader.o
 .text.stbi__resample_row_hv_2
                0x001054a8       0xa8 image_loader.o
 .text.stbi__resample_row_generic
                0x00105550       0x74 image_loader.o
 .text.stbi__YCbCr_to_RGB_row
                0x001055c4       0xe8 image_loader.o
 .text.stbi__bitreverse16
                0x001056ac       0x6c image_loader.o
 .text.stbi__fill_bits
                0x00105718       0x5c image_loader.o
 .text.stbi__zhuffman_decode
                0x00105774      0x154 image_loader.o
 .text.stbi__out_gif_code
                0x001058c8      0x114 image_loader.o
 .text.stbi__build_huffman
                0x001059dc      0x1b0 image_loader.o
 .text.stbi__zexpand
                0x00105b8c       0xd0 image_loader.o
 .text.stbi__vertical_flip
                0x00105c5c       0xb4 image_loader.o
 .text.stbi__resample_row_h_2
                0x00105d10       0xe8 image_loader.o
 .text.stbi__create_png_alpha_expand8
                0x00105df8       0xa8 image_loader.o
 .text.stbi__free_jpeg_components.constprop.0
                0x00105ea0       0x8c image_loader.o
 .text.stbi__zbuild_huffman
                0x00105f2c      0x1e0 image_loader.o
 .text.stbi__malloc_mad2
                0x0010610c       0x7c image_loader.o
 .text.stbi__skip
                0x00106188       0x58 image_loader.o
 .text.stbi__malloc_mad3
                0x001061e0       0xb4 image_loader.o
 .text.stbi__convert_format
                0x00106294      0x844 image_loader.o
 .text.stbi__create_png_image_raw
                0x00106ad8      0x828 image_loader.o
 .text.stbi__gif_parse_colortable
                0x00107300       0xfc image_loader.o
 .text.stbi__compute_huffman_codes
                0x001073fc      0x2d4 image_loader.o
 .text.stbi__parse_zlib
                0x001076d0      0x5e0 image_loader.o
 .text.stbi__get16be
                0x00107cb0       0xc0 image_loader.o
 .text.stbi__get16le
                0x00107d70       0xbc image_loader.o
 .text.stbi__get32be
                0x00107e2c      0x18c image_loader.o
 .text.stbi__get_marker
                0x00107fb8       0xf4 image_loader.o
 .text.stbi__grow_buffer_unsafe
                0x001080ac      0x100 image_loader.o
 .text.stbi__extend_receive
                0x001081ac       0x90 image_loader.o
 .text.stbi__jpeg_huff_decode
                0x0010823c      0x164 image_loader.o
 .text.stbi__jpeg_decode_block
                0x001083a0      0x2c8 image_loader.o
 .text.stbi__jpeg_decode_block_prog_dc
                0x00108668      0x24c image_loader.o
 .text.stbi__gif_test_raw
                0x001088b4      0x1b8 image_loader.o
 .text.stbi__gif_header
                0x00108a6c      0x41c image_loader.o
 .text.stbi__gif_load_next.isra.0
                0x00108e88      0xb4c image_loader.o
 .text.stbi__gif_load.isra.0
                0x001099d4       0xd8 image_loader.o
 .text.stbi__process_marker
                0x00109aac      0x7f0 image_loader.o
 .text.stbi__decode_jpeg_header
                0x0010a29c      0x914 image_loader.o
 .text.stbi_zlib_decode_malloc_guesssize_headerflag
                0x0010abb0       0xa0 image_loader.o
                0x0010abb0                stbi_zlib_decode_malloc_guesssize_headerflag
 .text.stbi__parse_png_file
                0x0010ac50     0x1310 image_loader.o
 .text.stbi__load_main.isra.0
                0x0010bf60     0x2a64 image_loader.o
 .text.stbi__load_and_postprocess_8bit
                0x0010e9c4      0x168 image_loader.o
 .text.image_prepare_from_mem
                0x0010eb2c      0x660 image_loader.o
                0x0010eb2c                image_prepare_from_mem
 .text.image_upload_prepared
                0x0010f18c      0x168 image_loader.o
                0x0010f18c                image_upload_prepared
 .text.image_prepared_free
                0x0010f2f4       0x4c image_loader.o
                0x0010f2f4                image_prepared_free
 .text.image_texture_free
                0x0010f340       0x38 image_loader.o
                0x0010f340                image_texture_free
 .text.image_fit_dims
                0x0010f378       0xa4 image_loader.o
                0x0010f378                image_fit_dims
 .text.copy_api_key_from_auth_keys_array
                0x0010f41c       0xac kavita_api.o
 .text.kavita_login
                0x0010f4c8      0x534 kavita_api.o
                0x0010f4c8                kavita_login
 .text.kavita_get_libraries
                0x0010f9fc      0x17c kavita_api.o
                0x0010f9fc                kavita_get_libraries
 .text.kavita_get_series
                0x0010fb78      0x3b8 kavita_api.o
                0x0010fb78                kavita_get_series
 .text.kavita_get_series_detail
                0x0010ff30      0x944 kavita_api.o
                0x0010ff30                kavita_get_series_detail
 .text.kavita_save_progress
                0x00110874      0x110 kavita_api.o
                0x00110874                kavita_save_progress
 .text.kavita_cover_url
                0x00110984       0x48 kavita_api.o
                0x00110984                kavita_cover_url
 .text.kavita_volume_cover_url
                0x001109cc       0x48 kavita_api.o
                0x001109cc                kavita_volume_cover_url
 .text.kavita_chapter_cover_url
                0x00110a14       0x48 kavita_api.o
                0x00110a14                kavita_chapter_cover_url
 .text.kavita_chapter_download_url
                0x00110a5c       0x30 kavita_api.o
                0x00110a5c                kavita_chapter_download_url
 .text.kavita_page_url
                0x00110a8c       0x48 kavita_api.o
                0x00110a8c                kavita_page_url
 .text.kavita_get_chapter_info_pages
                0x00110ad4       0xf4 kavita_api.o
                0x00110ad4                kavita_get_chapter_info_pages
 .text.startup.main
                0x00110bc8      0x12c main.o
                0x00110bc8                main
 .text.reader_page_cache_clear
                0x00110cf4       0xa8 reader_page_cache.o
                0x00110cf4                reader_page_cache_clear
 .text.reader_page_cache_exists
                0x00110d9c       0x54 reader_page_cache.o
                0x00110d9c                reader_page_cache_exists
 .text.reader_page_cache_delete_pages_before
                0x00110df0       0xb0 reader_page_cache.o
                0x00110df0                reader_page_cache_delete_pages_before
 .text.reader_page_cache_read
                0x00110ea0      0x120 reader_page_cache.o
                0x00110ea0                reader_page_cache_read
 .text.reader_page_cache_write
                0x00110fc0      0x314 reader_page_cache.o
                0x00110fc0                reader_page_cache_write
 .text.detail_thread
                0x001112d4       0x40 screen_detail.o
 .text.cover_worker
                0x00111314      0x294 screen_detail.o
 .text.detail_format_chapter_label
                0x001115a8      0x10c screen_detail.o
 .text.detail_start_cover_load
                0x001116b4      0x244 screen_detail.o
 .text.screen_detail_init
                0x001118f8       0xdc screen_detail.o
                0x001118f8                screen_detail_init
 .text.screen_detail_fini
                0x001119d4       0xd8 screen_detail.o
                0x001119d4                screen_detail_fini
 .text.screen_detail_tick
                0x00111aac      0xea0 screen_detail.o
                0x00111aac                screen_detail_tick
 .text.fetch_thread
                0x0011294c       0x3c screen_libraries.o
 .text.screen_libraries_init
                0x00112988       0x60 screen_libraries.o
                0x00112988                screen_libraries_init
 .text.screen_libraries_fini
                0x001129e8       0x38 screen_libraries.o
                0x001129e8                screen_libraries_fini
 .text.screen_libraries_tick
                0x00112a20      0x748 screen_libraries.o
                0x00112a20                screen_libraries_tick
 .text.spread_side_ready
                0x00113168       0x94 screen_reader.o
 .text.reader_epub_dual_column
                0x001131fc       0x60 screen_reader.o
 .text.reader_epub_line_step
                0x0011325c       0x70 screen_reader.o
 .text.epub_lines_on_spread_from
                0x001132cc       0xa0 screen_reader.o
 .text.epub_line_table_push
                0x0011336c       0xc0 screen_reader.o
 .text.prefetch_thread
                0x0011342c       0xb4 screen_reader.o
 .text.fetch_page_thread
                0x001134e0      0x3a8 screen_reader.o
 .text.progress_thread
                0x00113888       0x6c screen_reader.o
 .text.start_fetch
                0x001138f4       0xac screen_reader.o
 .text.discard_pending_page.part.0
                0x001139a0       0x6c screen_reader.o
 .text.reader_epub_draw_line_at.part.0.constprop.0
                0x00113a0c       0xc0 screen_reader.o
 .text.reader_epub_flush_line.part.0.constprop.0
                0x00113acc       0xc0 screen_reader.o
 .text.clamp_pan_y.constprop.0
                0x00113b8c       0xc4 screen_reader.o
 .text.clamp_pan_x.constprop.0
                0x00113c50       0xc8 screen_reader.o
 .text.reader_text_centered_z.constprop.0
                0x00113d18       0xb8 screen_reader.o
 .text.reader_spinner_draw.constprop.0
                0x00113dd0      0x108 screen_reader.o
 .text.draw_portrait_page_zoom.part.0.constprop.0
                0x00113ed8      0x104 screen_reader.o
 .text.reader_epub_text_layout.constprop.0
                0x00113fdc      0x248 screen_reader.o
 .text.fire_save_progress
                0x00114224       0xf8 screen_reader.o
 .text.can_advance_spread
                0x0011431c       0xac screen_reader.o
 .text.spread_free
                0x001143c8       0xa0 screen_reader.o
 .text.spread_move_into
                0x00114468       0xb0 screen_reader.o
 .text.epub_rebuild_wrapped_lines.constprop.0
                0x00114518      0x344 screen_reader.o
 .text.reader_epub_maybe_rebuild_lines
                0x0011485c       0x78 screen_reader.o
 .text.curr_spread_complete
                0x001148d4       0xbc screen_reader.o
 .text.next_spread_ready
                0x00114990      0x1ac screen_reader.o
 .text.try_start_fetch.part.0
                0x00114b3c      0x280 screen_reader.o
 .text.screen_reader_init
                0x00114dbc      0x124 screen_reader.o
                0x00114dbc                screen_reader_init
 .text.screen_reader_fini
                0x00114ee0      0x150 screen_reader.o
                0x00114ee0                screen_reader_fini
 .text.screen_reader_tick
                0x00115030     0x1b24 screen_reader.o
                0x00115030                screen_reader_tick
 .text.visible_cell_indices
                0x00116b54      0x1e8 screen_series.o
 .text.series_sync_scroll
                0x00116d3c      0x144 screen_series.o
 .text.list_thread
                0x00116e80       0xdc screen_series.o
 .text.cover_fetch_thread
                0x00116f5c      0x1cc screen_series.o
 .text.series_spinner_draw.constprop.0
                0x00117128      0x108 screen_series.o
 .text.series_text_centered_z.constprop.0
                0x00117230       0xc4 screen_series.o
 .text.series_clamp_pan_y.constprop.0
                0x001172f4       0xc4 screen_series.o
 .text.series_clamp_pan_x.constprop.0
                0x001173b8       0xc8 screen_series.o
 .text.series_draw_portrait_cover_zoom.constprop.0
                0x00117480      0x10c screen_series.o
 .text.kick_cover_worker.part.0
                0x0011758c      0x1f8 screen_series.o
 .text.screen_series_init
                0x00117784      0x11c screen_series.o
                0x00117784                screen_series_init
 .text.screen_series_fini
                0x001178a0       0xf8 screen_series.o
                0x001178a0                screen_series_fini
 .text.screen_series_tick
                0x00117998     0x1c3c screen_series.o
                0x00117998                screen_series_tick
 .text.screen_settings_init
                0x001195d4       0x14 screen_settings.o
                0x001195d4                screen_settings_init
 .text.screen_settings_fini
                0x001195e8        0x4 screen_settings.o
                0x001195e8                screen_settings_fini
 .text.screen_settings_tick
                0x001195ec      0x5c4 screen_settings.o
                0x001195ec                screen_settings_tick
 .text.login_thread
                0x00119bb0       0x58 screen_setup.o
 .text.prompt_text.constprop.0
                0x00119c08       0xf0 screen_setup.o
 .text.screen_setup_init
                0x00119cf8       0x50 screen_setup.o
                0x00119cf8                screen_setup_init
 .text.screen_setup_fini
                0x00119d48       0x4c screen_setup.o
                0x00119d48                screen_setup_fini
 .text.screen_setup_tick
                0x00119d94      0x698 screen_setup.o
                0x00119d94                screen_setup_tick
 .text.ui_spinner_tick
                0x0011a42c       0x2c ui.o
                0x0011a42c                ui_spinner_tick
 .text.ui_rect  0x0011a458       0x70 ui.o
                0x0011a458                ui_rect
 .text.ui_text  0x0011a4c8       0xb0 ui.o
                0x0011a4c8                ui_text
 .text.ui_text_centered
                0x0011a578       0xd4 ui.o
                0x0011a578                ui_text_centered
 .text.ui_text_truncated
                0x0011a64c      0x14c ui.o
                0x0011a64c                ui_text_truncated
 .text.ui_labeled_button
                0x0011a798      0x2c8 ui.o
                0x0011a798                ui_labeled_button
 .text.ui_spinner
                0x0011aa60      0x120 ui.o
                0x0011aa60                ui_spinner
 .text.ui_progress_bar
                0x0011ab80       0xd8 ui.o
                0x0011ab80                ui_progress_bar
 .text.ui_touched
                0x0011ac58       0xa4 ui.o
                0x0011ac58                ui_touched
 .text.exists_cb
                0x0011acfc       0x20 zip_mem.o
 .text.suf_cb   0x0011ad1c       0x90 zip_mem.o
 .text.cd_next_record.constprop.0.isra.0
                0x0011adac       0xe4 zip_mem.o
 .text.zip_walk
                0x0011ae90       0xb4 zip_mem.o
 .text.zip_open
                0x0011af44      0x120 zip_mem.o
                0x0011af44                zip_open
 .text.zip_close
                0x0011b064        0x4 zip_mem.o
                0x0011b064                zip_close
 .text.zip_exists_ci
                0x0011b068       0x30 zip_mem.o
                0x0011b068                zip_exists_ci
 .text.zip_find_suffix_ci
                0x0011b098       0x54 zip_mem.o
                0x0011b098                zip_find_suffix_ci
 .text.zip_read_file
                0x0011b0ec      0x268 zip_mem.o
                0x0011b0ec                zip_read_file
 .text.parse_hex4
                0x0011b354       0x70 cJSON.o
 .text.parse_string
                0x0011b3c4      0x3a4 cJSON.o
 .text.buffer_skip_whitespace
                0x0011b768       0x6c cJSON.o
 .text.ensure   0x0011b7d4      0x138 cJSON.o
 .text.print_string_ptr
                0x0011b90c      0x220 cJSON.o
 .text.get_object_item
                0x0011bb2c       0xe4 cJSON.o
 .text.print_value
                0x0011bc10      0x684 cJSON.o
 .text.print.constprop.0
                0x0011c294      0x14c cJSON.o
 .text.add_item_to_object.constprop.0
                0x0011c3e0       0xf8 cJSON.o
 .text.cJSON_Delete
                0x0011c4d8       0xac cJSON.o
                0x0011c4d8                cJSON_Delete
 *fill*         0x0011c584        0x4 
 .text.parse_value
                0x0011c588      0x548 cJSON.o
 .text.cJSON_ParseWithLengthOpts
                0x0011cad0      0x1dc cJSON.o
                0x0011cad0                cJSON_ParseWithLengthOpts
 .text.cJSON_Parse
                0x0011ccac       0x2c cJSON.o
                0x0011ccac                cJSON_Parse
 .text.cJSON_PrintUnformatted
                0x0011ccd8        0x8 cJSON.o
                0x0011ccd8                cJSON_PrintUnformatted
 .text.cJSON_GetArraySize
                0x0011cce0       0x34 cJSON.o
                0x0011cce0                cJSON_GetArraySize
 .text.cJSON_GetArrayItem
                0x0011cd14       0x50 cJSON.o
                0x0011cd14                cJSON_GetArrayItem
 .text.cJSON_GetObjectItemCaseSensitive
                0x0011cd64        0x8 cJSON.o
                0x0011cd64                cJSON_GetObjectItemCaseSensitive
 .text.cJSON_AddItemToArray
                0x0011cd6c       0x5c cJSON.o
                0x0011cd6c                cJSON_AddItemToArray
 .text.cJSON_AddBoolToObject
                0x0011cdc8       0x90 cJSON.o
                0x0011cdc8                cJSON_AddBoolToObject
 .text.cJSON_AddNumberToObject
                0x0011ce58       0xe4 cJSON.o
                0x0011ce58                cJSON_AddNumberToObject
 .text.cJSON_AddStringToObject
                0x0011cf3c       0xd4 cJSON.o
                0x0011cf3c                cJSON_AddStringToObject
 .text.cJSON_AddObjectToObject
                0x0011d010       0x84 cJSON.o
                0x0011d010                cJSON_AddObjectToObject
 .text.cJSON_AddArrayToObject
                0x0011d094       0x84 cJSON.o
                0x0011d094                cJSON_AddArrayToObject
 .text.cJSON_CreateObject
                0x0011d118       0x4c cJSON.o
                0x0011d118                cJSON_CreateObject
 .text.cJSON_IsTrue
                0x0011d164       0x18 cJSON.o
                0x0011d164                cJSON_IsTrue
 .text.cJSON_IsBool
                0x0011d17c       0x18 cJSON.o
                0x0011d17c                cJSON_IsBool
 .text.cJSON_IsNumber
                0x0011d194       0x18 cJSON.o
                0x0011d194                cJSON_IsNumber
 .text.cJSON_IsString
                0x0011d1ac       0x18 cJSON.o
                0x0011d1ac                cJSON_IsString
 .text.cJSON_IsArray
                0x0011d1c4       0x18 cJSON.o
                0x0011d1c4                cJSON_IsArray
 .text.C2Di_FrameEndHook
                0x0011d1dc       0x44 C:/devkitPro/libctru/lib\libcitro2d.a(base.o)
 .text.C2D_Init
                0x0011d220      0x368 C:/devkitPro/libctru/lib\libcitro2d.a(base.o)
                0x0011d220                C2D_Init
 .text.C2D_Fini
                0x0011d588       0x4c C:/devkitPro/libctru/lib\libcitro2d.a(base.o)
                0x0011d588                C2D_Fini
 .text.C2D_Prepare
                0x0011d5d4       0xbc C:/devkitPro/libctru/lib\libcitro2d.a(base.o)
                0x0011d5d4                C2D_Prepare
 .text.C2D_Flush
                0x0011d690       0x48 C:/devkitPro/libctru/lib\libcitro2d.a(base.o)
                0x0011d690                C2D_Flush
 .text.C2D_SceneSize
                0x0011d6d8       0xfc C:/devkitPro/libctru/lib\libcitro2d.a(base.o)
                0x0011d6d8                C2D_SceneSize
 .text.C2D_ViewSave
                0x0011d7d4       0x34 C:/devkitPro/libctru/lib\libcitro2d.a(base.o)
                0x0011d7d4                C2D_ViewSave
 .text.C2D_ViewRestore
                0x0011d808       0x4c C:/devkitPro/libctru/lib\libcitro2d.a(base.o)
                0x0011d808                C2D_ViewRestore
 .text.C2D_ViewTranslate
                0x0011d854       0x40 C:/devkitPro/libctru/lib\libcitro2d.a(base.o)
                0x0011d854                C2D_ViewTranslate
 .text.C2D_ViewRotate
                0x0011d894       0x38 C:/devkitPro/libctru/lib\libcitro2d.a(base.o)
                0x0011d894                C2D_ViewRotate
 .text.C2D_CreateScreenTarget
                0x0011d8cc       0x60 C:/devkitPro/libctru/lib\libcitro2d.a(base.o)
                0x0011d8cc                C2D_CreateScreenTarget
 .text.C2D_TargetClear
                0x0011d92c       0x60 C:/devkitPro/libctru/lib\libcitro2d.a(base.o)
                0x0011d92c                C2D_TargetClear
 .text.C2Di_CalcQuad
                0x0011d98c      0x14c C:/devkitPro/libctru/lib\libcitro2d.a(base.o)
                0x0011d98c                C2Di_CalcQuad
 .text.C2Di_AppendQuad
                0x0011dad8       0x54 C:/devkitPro/libctru/lib\libcitro2d.a(base.o)
                0x0011dad8                C2Di_AppendQuad
 .text.C2Di_AppendVtx
                0x0011db2c       0x40 C:/devkitPro/libctru/lib\libcitro2d.a(base.o)
                0x0011db2c                C2Di_AppendVtx
 .text.C2Di_Update
                0x0011db6c      0x738 C:/devkitPro/libctru/lib\libcitro2d.a(base.o)
                0x0011db6c                C2Di_Update
 .text.C2D_DrawImage
                0x0011e2a4      0x2e8 C:/devkitPro/libctru/lib\libcitro2d.a(base.o)
                0x0011e2a4                C2D_DrawImage
 .text.C2D_DrawLine
                0x0011e58c      0x1e0 C:/devkitPro/libctru/lib\libcitro2d.a(base.o)
                0x0011e58c                C2D_DrawLine
 .text.C2D_DrawRectangle
                0x0011e76c      0x168 C:/devkitPro/libctru/lib\libcitro2d.a(base.o)
                0x0011e76c                C2D_DrawRectangle
 .text.C2D_DrawEllipse
                0x0011e8d4      0x174 C:/devkitPro/libctru/lib\libcitro2d.a(base.o)
                0x0011e8d4                C2D_DrawEllipse
 .text.C2Di_GlyphComp
                0x0011ea48       0x18 C:/devkitPro/libctru/lib\libcitro2d.a(text.o)
 .text.C2Di_CalcLineWidths
                0x0011ea60      0x180 C:/devkitPro/libctru/lib\libcitro2d.a(text.o)
 .text.C2D_TextBufNew
                0x0011ebe0      0x1d0 C:/devkitPro/libctru/lib\libcitro2d.a(text.o)
                0x0011ebe0                C2D_TextBufNew
 .text.C2D_TextBufDelete
                0x0011edb0        0x4 C:/devkitPro/libctru/lib\libcitro2d.a(text.o)
                0x0011edb0                C2D_TextBufDelete
 .text.C2D_TextBufClear
                0x0011edb4        0xc C:/devkitPro/libctru/lib\libcitro2d.a(text.o)
                0x0011edb4                C2D_TextBufClear
 .text.C2D_TextFontParseLine
                0x0011edc0      0x1c4 C:/devkitPro/libctru/lib\libcitro2d.a(text.o)
                0x0011edc0                C2D_TextFontParseLine
 .text.C2D_TextFontParse
                0x0011ef84       0xa4 C:/devkitPro/libctru/lib\libcitro2d.a(text.o)
                0x0011ef84                C2D_TextFontParse
 .text.C2D_TextParse
                0x0011f028       0x10 C:/devkitPro/libctru/lib\libcitro2d.a(text.o)
                0x0011f028                C2D_TextParse
 .text.C2D_TextOptimize
                0x0011f038       0x30 C:/devkitPro/libctru/lib\libcitro2d.a(text.o)
                0x0011f038                C2D_TextOptimize
 .text.C2D_TextGetDimensions
                0x0011f068       0xe8 C:/devkitPro/libctru/lib\libcitro2d.a(text.o)
                0x0011f068                C2D_TextGetDimensions
 .text.C2D_DrawText
                0x0011f150      0xfdc C:/devkitPro/libctru/lib\libcitro2d.a(text.o)
                0x0011f150                C2D_DrawText
 .text.C2D_FontGlyphIndexFromCodePoint
                0x0012012c       0x50 C:/devkitPro/libctru/lib\libcitro2d.a(font.o)
                0x0012012c                C2D_FontGlyphIndexFromCodePoint
 .text.C2D_FontCalcGlyphPos
                0x0012017c       0x74 C:/devkitPro/libctru/lib\libcitro2d.a(font.o)
                0x0012017c                C2D_FontCalcGlyphPos
 .text.AttrInfo_Init
                0x001201f0       0x28 C:/devkitPro/libctru/lib\libcitro3d.a(attribs.o)
                0x001201f0                AttrInfo_Init
 .text.AttrInfo_AddLoader
                0x00120218       0x94 C:/devkitPro/libctru/lib\libcitro3d.a(attribs.o)
                0x00120218                AttrInfo_AddLoader
 .text.C3D_SetAttrInfo
                0x001202ac       0x54 C:/devkitPro/libctru/lib\libcitro3d.a(attribs.o)
                0x001202ac                C3D_SetAttrInfo
 .text.C3Di_AttrInfoBind
                0x00120300       0x80 C:/devkitPro/libctru/lib\libcitro3d.a(attribs.o)
                0x00120300                C3Di_AttrInfoBind
 .text.C3Di_LightEnvUpdate
                0x00120380        0x4 C:/devkitPro/libctru/lib\libcitro3d.a(base.o)
                0x00120380                C3Di_LightEnvUpdate
 .text.C3Di_LightEnvDirty
                0x00120384        0x4 C:/devkitPro/libctru/lib\libcitro3d.a(base.o)
                0x00120384                C3Di_LightEnvDirty
 .text.C3Di_AptEventHook
                0x00120388       0xb4 C:/devkitPro/libctru/lib\libcitro3d.a(base.o)
 .text.C3Di_GasUpdate
                0x0012043c        0x4 C:/devkitPro/libctru/lib\libcitro3d.a(base.o)
                0x0012043c                C3Di_GasUpdate
 .text.C3D_Init
                0x00120440      0x1d0 C:/devkitPro/libctru/lib\libcitro3d.a(base.o)
                0x00120440                C3D_Init
 .text.C3D_SetViewport
                0x00120610       0x98 C:/devkitPro/libctru/lib\libcitro3d.a(base.o)
                0x00120610                C3D_SetViewport
 .text.C3D_SetScissor
                0x001206a8       0x4c C:/devkitPro/libctru/lib\libcitro3d.a(base.o)
                0x001206a8                C3D_SetScissor
 .text.C3Di_UpdateContext
                0x001206f4      0x4e8 C:/devkitPro/libctru/lib\libcitro3d.a(base.o)
                0x001206f4                C3Di_UpdateContext
 .text.C3Di_SplitFrame
                0x00120bdc       0xe0 C:/devkitPro/libctru/lib\libcitro3d.a(base.o)
                0x00120bdc                C3Di_SplitFrame
 .text.C3D_Fini
                0x00120cbc       0x44 C:/devkitPro/libctru/lib\libcitro3d.a(base.o)
                0x00120cbc                C3D_Fini
 .text.C3D_BindProgram
                0x00120d00      0x194 C:/devkitPro/libctru/lib\libcitro3d.a(base.o)
                0x00120d00                C3D_BindProgram
 .text.BufInfo_Init
                0x00120e94       0x24 C:/devkitPro/libctru/lib\libcitro3d.a(buffers.o)
                0x00120e94                BufInfo_Init
 .text.BufInfo_Add
                0x00120eb8       0x80 C:/devkitPro/libctru/lib\libcitro3d.a(buffers.o)
                0x00120eb8                BufInfo_Add
 .text.C3D_SetBufInfo
                0x00120f38       0x3c C:/devkitPro/libctru/lib\libcitro3d.a(buffers.o)
                0x00120f38                C3D_SetBufInfo
 .text.C3Di_BufInfoBind
                0x00120f74       0x48 C:/devkitPro/libctru/lib\libcitro3d.a(buffers.o)
                0x00120f74                C3Di_BufInfoBind
 .text.C3D_DrawElements
                0x00120fbc      0x21c C:/devkitPro/libctru/lib\libcitro3d.a(drawElements.o)
                0x00120fbc                C3D_DrawElements
 .text.C3D_DepthMap
                0x001211d8       0x40 C:/devkitPro/libctru/lib\libcitro3d.a(effect.o)
                0x001211d8                C3D_DepthMap
 .text.C3D_CullFace
                0x00121218       0x1c C:/devkitPro/libctru/lib\libcitro3d.a(effect.o)
                0x00121218                C3D_CullFace
 .text.C3D_StencilTest
                0x00121234       0x40 C:/devkitPro/libctru/lib\libcitro3d.a(effect.o)
                0x00121234                C3D_StencilTest
 .text.C3D_StencilOp
                0x00121274       0x24 C:/devkitPro/libctru/lib\libcitro3d.a(effect.o)
                0x00121274                C3D_StencilOp
 .text.C3D_BlendingColor
                0x00121298       0x1c C:/devkitPro/libctru/lib\libcitro3d.a(effect.o)
                0x00121298                C3D_BlendingColor
 .text.C3D_EarlyDepthTest
                0x001212b4       0x24 C:/devkitPro/libctru/lib\libcitro3d.a(effect.o)
                0x001212b4                C3D_EarlyDepthTest
 .text.C3D_DepthTest
                0x001212d8       0x2c C:/devkitPro/libctru/lib\libcitro3d.a(effect.o)
                0x001212d8                C3D_DepthTest
 .text.C3D_AlphaTest
                0x00121304       0x2c C:/devkitPro/libctru/lib\libcitro3d.a(effect.o)
                0x00121304                C3D_AlphaTest
 .text.C3D_AlphaBlend
                0x00121330       0x50 C:/devkitPro/libctru/lib\libcitro3d.a(effect.o)
                0x00121330                C3D_AlphaBlend
 .text.C3D_FragOpMode
                0x00121380       0x30 C:/devkitPro/libctru/lib\libcitro3d.a(effect.o)
                0x00121380                C3D_FragOpMode
 .text.C3D_FragOpShadow
                0x001213b0       0x44 C:/devkitPro/libctru/lib\libcitro3d.a(effect.o)
                0x001213b0                C3D_FragOpShadow
 .text.C3Di_EffectBind
                0x001213f4      0x1ac C:/devkitPro/libctru/lib\libcitro3d.a(effect.o)
                0x001213f4                C3Di_EffectBind
 .text.C3D_CalcColorBufSize
                0x001215a0       0x1c C:/devkitPro/libctru/lib\libcitro3d.a(framebuffer.o)
                0x001215a0                C3D_CalcColorBufSize
 .text.C3D_CalcDepthBufSize
                0x001215bc       0x1c C:/devkitPro/libctru/lib\libcitro3d.a(framebuffer.o)
                0x001215bc                C3D_CalcDepthBufSize
 .text.C3D_SetFrameBuf
                0x001215d8       0x44 C:/devkitPro/libctru/lib\libcitro3d.a(framebuffer.o)
                0x001215d8                C3D_SetFrameBuf
 .text.C3Di_FrameBufBind
                0x0012161c      0x16c C:/devkitPro/libctru/lib\libcitro3d.a(framebuffer.o)
                0x0012161c                C3Di_FrameBufBind
 .text.C3D_FrameBufClear
                0x00121788       0xc8 C:/devkitPro/libctru/lib\libcitro3d.a(framebuffer.o)
                0x00121788                C3D_FrameBufClear
 .text.C3D_FrameBufTransfer
                0x00121850       0x44 C:/devkitPro/libctru/lib\libcitro3d.a(framebuffer.o)
                0x00121850                C3D_FrameBufTransfer
 .text.C3D_ImmSendAttrib
                0x00121894       0xa8 C:/devkitPro/libctru/lib\libcitro3d.a(immediate.o)
                0x00121894                C3D_ImmSendAttrib
 .text.C3D_ProcTexInit
                0x0012193c       0x70 C:/devkitPro/libctru/lib\libcitro3d.a(proctex.o)
                0x0012193c                C3D_ProcTexInit
 .text.C3D_ProcTexBind
                0x001219ac       0x54 C:/devkitPro/libctru/lib\libcitro3d.a(proctex.o)
                0x001219ac                C3D_ProcTexBind
 .text.C3D_ProcTexLutBind
                0x00121a00       0x5c C:/devkitPro/libctru/lib\libcitro3d.a(proctex.o)
                0x00121a00                C3D_ProcTexLutBind
 .text.ProcTexLut_FromArray
                0x00121a5c       0xa4 C:/devkitPro/libctru/lib\libcitro3d.a(proctex.o)
                0x00121a5c                ProcTexLut_FromArray
 .text.C3Di_ProcTexUpdate
                0x00121b00      0x178 C:/devkitPro/libctru/lib\libcitro3d.a(proctex.o)
                0x00121b00                C3Di_ProcTexUpdate
 .text.C3Di_ProcTexDirty
                0x00121c78       0x68 C:/devkitPro/libctru/lib\libcitro3d.a(proctex.o)
                0x00121c78                C3Di_ProcTexDirty
 .text.onVBlank0
                0x00121ce0       0x4c C:/devkitPro/libctru/lib\libcitro3d.a(renderqueue.o)
 .text.onVBlank1
                0x00121d2c       0x4c C:/devkitPro/libctru/lib\libcitro3d.a(renderqueue.o)
 .text.C3Di_RenderTargetDestroy
                0x00121d78       0x80 C:/devkitPro/libctru/lib\libcitro3d.a(renderqueue.o)
 .text.onQueueFinish
                0x00121df8       0xf4 C:/devkitPro/libctru/lib\libcitro3d.a(renderqueue.o)
 .text.C3Di_RenderQueueEnableVBlank
                0x00121eec       0x38 C:/devkitPro/libctru/lib\libcitro3d.a(renderqueue.o)
                0x00121eec                C3Di_RenderQueueEnableVBlank
 .text.C3Di_RenderQueueDisableVBlank
                0x00121f24       0x30 C:/devkitPro/libctru/lib\libcitro3d.a(renderqueue.o)
                0x00121f24                C3Di_RenderQueueDisableVBlank
 .text.C3Di_RenderQueueInit
                0x00121f54       0x60 C:/devkitPro/libctru/lib\libcitro3d.a(renderqueue.o)
                0x00121f54                C3Di_RenderQueueInit
 .text.C3Di_RenderQueueExit
                0x00121fb4       0xb4 C:/devkitPro/libctru/lib\libcitro3d.a(renderqueue.o)
                0x00121fb4                C3Di_RenderQueueExit
 .text.C3Di_RenderQueueWaitDone
                0x00122068       0x34 C:/devkitPro/libctru/lib\libcitro3d.a(renderqueue.o)
                0x00122068                C3Di_RenderQueueWaitDone
 .text.C3D_FrameBegin
                0x0012209c       0xe8 C:/devkitPro/libctru/lib\libcitro3d.a(renderqueue.o)
                0x0012209c                C3D_FrameBegin
 .text.C3D_FrameDrawOn
                0x00122184       0x48 C:/devkitPro/libctru/lib\libcitro3d.a(renderqueue.o)
                0x00122184                C3D_FrameDrawOn
 .text.C3D_FrameSplit
                0x001221cc       0x58 C:/devkitPro/libctru/lib\libcitro3d.a(renderqueue.o)
                0x001221cc                C3D_FrameSplit
 .text.C3D_FrameEnd
                0x00122224      0x1d0 C:/devkitPro/libctru/lib\libcitro3d.a(renderqueue.o)
                0x00122224                C3D_FrameEnd
 .text.C3D_FrameEndHook
                0x001223f4       0x1c C:/devkitPro/libctru/lib\libcitro3d.a(renderqueue.o)
                0x001223f4                C3D_FrameEndHook
 .text.C3D_RenderTargetCreate
                0x00122410      0x170 C:/devkitPro/libctru/lib\libcitro3d.a(renderqueue.o)
                0x00122410                C3D_RenderTargetCreate
 .text.C3D_RenderTargetSetOutput
                0x00122580       0xa8 C:/devkitPro/libctru/lib\libcitro3d.a(renderqueue.o)
                0x00122580                C3D_RenderTargetSetOutput
 .text.C3D_SyncTextureCopy
                0x00122628       0xfc C:/devkitPro/libctru/lib\libcitro3d.a(renderqueue.o)
                0x00122628                C3D_SyncTextureCopy
 .text.C3D_GetTexEnv
                0x00122724       0x34 C:/devkitPro/libctru/lib\libcitro3d.a(texenv.o)
                0x00122724                C3D_GetTexEnv
 .text.C3Di_TexEnvBind
                0x00122758       0x24 C:/devkitPro/libctru/lib\libcitro3d.a(texenv.o)
                0x00122758                C3Di_TexEnvBind
 .text.C3D_TexInitWithParams
                0x0012277c      0x290 C:/devkitPro/libctru/lib\libcitro3d.a(texture.o)
                0x0012277c                C3D_TexInitWithParams
 .text.C3D_TexLoadImage
                0x00122a0c       0xc8 C:/devkitPro/libctru/lib\libcitro3d.a(texture.o)
                0x00122a0c                C3D_TexLoadImage
 .text.C3D_TexBind
                0x00122ad4       0x44 C:/devkitPro/libctru/lib\libcitro3d.a(texture.o)
                0x00122ad4                C3D_TexBind
 .text.C3D_TexDelete
                0x00122b18       0x74 C:/devkitPro/libctru/lib\libcitro3d.a(texture.o)
                0x00122b18                C3D_TexDelete
 .text.C3Di_SetTex
                0x00122b8c      0x14c C:/devkitPro/libctru/lib\libcitro3d.a(texture.o)
                0x00122b8c                C3Di_SetTex
 .text.C3D_UpdateUniforms
                0x00122cd8      0x290 C:/devkitPro/libctru/lib\libcitro3d.a(uniforms.o)
                0x00122cd8                C3D_UpdateUniforms
 .text.C3Di_DirtyUniforms
                0x00122f68       0xc0 C:/devkitPro/libctru/lib\libcitro3d.a(uniforms.o)
                0x00122f68                C3Di_DirtyUniforms
 .text.C3Di_LoadShaderUniforms
                0x00123028       0xd8 C:/devkitPro/libctru/lib\libcitro3d.a(uniforms.o)
                0x00123028                C3Di_LoadShaderUniforms
 .text.C3Di_ClearShaderUniforms
                0x00123100       0x28 C:/devkitPro/libctru/lib\libcitro3d.a(uniforms.o)
                0x00123100                C3Di_ClearShaderUniforms
 .text.Mtx_Ortho
                0x00123128       0xcc C:/devkitPro/libctru/lib\libcitro3d.a(mtx_ortho.o)
                0x00123128                Mtx_Ortho
 .text.Mtx_OrthoTilt
                0x001231f4       0xcc C:/devkitPro/libctru/lib\libcitro3d.a(mtx_orthotilt.o)
                0x001231f4                Mtx_OrthoTilt
 .text.Mtx_RotateZ
                0x001232c0       0xa0 C:/devkitPro/libctru/lib\libcitro3d.a(mtx_rotatez.o)
                0x001232c0                Mtx_RotateZ
 .text.Mtx_Translate
                0x00123360       0xa4 C:/devkitPro/libctru/lib\libcitro3d.a(mtx_translate.o)
                0x00123360                Mtx_Translate
 .text._ZL21addrMapNodeComparatorPK11rbtree_nodeS1_
                0x00123404       0x24 C:/devkitPro/libctru/lib\libctru.a(linear.o)
 .text._ZL21addrMapNodeDestructorP11rbtree_node
                0x00123428        0x4 C:/devkitPro/libctru/lib\libctru.a(linear.o)
 .text.linearMemAlign
                0x0012342c      0x12c C:/devkitPro/libctru/lib\libctru.a(linear.o)
                0x0012342c                linearMemAlign
 .text.linearAlloc
                0x00123558        0x8 C:/devkitPro/libctru/lib\libctru.a(linear.o)
                0x00123558                linearAlloc
 .text.linearFree
                0x00123560       0x5c C:/devkitPro/libctru/lib\libctru.a(linear.o)
                0x00123560                linearFree
 .text._ZN7MemPool13CoalesceRightEP8MemBlock
                0x001235bc       0x88 C:/devkitPro/libctru/lib\libctru.a(mem_pool.o)
                0x001235bc                _ZN7MemPool13CoalesceRightEP8MemBlock
 .text._ZN7MemPool8AllocateER8MemChunkmi
                0x00123644      0x178 C:/devkitPro/libctru/lib\libctru.a(mem_pool.o)
                0x00123644                _ZN7MemPool8AllocateER8MemChunkmi
 .text._ZN7MemPool10DeallocateERK8MemChunk
                0x001237bc      0x118 C:/devkitPro/libctru/lib\libctru.a(mem_pool.o)
                0x001237bc                _ZN7MemPool10DeallocateERK8MemChunk
 .text._ZN7MemPool12GetFreeSpaceEv
                0x001238d4       0x30 C:/devkitPro/libctru/lib\libctru.a(mem_pool.o)
                0x001238d4                _ZN7MemPool12GetFreeSpaceEv
 .text._ZL21addrMapNodeComparatorPK11rbtree_nodeS1_
                0x00123904       0x24 C:/devkitPro/libctru/lib\libctru.a(vram.o)
 .text._ZL21addrMapNodeDestructorP11rbtree_node
                0x00123928        0x4 C:/devkitPro/libctru/lib\libctru.a(vram.o)
 .text.vramMemAlignAt
                0x0012392c      0x248 C:/devkitPro/libctru/lib\libctru.a(vram.o)
                0x0012392c                vramMemAlignAt
 .text.vramAlloc
                0x00123b74        0xc C:/devkitPro/libctru/lib\libctru.a(vram.o)
                0x00123b74                vramAlloc
 .text.vramAllocAt
                0x00123b80        0xc C:/devkitPro/libctru/lib\libctru.a(vram.o)
                0x00123b80                vramAllocAt
 .text.vramFree
                0x00123b8c       0x94 C:/devkitPro/libctru/lib\libctru.a(vram.o)
                0x00123b8c                vramFree
 .text.fontEnsureMapped
                0x00123c20       0x9c C:/devkitPro/libctru/lib\libctru.a(font.o)
                0x00123c20                fontEnsureMapped
 .text.fontGlyphIndexFromCodePoint
                0x00123cbc      0x100 C:/devkitPro/libctru/lib\libctru.a(font.o)
                0x00123cbc                fontGlyphIndexFromCodePoint
 .text.fontCalcGlyphPos
                0x00123dbc      0x214 C:/devkitPro/libctru/lib\libctru.a(font.o)
                0x00123dbc                fontCalcGlyphPos
 .text.gfxPresentFramebuffer
                0x00123fd0       0xcc C:/devkitPro/libctru/lib\libctru.a(gfx.o)
 .text.gfxSetWide
                0x0012409c       0x14 C:/devkitPro/libctru/lib\libctru.a(gfx.o)
                0x0012409c                gfxSetWide
 .text.gfxIsWide
                0x001240b0       0x1c C:/devkitPro/libctru/lib\libctru.a(gfx.o)
                0x001240b0                gfxIsWide
 .text.gfxSetScreenFormat
                0x001240cc       0xf8 C:/devkitPro/libctru/lib\libctru.a(gfx.o)
                0x001240cc                gfxSetScreenFormat
 .text.gfxInit  0x001241c4       0xd8 C:/devkitPro/libctru/lib\libctru.a(gfx.o)
                0x001241c4                gfxInit
 .text.gfxInitDefault
                0x0012429c       0x10 C:/devkitPro/libctru/lib\libctru.a(gfx.o)
                0x0012429c                gfxInitDefault
 .text.gfxExit  0x001242ac       0xb8 C:/devkitPro/libctru/lib\libctru.a(gfx.o)
                0x001242ac                gfxExit
 .text.gfxGetFramebuffer
                0x00124364       0xa0 C:/devkitPro/libctru/lib\libctru.a(gfx.o)
                0x00124364                gfxGetFramebuffer
 .text.gfxScreenSwapBuffers
                0x00124404       0x28 C:/devkitPro/libctru/lib\libctru.a(gfx.o)
                0x00124404                gfxScreenSwapBuffers
 .text.osConvertVirtToPhys
                0x0012442c       0x74 C:/devkitPro/libctru/lib\libctru.a(os.o)
                0x0012442c                osConvertVirtToPhys
 .text.osGetTimeRef
                0x001244a0       0x54 C:/devkitPro/libctru/lib\libctru.a(os.o)
                0x001244a0                osGetTimeRef
 .text.osGetTime
                0x001244f4       0xec C:/devkitPro/libctru/lib\libctru.a(os.o)
                0x001244f4                osGetTime
 .text.__ctru_speedup_config
                0x001245e0       0x34 C:/devkitPro/libctru/lib\libctru.a(os.o)
                0x001245e0                __ctru_speedup_config
 .text.romfs_close
                0x00124614        0x8 C:/devkitPro/libctru/lib\libctru.a(romfs_dev.o)
 .text.romfs_seek
                0x0012461c       0xac C:/devkitPro/libctru/lib\libctru.a(romfs_dev.o)
 .text.romfs_dirreset
                0x001246c8       0x24 C:/devkitPro/libctru/lib\libctru.a(romfs_dev.o)
 .text.fill_dir
                0x001246ec       0xc0 C:/devkitPro/libctru/lib\libctru.a(romfs_dev.o)
 .text.romfs_dirnext
                0x001247ac      0x2ac C:/devkitPro/libctru/lib\libctru.a(romfs_dev.o)
 .text.romfs_free
                0x00124a58       0x74 C:/devkitPro/libctru/lib\libctru.a(romfs_dev.o)
 .text.searchForFile.constprop.0
                0x00124acc       0xd0 C:/devkitPro/libctru/lib\libctru.a(romfs_dev.o)
 .text.searchForDir.constprop.0
                0x00124b9c       0xd4 C:/devkitPro/libctru/lib\libctru.a(romfs_dev.o)
 .text.navigateToDir.constprop.0
                0x00124c70      0x1c0 C:/devkitPro/libctru/lib\libctru.a(romfs_dev.o)
 .text.romfs_open
                0x00124e30      0x114 C:/devkitPro/libctru/lib\libctru.a(romfs_dev.o)
 .text.romfs_chdir
                0x00124f44       0x4c C:/devkitPro/libctru/lib\libctru.a(romfs_dev.o)
 .text.romfs_diropen
                0x00124f90       0x68 C:/devkitPro/libctru/lib\libctru.a(romfs_dev.o)
 .text.romfs_stat
                0x00124ff8      0x178 C:/devkitPro/libctru/lib\libctru.a(romfs_dev.o)
 .text.romfs_dirclose
                0x00125170        0x8 C:/devkitPro/libctru/lib\libctru.a(romfs_dev.o)
 .text.romfs_fstat
                0x00125178       0x7c C:/devkitPro/libctru/lib\libctru.a(romfs_dev.o)
 .text.romfs_read
                0x001251f4       0xd0 C:/devkitPro/libctru/lib\libctru.a(romfs_dev.o)
 .text.romfsMountFromFile
                0x001252c4      0x294 C:/devkitPro/libctru/lib\libctru.a(romfs_dev.o)
                0x001252c4                romfsMountFromFile
 .text.romfsMountFromCurrentProcess
                0x00125558       0x98 C:/devkitPro/libctru/lib\libctru.a(romfs_dev.o)
                0x00125558                romfsMountFromCurrentProcess
 .text.romfsMountSelf
                0x001255f0      0x258 C:/devkitPro/libctru/lib\libctru.a(romfs_dev.o)
                0x001255f0                romfsMountSelf
 .text.romfsUnmount
                0x00125848       0xa0 C:/devkitPro/libctru/lib\libctru.a(romfs_dev.o)
                0x00125848                romfsUnmount
 .text.__sync_init
                0x001258e8        0xc C:/devkitPro/libctru/lib\libctru.a(synchronization.o)
                0x001258e8                __sync_init
 .text.__sync_fini
                0x001258f4       0x18 C:/devkitPro/libctru/lib\libctru.a(synchronization.o)
                0x001258f4                __sync_fini
 .text.syncArbitrateAddress
                0x0012590c       0x28 C:/devkitPro/libctru/lib\libctru.a(synchronization.o)
                0x0012590c                syncArbitrateAddress
 .text.LightLock_Init
                0x00125934       0x1c C:/devkitPro/libctru/lib\libctru.a(synchronization.o)
                0x00125934                LightLock_Init
 .text.LightLock_Lock
                0x00125950       0xac C:/devkitPro/libctru/lib\libctru.a(synchronization.o)
                0x00125950                LightLock_Lock
 .text.LightLock_Unlock
                0x001259fc       0x40 C:/devkitPro/libctru/lib\libctru.a(synchronization.o)
                0x001259fc                LightLock_Unlock
 .text.RecursiveLock_Lock
                0x00125a3c       0x54 C:/devkitPro/libctru/lib\libctru.a(synchronization.o)
                0x00125a3c                RecursiveLock_Lock
 .text.RecursiveLock_Unlock
                0x00125a90       0x54 C:/devkitPro/libctru/lib\libctru.a(synchronization.o)
                0x00125a90                RecursiveLock_Unlock
 .text.LightEvent_Init
                0x00125ae4       0x44 C:/devkitPro/libctru/lib\libctru.a(synchronization.o)
                0x00125ae4                LightEvent_Init
 .text.LightEvent_Clear
                0x00125b28       0xb8 C:/devkitPro/libctru/lib\libctru.a(synchronization.o)
                0x00125b28                LightEvent_Clear
 .text.LightEvent_Signal
                0x00125be0       0xdc C:/devkitPro/libctru/lib\libctru.a(synchronization.o)
                0x00125be0                LightEvent_Signal
 .text.LightEvent_TryWait
                0x00125cbc       0x50 C:/devkitPro/libctru/lib\libctru.a(synchronization.o)
                0x00125cbc                LightEvent_TryWait
 .text.LightEvent_Wait
                0x00125d0c       0xac C:/devkitPro/libctru/lib\libctru.a(synchronization.o)
                0x00125d0c                LightEvent_Wait
 .text.threadCreate
                0x00125db8      0x1fc C:/devkitPro/libctru/lib\libctru.a(thread.o)
                0x00125db8                threadCreate
 .text.threadFree
                0x00125fb4       0x38 C:/devkitPro/libctru/lib\libctru.a(thread.o)
                0x00125fb4                threadFree
 .text.threadJoin
                0x00125fec       0x24 C:/devkitPro/libctru/lib\libctru.a(thread.o)
                0x00125fec                threadJoin
 .text.threadGetCurrent
                0x00126010       0x30 C:/devkitPro/libctru/lib\libctru.a(thread.o)
                0x00126010                threadGetCurrent
 .text.threadExit
                0x00126040       0x40 C:/devkitPro/libctru/lib\libctru.a(thread.o)
                0x00126040                threadExit
 .text._thread_begin
                0x00126080       0x20 C:/devkitPro/libctru/lib\libctru.a(thread.o)
 .text.GPUCMD_Add
                0x001260a0      0x13c C:/devkitPro/libctru/lib\libctru.a(gpu.o)
                0x001260a0                GPUCMD_Add
 .text.GPUCMD_Split
                0x001261dc       0xb0 C:/devkitPro/libctru/lib\libctru.a(gpu.o)
                0x001261dc                GPUCMD_Split
 .text.f32tof16
                0x0012628c       0x34 C:/devkitPro/libctru/lib\libctru.a(gpu.o)
                0x0012628c                f32tof16
 .text.f32tof24
                0x001262c0       0x34 C:/devkitPro/libctru/lib\libctru.a(gpu.o)
                0x001262c0                f32tof24
 .text.f32tof31
                0x001262f4       0x38 C:/devkitPro/libctru/lib\libctru.a(gpu.o)
                0x001262f4                f32tof31
 .text.GX_BindQueue
                0x0012632c       0x10 C:/devkitPro/libctru/lib\libctru.a(gx.o)
                0x0012632c                GX_BindQueue
 .text.GX_ProcessCommandList
                0x0012633c       0x7c C:/devkitPro/libctru/lib\libctru.a(gx.o)
                0x0012633c                GX_ProcessCommandList
 .text.GX_MemoryFill
                0x001263b8       0x74 C:/devkitPro/libctru/lib\libctru.a(gx.o)
                0x001263b8                GX_MemoryFill
 .text.GX_DisplayTransfer
                0x0012642c       0x74 C:/devkitPro/libctru/lib\libctru.a(gx.o)
                0x0012642c                GX_DisplayTransfer
 .text.GX_TextureCopy
                0x001264a0       0x78 C:/devkitPro/libctru/lib\libctru.a(gx.o)
                0x001264a0                GX_TextureCopy
 .text.gxCmdQueueDoCommands.part.0
                0x00126518       0x64 C:/devkitPro/libctru/lib\libctru.a(gxqueue.o)
 .text.gxCmdQueueInterrupt
                0x0012657c       0xe4 C:/devkitPro/libctru/lib\libctru.a(gxqueue.o)
                0x0012657c                gxCmdQueueInterrupt
 .text.gxCmdQueueClear
                0x00126660       0x68 C:/devkitPro/libctru/lib\libctru.a(gxqueue.o)
                0x00126660                gxCmdQueueClear
 .text.gxCmdQueueAdd
                0x001266c8      0x108 C:/devkitPro/libctru/lib\libctru.a(gxqueue.o)
                0x001266c8                gxCmdQueueAdd
 .text.gxCmdQueueRun
                0x001267d0       0x80 C:/devkitPro/libctru/lib\libctru.a(gxqueue.o)
                0x001267d0                gxCmdQueueRun
 .text.gxCmdQueueStop
                0x00126850       0x64 C:/devkitPro/libctru/lib\libctru.a(gxqueue.o)
                0x00126850                gxCmdQueueStop
 .text.gxCmdQueueWait
                0x001268b4       0xac C:/devkitPro/libctru/lib\libctru.a(gxqueue.o)
                0x001268b4                gxCmdQueueWait
 .text.shaderInstanceInit
                0x00126960      0x1e0 C:/devkitPro/libctru/lib\libctru.a(shaderProgram.o)
                0x00126960                shaderInstanceInit
 .text.shaderInstanceGetUniformLocation
                0x00126b40       0x18 C:/devkitPro/libctru/lib\libctru.a(shaderProgram.o)
                0x00126b40                shaderInstanceGetUniformLocation
 .text.shaderProgramInit
                0x00126b58       0x1c C:/devkitPro/libctru/lib\libctru.a(shaderProgram.o)
                0x00126b58                shaderProgramInit
 .text.shaderProgramFree
                0x00126b74       0x74 C:/devkitPro/libctru/lib\libctru.a(shaderProgram.o)
                0x00126b74                shaderProgramFree
 .text.shaderProgramSetVsh
                0x00126be8       0x94 C:/devkitPro/libctru/lib\libctru.a(shaderProgram.o)
                0x00126be8                shaderProgramSetVsh
 .text.shaderProgramConfigure
                0x00126c7c      0x8d0 C:/devkitPro/libctru/lib\libctru.a(shaderProgram.o)
                0x00126c7c                shaderProgramConfigure
 .text.DVLE_GenerateOutmap.part.0
                0x0012754c      0x1dc C:/devkitPro/libctru/lib\libctru.a(shbin.o)
 .text.DVLB_ParseFile
                0x00127728      0x1ac C:/devkitPro/libctru/lib\libctru.a(shbin.o)
                0x00127728                DVLB_ParseFile
 .text.DVLB_Free
                0x001278d4       0x50 C:/devkitPro/libctru/lib\libctru.a(shbin.o)
                0x001278d4                DVLB_Free
 .text.DVLE_GetUniformRegister
                0x00127924       0x74 C:/devkitPro/libctru/lib\libctru.a(shbin.o)
                0x00127924                DVLE_GetUniformRegister
 .text.acInit   0x00127998       0x90 C:/devkitPro/libctru/lib\libctru.a(ac.o)
                0x00127998                acInit
 .text.acExit   0x00127a28       0x3c C:/devkitPro/libctru/lib\libctru.a(ac.o)
                0x00127a28                acExit
 .text.aptConvertScreenForCapture
                0x00127a64      0x180 C:/devkitPro/libctru/lib\libctru.a(apt.o)
 .text.aptDspSleep
                0x00127be4        0x8 C:/devkitPro/libctru/lib\libctru.a(apt.o)
                0x00127be4                aptDspSleep
 .text.aptDspWakeup
                0x00127bec        0x4 C:/devkitPro/libctru/lib\libctru.a(apt.o)
                0x00127bec                aptDspWakeup
 .text.aptDspCancel
                0x00127bf0        0x4 C:/devkitPro/libctru/lib\libctru.a(apt.o)
                0x00127bf0                aptDspCancel
 .text.aptSendCommand
                0x00127bf4      0x138 C:/devkitPro/libctru/lib\libctru.a(apt.o)
                0x00127bf4                aptSendCommand
 *fill*         0x00127d2c        0x4 
 .text.aptExitProcess
                0x00127d30       0x44 C:/devkitPro/libctru/lib\libctru.a(apt.o)
 .text.aptExit  0x00127d74      0x394 C:/devkitPro/libctru/lib\libctru.a(apt.o)
                0x00127d74                aptExit
 .text.aptHandleSleep
                0x00128108       0xd8 C:/devkitPro/libctru/lib\libctru.a(apt.o)
                0x00128108                aptHandleSleep
 .text.aptHook  0x001281e0       0x34 C:/devkitPro/libctru/lib\libctru.a(apt.o)
                0x001281e0                aptHook
 .text.aptUnhook
                0x00128214       0x30 C:/devkitPro/libctru/lib\libctru.a(apt.o)
                0x00128214                aptUnhook
 .text.aptSetMessageCallback
                0x00128244       0x1c C:/devkitPro/libctru/lib\libctru.a(apt.o)
                0x00128244                aptSetMessageCallback
 .text.APT_SleepIfShellClosed
                0x00128260       0x84 C:/devkitPro/libctru/lib\libctru.a(apt.o)
                0x00128260                APT_SleepIfShellClosed
 .text.aptSetSleepAllowed
                0x001282e4       0x78 C:/devkitPro/libctru/lib\libctru.a(apt.o)
                0x001282e4                aptSetSleepAllowed
 .text.APT_UnlockTransition
                0x0012835c       0x84 C:/devkitPro/libctru/lib\libctru.a(apt.o)
                0x0012835c                APT_UnlockTransition
 .text.aptEventHandler
                0x001283e0      0x470 C:/devkitPro/libctru/lib\libctru.a(apt.o)
 .text.APT_ReceiveParameter
                0x00128850       0xbc C:/devkitPro/libctru/lib\libctru.a(apt.o)
                0x00128850                APT_ReceiveParameter
 .text.aptReceiveParameter.constprop.0
                0x0012890c       0xb0 C:/devkitPro/libctru/lib\libctru.a(apt.o)
 *fill*         0x001289bc        0x4 
 .text.aptScreenTransfer
                0x001289c0      0x294 C:/devkitPro/libctru/lib\libctru.a(apt.o)
 .text.aptWaitForWakeUp.isra.0
                0x00128c54      0x2d0 C:/devkitPro/libctru/lib\libctru.a(apt.o)
 .text.aptLaunchLibraryApplet
                0x00128f24      0x114 C:/devkitPro/libctru/lib\libctru.a(apt.o)
                0x00128f24                aptLaunchLibraryApplet
 .text.aptJumpToHomeMenu
                0x00129038       0xf4 C:/devkitPro/libctru/lib\libctru.a(apt.o)
                0x00129038                aptJumpToHomeMenu
 .text.aptMainLoop
                0x0012912c       0x58 C:/devkitPro/libctru/lib\libctru.a(apt.o)
                0x0012912c                aptMainLoop
 .text.aptInit  0x00129184      0x240 C:/devkitPro/libctru/lib\libctru.a(apt.o)
                0x00129184                aptInit
 .text.APT_SendParameter
                0x001293c4       0x5c C:/devkitPro/libctru/lib\libctru.a(apt.o)
                0x001293c4                APT_SendParameter
 .text.APT_CheckNew3DS
                0x00129420       0x90 C:/devkitPro/libctru/lib\libctru.a(apt.o)
                0x00129420                APT_CheckNew3DS
 .text.APT_GetSharedFont
                0x001294b0       0x48 C:/devkitPro/libctru/lib\libctru.a(apt.o)
                0x001294b0                APT_GetSharedFont
 .text.cfguInit
                0x001294f8       0xa8 C:/devkitPro/libctru/lib\libctru.a(cfgu.o)
                0x001294f8                cfguInit
 .text.cfguExit
                0x001295a0       0x3c C:/devkitPro/libctru/lib\libctru.a(cfgu.o)
                0x001295a0                cfguExit
 .text.CFGU_GetConfigInfoBlk2
                0x001295dc       0x4c C:/devkitPro/libctru/lib\libctru.a(cfgu.o)
                0x001295dc                CFGU_GetConfigInfoBlk2
 .text.fsInit   0x00129628      0x104 C:/devkitPro/libctru/lib\libctru.a(fs.o)
                0x00129628                fsInit
 .text.fsExit   0x0012972c       0x3c C:/devkitPro/libctru/lib\libctru.a(fs.o)
                0x0012972c                fsExit
 .text.fsExemptFromSession
                0x00129768       0x68 C:/devkitPro/libctru/lib\libctru.a(fs.o)
                0x00129768                fsExemptFromSession
 .text.fsUnexemptFromSession
                0x001297d0       0x50 C:/devkitPro/libctru/lib\libctru.a(fs.o)
                0x001297d0                fsUnexemptFromSession
 .text.FSUSER_OpenFile
                0x00129820       0xcc C:/devkitPro/libctru/lib\libctru.a(fs.o)
                0x00129820                FSUSER_OpenFile
 .text.FSUSER_OpenFileDirectly
                0x001298ec       0xcc C:/devkitPro/libctru/lib\libctru.a(fs.o)
                0x001298ec                FSUSER_OpenFileDirectly
 .text.FSUSER_DeleteFile
                0x001299b8       0xb8 C:/devkitPro/libctru/lib\libctru.a(fs.o)
                0x001299b8                FSUSER_DeleteFile
 .text.FSUSER_RenameFile
                0x00129a70       0xf4 C:/devkitPro/libctru/lib\libctru.a(fs.o)
                0x00129a70                FSUSER_RenameFile
 .text.FSUSER_DeleteDirectory
                0x00129b64       0xb8 C:/devkitPro/libctru/lib\libctru.a(fs.o)
                0x00129b64                FSUSER_DeleteDirectory
 .text.FSUSER_CreateFile
                0x00129c1c       0xd0 C:/devkitPro/libctru/lib\libctru.a(fs.o)
                0x00129c1c                FSUSER_CreateFile
 .text.FSUSER_CreateDirectory
                0x00129cec       0xc0 C:/devkitPro/libctru/lib\libctru.a(fs.o)
                0x00129cec                FSUSER_CreateDirectory
 .text.FSUSER_RenameDirectory
                0x00129dac       0xf4 C:/devkitPro/libctru/lib\libctru.a(fs.o)
                0x00129dac                FSUSER_RenameDirectory
 .text.FSUSER_OpenDirectory
                0x00129ea0       0xb4 C:/devkitPro/libctru/lib\libctru.a(fs.o)
                0x00129ea0                FSUSER_OpenDirectory
 .text.FSUSER_OpenArchive
                0x00129f54       0x90 C:/devkitPro/libctru/lib\libctru.a(fs.o)
                0x00129f54                FSUSER_OpenArchive
 .text.FSUSER_CloseArchive
                0x00129fe4       0x8c C:/devkitPro/libctru/lib\libctru.a(fs.o)
                0x00129fe4                FSUSER_CloseArchive
 .text.FSUSER_GetSdmcArchiveResource
                0x0012a070       0x74 C:/devkitPro/libctru/lib\libctru.a(fs.o)
                0x0012a070                FSUSER_GetSdmcArchiveResource
 .text.FSUSER_IsSdmcWritable
                0x0012a0e4       0x64 C:/devkitPro/libctru/lib\libctru.a(fs.o)
                0x0012a0e4                FSUSER_IsSdmcWritable
 .text.FSFILE_Read
                0x0012a148       0x64 C:/devkitPro/libctru/lib\libctru.a(fs.o)
                0x0012a148                FSFILE_Read
 .text.FSFILE_Write
                0x0012a1ac       0x6c C:/devkitPro/libctru/lib\libctru.a(fs.o)
                0x0012a1ac                FSFILE_Write
 .text.FSFILE_GetSize
                0x0012a218       0x44 C:/devkitPro/libctru/lib\libctru.a(fs.o)
                0x0012a218                FSFILE_GetSize
 .text.FSFILE_SetSize
                0x0012a25c       0x28 C:/devkitPro/libctru/lib\libctru.a(fs.o)
                0x0012a25c                FSFILE_SetSize
 .text.FSFILE_Close
                0x0012a284       0x3c C:/devkitPro/libctru/lib\libctru.a(fs.o)
                0x0012a284                FSFILE_Close
 .text.FSFILE_Flush
                0x0012a2c0       0x24 C:/devkitPro/libctru/lib\libctru.a(fs.o)
                0x0012a2c0                FSFILE_Flush
 .text.FSDIR_Read
                0x0012a2e4       0x60 C:/devkitPro/libctru/lib\libctru.a(fs.o)
                0x0012a2e4                FSDIR_Read
 .text.FSDIR_Close
                0x0012a344       0x3c C:/devkitPro/libctru/lib\libctru.a(fs.o)
                0x0012a344                FSDIR_Close
 .text.gspHardwareInit
                0x0012a380      0xc70 C:/devkitPro/libctru/lib\libctru.a(gspgpu.o)
 .text.gspInit  0x0012aff0      0x288 C:/devkitPro/libctru/lib\libctru.a(gspgpu.o)
                0x0012aff0                gspInit
 .text.gspExit  0x0012b278      0x104 C:/devkitPro/libctru/lib\libctru.a(gspgpu.o)
                0x0012b278                gspExit
 .text.gspHasGpuRight
                0x0012b37c       0x10 C:/devkitPro/libctru/lib\libctru.a(gspgpu.o)
                0x0012b37c                gspHasGpuRight
 .text.gspPresentBuffer
                0x0012b38c       0xa4 C:/devkitPro/libctru/lib\libctru.a(gspgpu.o)
                0x0012b38c                gspPresentBuffer
 .text.gspSetEventCallback
                0x0012b430       0x30 C:/devkitPro/libctru/lib\libctru.a(gspgpu.o)
                0x0012b430                gspSetEventCallback
 .text.gspWaitForEvent
                0x0012b460       0x50 C:/devkitPro/libctru/lib\libctru.a(gspgpu.o)
                0x0012b460                gspWaitForEvent
 .text.gspWaitForAnyEvent
                0x0012b4b0       0x4c C:/devkitPro/libctru/lib\libctru.a(gspgpu.o)
                0x0012b4b0                gspWaitForAnyEvent
 .text.gspEventThreadMain
                0x0012b4fc      0x154 C:/devkitPro/libctru/lib\libctru.a(gspgpu.o)
 .text.gspSubmitGxCommand
                0x0012b650      0x12c C:/devkitPro/libctru/lib\libctru.a(gspgpu.o)
                0x0012b650                gspSubmitGxCommand
 .text.GSPGPU_FlushDataCache
                0x0012b77c       0x50 C:/devkitPro/libctru/lib\libctru.a(gspgpu.o)
                0x0012b77c                GSPGPU_FlushDataCache
 .text.GSPGPU_SetLcdForceBlack
                0x0012b7cc       0x34 C:/devkitPro/libctru/lib\libctru.a(gspgpu.o)
                0x0012b7cc                GSPGPU_SetLcdForceBlack
 .text.GSPGPU_AcquireRight
                0x0012b800       0x84 C:/devkitPro/libctru/lib\libctru.a(gspgpu.o)
                0x0012b800                GSPGPU_AcquireRight
 .text.GSPGPU_ReleaseRight
                0x0012b884       0x64 C:/devkitPro/libctru/lib\libctru.a(gspgpu.o)
                0x0012b884                GSPGPU_ReleaseRight
 .text.GSPGPU_ImportDisplayCaptureInfo
                0x0012b8e8       0x7c C:/devkitPro/libctru/lib\libctru.a(gspgpu.o)
                0x0012b8e8                GSPGPU_ImportDisplayCaptureInfo
 .text.GSPGPU_SaveVramSysArea
                0x0012b964       0x2c C:/devkitPro/libctru/lib\libctru.a(gspgpu.o)
                0x0012b964                GSPGPU_SaveVramSysArea
 .text.GSPGPU_RestoreVramSysArea
                0x0012b990       0x2c C:/devkitPro/libctru/lib\libctru.a(gspgpu.o)
                0x0012b990                GSPGPU_RestoreVramSysArea
 .text.hidShouldUseIrrst
                0x0012b9bc       0x24 C:/devkitPro/libctru/lib\libctru.a(hid.o)
                0x0012b9bc                hidShouldUseIrrst
 .text.hidInit  0x0012b9e0      0x1cc C:/devkitPro/libctru/lib\libctru.a(hid.o)
                0x0012b9e0                hidInit
 .text.hidExit  0x0012bbac       0xe8 C:/devkitPro/libctru/lib\libctru.a(hid.o)
                0x0012bbac                hidExit
 .text.hidScanInput
                0x0012bc94      0x2a0 C:/devkitPro/libctru/lib\libctru.a(hid.o)
                0x0012bc94                hidScanInput
 .text.hidKeysHeld
                0x0012bf34       0x10 C:/devkitPro/libctru/lib\libctru.a(hid.o)
                0x0012bf34                hidKeysHeld
 .text.hidKeysDown
                0x0012bf44       0x10 C:/devkitPro/libctru/lib\libctru.a(hid.o)
                0x0012bf44                hidKeysDown
 .text.hidTouchRead
                0x0012bf54       0x18 C:/devkitPro/libctru/lib\libctru.a(hid.o)
                0x0012bf54                hidTouchRead
 .text.hidCircleRead
                0x0012bf6c       0x18 C:/devkitPro/libctru/lib\libctru.a(hid.o)
                0x0012bf6c                hidCircleRead
 .text.httpcInit
                0x0012bf84      0x200 C:/devkitPro/libctru/lib\libctru.a(httpc.o)
                0x0012bf84                httpcInit
 .text.httpcExit
                0x0012c184       0xbc C:/devkitPro/libctru/lib\libctru.a(httpc.o)
                0x0012c184                httpcExit
 .text.irrstInit
                0x0012c240      0x1a4 C:/devkitPro/libctru/lib\libctru.a(irrst.o)
                0x0012c240                irrstInit
 .text.irrstExit
                0x0012c3e4       0xdc C:/devkitPro/libctru/lib\libctru.a(irrst.o)
                0x0012c3e4                irrstExit
 .text.irrstScanInput
                0x0012c4c0       0xb4 C:/devkitPro/libctru/lib\libctru.a(irrst.o)
                0x0012c4c0                irrstScanInput
 .text.irrstKeysHeld
                0x0012c574       0x24 C:/devkitPro/libctru/lib\libctru.a(irrst.o)
                0x0012c574                irrstKeysHeld
 .text.ptmSysmInit
                0x0012c598       0x78 C:/devkitPro/libctru/lib\libctru.a(ptmsysm.o)
                0x0012c598                ptmSysmInit
 .text.ptmSysmExit
                0x0012c610       0x3c C:/devkitPro/libctru/lib\libctru.a(ptmsysm.o)
                0x0012c610                ptmSysmExit
 .text.PTMSYSM_ConfigureNew3DSCPU
                0x0012c64c       0x34 C:/devkitPro/libctru/lib\libctru.a(ptmsysm.o)
                0x0012c64c                PTMSYSM_ConfigureNew3DSCPU
 .text.closesocket
                0x0012c680       0x78 C:/devkitPro/libctru/lib\libctru.a(soc_closesocket.o)
                0x0012c680                closesocket
 .text.connect  0x0012c6f8      0x174 C:/devkitPro/libctru/lib\libctru.a(soc_connect.o)
                0x0012c6f8                connect
 .text.gethostbyname
                0x0012c86c      0x154 C:/devkitPro/libctru/lib\libctru.a(soc_gethostbyname.o)
                0x0012c86c                gethostbyname
 .text.inet_aton
                0x0012c9c0      0x1a8 C:/devkitPro/libctru/lib\libctru.a(soc_inet_aton.o)
                0x0012c9c0                inet_aton
 .text.soc_read
                0x0012cb68       0x34 C:/devkitPro/libctru/lib\libctru.a(soc_init.o)
 .text.soc_write
                0x0012cb9c       0x34 C:/devkitPro/libctru/lib\libctru.a(soc_init.o)
 .text.soc_close
                0x0012cbd0       0xb0 C:/devkitPro/libctru/lib\libctru.a(soc_init.o)
 .text.socInit  0x0012cc80      0x190 C:/devkitPro/libctru/lib\libctru.a(soc_init.o)
                0x0012cc80                socInit
 .text.socExit  0x0012ce10       0x88 C:/devkitPro/libctru/lib\libctru.a(soc_init.o)
                0x0012ce10                socExit
 .text.recv     0x0012ce98       0x20 C:/devkitPro/libctru/lib\libctru.a(soc_recv.o)
                0x0012ce98                recv
 .text.socuipc_cmd7
                0x0012ceb8      0x148 C:/devkitPro/libctru/lib\libctru.a(soc_recvfrom.o)
                0x0012ceb8                socuipc_cmd7
 .text.socuipc_cmd8
                0x0012d000      0x168 C:/devkitPro/libctru/lib\libctru.a(soc_recvfrom.o)
                0x0012d000                socuipc_cmd8
 .text.soc_recvfrom
                0x0012d168       0x10 C:/devkitPro/libctru/lib\libctru.a(soc_recvfrom.o)
                0x0012d168                soc_recvfrom
 .text.recvfrom
                0x0012d178       0xa4 C:/devkitPro/libctru/lib\libctru.a(soc_recvfrom.o)
                0x0012d178                recvfrom
 .text.send     0x0012d21c       0x20 C:/devkitPro/libctru/lib\libctru.a(soc_send.o)
                0x0012d21c                send
 .text.socuipc_cmd9
                0x0012d23c      0x15c C:/devkitPro/libctru/lib\libctru.a(soc_sendto.o)
                0x0012d23c                socuipc_cmd9
 .text.socuipc_cmda
                0x0012d398      0x160 C:/devkitPro/libctru/lib\libctru.a(soc_sendto.o)
                0x0012d398                socuipc_cmda
 .text.soc_sendto
                0x0012d4f8       0x10 C:/devkitPro/libctru/lib\libctru.a(soc_sendto.o)
                0x0012d4f8                soc_sendto
 .text.sendto   0x0012d508       0xa4 C:/devkitPro/libctru/lib\libctru.a(soc_sendto.o)
                0x0012d508                sendto
 .text.socket   0x0012d5ac      0x16c C:/devkitPro/libctru/lib\libctru.a(soc_socket.o)
                0x0012d5ac                socket
 .text.swkbdMessageCallback
                0x0012d718      0x190 C:/devkitPro/libctru/lib\libctru.a(swkbd.o)
 .text.swkbdInit
                0x0012d8a8       0x84 C:/devkitPro/libctru/lib\libctru.a(swkbd.o)
                0x0012d8a8                swkbdInit
 .text.swkbdSetHintText
                0x0012d92c       0x64 C:/devkitPro/libctru/lib\libctru.a(swkbd.o)
                0x0012d92c                swkbdSetHintText
 .text.swkbdSetButton
                0x0012d990       0x88 C:/devkitPro/libctru/lib\libctru.a(swkbd.o)
                0x0012d990                swkbdSetButton
 .text.swkbdSetInitialText
                0x0012da18        0x8 C:/devkitPro/libctru/lib\libctru.a(swkbd.o)
                0x0012da18                swkbdSetInitialText
 .text.swkbdInputText
                0x0012da20      0x3a8 C:/devkitPro/libctru/lib\libctru.a(swkbd.o)
                0x0012da20                swkbdInputText
 .text.rbtree_find
                0x0012ddc8       0x74 C:/devkitPro/libctru/lib\libctru.a(rbtree_find.o)
                0x0012ddc8                rbtree_find
 .text.rbtree_init
                0x0012de3c       0x10 C:/devkitPro/libctru/lib\libctru.a(rbtree_init.o)
                0x0012de3c                rbtree_init
 .text.do_insert
                0x0012de4c      0x198 C:/devkitPro/libctru/lib\libctru.a(rbtree_insert.o)
 .text.rbtree_insert
                0x0012dfe4        0x8 C:/devkitPro/libctru/lib\libctru.a(rbtree_insert.o)
                0x0012dfe4                rbtree_insert
 .text.rbtree_remove
                0x0012dfec      0x310 C:/devkitPro/libctru/lib\libctru.a(rbtree_remove.o)
                0x0012dfec                rbtree_remove
 .text.rbtree_rotate
                0x0012e2fc       0x90 C:/devkitPro/libctru/lib\libctru.a(rbtree_rotate.o)
                0x0012e2fc                rbtree_rotate
 .text.decode_utf8
                0x0012e38c      0x140 C:/devkitPro/libctru/lib\libctru.a(decode_utf8.o)
                0x0012e38c                decode_utf8
 .text.utf16_to_utf8
                0x0012e4cc       0xe8 C:/devkitPro/libctru/lib\libctru.a(utf16_to_utf8.o)
                0x0012e4cc                utf16_to_utf8
 .text.utf8_to_utf16
                0x0012e5b4       0xc0 C:/devkitPro/libctru/lib\libctru.a(utf8_to_utf16.o)
                0x0012e5b4                utf8_to_utf16
 *fill*         0x0012e674        0x4 
 .text.__system_allocateHeaps
                0x0012e678      0x1e8 C:/devkitPro/libctru/lib\libctru.a(allocateHeaps.o)
                0x0012e678                __system_allocateHeaps
 .text.__libctru_init
                0x0012e860       0x38 C:/devkitPro/libctru/lib\libctru.a(ctru_init.o)
                0x0012e860                __libctru_init
 .text.__system_initArgv
                0x0012e898      0x16c C:/devkitPro/libctru/lib\libctru.a(initArgv.o)
                0x0012e898                __system_initArgv
 .text.__syscall_getreent
                0x0012ea04       0x30 C:/devkitPro/libctru/lib\libctru.a(syscalls.o)
                0x0012ea04                __syscall_getreent
 .text.__syscall_gettod_r
                0x0012ea34       0x64 C:/devkitPro/libctru/lib\libctru.a(syscalls.o)
                0x0012ea34                __syscall_gettod_r
 .text.__syscall_lock_acquire
                0x0012ea98        0x4 C:/devkitPro/libctru/lib\libctru.a(syscalls.o)
                0x0012ea98                __syscall_lock_acquire
 .text.__syscall_lock_release
                0x0012ea9c        0x4 C:/devkitPro/libctru/lib\libctru.a(syscalls.o)
                0x0012ea9c                __syscall_lock_release
 .text.__syscall_lock_acquire_recursive
                0x0012eaa0        0x4 C:/devkitPro/libctru/lib\libctru.a(syscalls.o)
                0x0012eaa0                __syscall_lock_acquire_recursive
 .text.__syscall_lock_release_recursive
                0x0012eaa4        0x4 C:/devkitPro/libctru/lib\libctru.a(syscalls.o)
                0x0012eaa4                __syscall_lock_release_recursive
 .text.__syscall_exit
                0x0012eaa8        0x4 C:/devkitPro/libctru/lib\libctru.a(syscalls.o)
                0x0012eaa8                __syscall_exit
 .text.initThreadVars
                0x0012eaac       0x54 C:/devkitPro/libctru/lib\libctru.a(syscalls.o)
                0x0012eaac                initThreadVars
 .text.__system_initSyscalls
                0x0012eb00       0x80 C:/devkitPro/libctru/lib\libctru.a(syscalls.o)
                0x0012eb00                __system_initSyscalls
 .text.svcControlMemory
                0x0012eb80       0x20 C:/devkitPro/libctru/lib\libctru.a(svc.o)
                0x0012eb80                svcControlMemory
 .text.svcQueryMemory
                0x0012eba0       0x30 C:/devkitPro/libctru/lib\libctru.a(svc.o)
                0x0012eba0                svcQueryMemory
 .text.svcExitProcess
                0x0012ebd0        0x8 C:/devkitPro/libctru/lib\libctru.a(svc.o)
                0x0012ebd0                svcExitProcess
 .text.svcCreateThread
                0x0012ebd8       0x20 C:/devkitPro/libctru/lib\libctru.a(svc.o)
                0x0012ebd8                svcCreateThread
 .text.svcExitThread
                0x0012ebf8        0x8 C:/devkitPro/libctru/lib\libctru.a(svc.o)
                0x0012ebf8                svcExitThread
 .text.svcSleepThread
                0x0012ec00        0x8 C:/devkitPro/libctru/lib\libctru.a(svc.o)
                0x0012ec00                svcSleepThread
 .text.svcReleaseMutex
                0x0012ec08        0x8 C:/devkitPro/libctru/lib\libctru.a(svc.o)
                0x0012ec08                svcReleaseMutex
 .text.svcCreateEvent
                0x0012ec10       0x14 C:/devkitPro/libctru/lib\libctru.a(svc.o)
                0x0012ec10                svcCreateEvent
 .text.svcSignalEvent
                0x0012ec24        0x8 C:/devkitPro/libctru/lib\libctru.a(svc.o)
                0x0012ec24                svcSignalEvent
 .text.svcClearEvent
                0x0012ec2c        0x8 C:/devkitPro/libctru/lib\libctru.a(svc.o)
                0x0012ec2c                svcClearEvent
 .text.svcCreateMemoryBlock
                0x0012ec34       0x18 C:/devkitPro/libctru/lib\libctru.a(svc.o)
                0x0012ec34                svcCreateMemoryBlock
 .text.svcMapMemoryBlock
                0x0012ec4c        0x8 C:/devkitPro/libctru/lib\libctru.a(svc.o)
                0x0012ec4c                svcMapMemoryBlock
 .text.svcUnmapMemoryBlock
                0x0012ec54        0x8 C:/devkitPro/libctru/lib\libctru.a(svc.o)
                0x0012ec54                svcUnmapMemoryBlock
 .text.svcCreateAddressArbiter
                0x0012ec5c       0x14 C:/devkitPro/libctru/lib\libctru.a(svc.o)
                0x0012ec5c                svcCreateAddressArbiter
 .text.svcArbitrateAddressNoTimeout
                0x0012ec70        0x8 C:/devkitPro/libctru/lib\libctru.a(svc.o)
                0x0012ec70                svcArbitrateAddressNoTimeout
 .text.svcCloseHandle
                0x0012ec78        0x8 C:/devkitPro/libctru/lib\libctru.a(svc.o)
                0x0012ec78                svcCloseHandle
 .text.svcWaitSynchronization
                0x0012ec80        0x8 C:/devkitPro/libctru/lib\libctru.a(svc.o)
                0x0012ec80                svcWaitSynchronization
 .text.svcWaitSynchronizationN
                0x0012ec88       0x28 C:/devkitPro/libctru/lib\libctru.a(svc.o)
                0x0012ec88                svcWaitSynchronizationN
 .text.svcDuplicateHandle
                0x0012ecb0       0x14 C:/devkitPro/libctru/lib\libctru.a(svc.o)
                0x0012ecb0                svcDuplicateHandle
 .text.svcGetSystemTick
                0x0012ecc4        0x8 C:/devkitPro/libctru/lib\libctru.a(svc.o)
                0x0012ecc4                svcGetSystemTick
 .text.svcConnectToPort
                0x0012eccc       0x14 C:/devkitPro/libctru/lib\libctru.a(svc.o)
                0x0012eccc                svcConnectToPort
 .text.svcSendSyncRequest
                0x0012ece0        0x8 C:/devkitPro/libctru/lib\libctru.a(svc.o)
                0x0012ece0                svcSendSyncRequest
 .text.svcGetResourceLimit
                0x0012ece8       0x14 C:/devkitPro/libctru/lib\libctru.a(svc.o)
                0x0012ece8                svcGetResourceLimit
 .text.svcGetResourceLimitLimitValues
                0x0012ecfc        0x8 C:/devkitPro/libctru/lib\libctru.a(svc.o)
                0x0012ecfc                svcGetResourceLimitLimitValues
 .text.svcGetResourceLimitCurrentValues
                0x0012ed04        0x8 C:/devkitPro/libctru/lib\libctru.a(svc.o)
                0x0012ed04                svcGetResourceLimitCurrentValues
 .text.svcBreak
                0x0012ed0c        0x8 C:/devkitPro/libctru/lib\libctru.a(svc.o)
                0x0012ed0c                svcBreak
 .text.__aeabi_read_tp
                0x0012ed14        0xc C:/devkitPro/libctru/lib\libctru.a(readtp.o)
                0x0012ed14                __aeabi_read_tp
 .text.initSystem
                0x0012ed20       0x50 C:/devkitPro/libctru/lib\libctru.a(stack_adjust.o)
                0x0012ed20                initSystem
 .text.__ctru_exit
                0x0012ed70       0x14 C:/devkitPro/libctru/lib\libctru.a(stack_adjust.o)
                0x0012ed70                __ctru_exit
 .text.envGetHandle
                0x0012ed84       0x8c C:/devkitPro/libctru/lib\libctru.a(env.o)
                0x0012ed84                envGetHandle
 .text.envDestroyHandles
                0x0012ee10       0x50 C:/devkitPro/libctru/lib\libctru.a(env.o)
                0x0012ee10                envDestroyHandles
 .text.srvInit  0x0012ee60      0x164 C:/devkitPro/libctru/lib\libctru.a(srv.o)
                0x0012ee60                srvInit
 .text.srvExit  0x0012efc4       0x64 C:/devkitPro/libctru/lib\libctru.a(srv.o)
                0x0012efc4                srvExit
 .text.srvEnableNotification
                0x0012f028       0x60 C:/devkitPro/libctru/lib\libctru.a(srv.o)
                0x0012f028                srvEnableNotification
 .text.srvGetServiceHandleDirect
                0x0012f088       0xa0 C:/devkitPro/libctru/lib\libctru.a(srv.o)
                0x0012f088                srvGetServiceHandleDirect
 .text.srvGetServiceHandle
                0x0012f128       0x48 C:/devkitPro/libctru/lib\libctru.a(srv.o)
                0x0012f128                srvGetServiceHandle
 .text.srvSubscribe
                0x0012f170       0x34 C:/devkitPro/libctru/lib\libctru.a(srv.o)
                0x0012f170                srvSubscribe
 .text.srvReceiveNotification
                0x0012f1a4       0x60 C:/devkitPro/libctru/lib\libctru.a(srv.o)
                0x0012f1a4                srvReceiveNotification
 .text.srvPublishToSubscriber
                0x0012f204       0x38 C:/devkitPro/libctru/lib\libctru.a(srv.o)
                0x0012f204                srvPublishToSubscriber
 .text.mappableFindAddressWithin
                0x0012f23c       0x90 C:/devkitPro/libctru/lib\libctru.a(mappable.o)
 .text.mappableInit
                0x0012f2cc       0x28 C:/devkitPro/libctru/lib\libctru.a(mappable.o)
                0x0012f2cc                mappableInit
 .text.mappableAlloc
                0x0012f2f4       0x7c C:/devkitPro/libctru/lib\libctru.a(mappable.o)
                0x0012f2f4                mappableAlloc
 .text.mappableFree
                0x0012f370        0x4 C:/devkitPro/libctru/lib\libctru.a(mappable.o)
                0x0012f370                mappableFree
 .text.srvPmGetSessionHandle
                0x0012f374        0xc C:/devkitPro/libctru/lib\libctru.a(srvpm.o)
                0x0012f374                srvPmGetSessionHandle
 .text._net_convert_error
                0x0012f380       0x3c C:/devkitPro/libctru/lib\libctru.a(soc_common.o)
                0x0012f380                _net_convert_error
 .text.rbtree_node_next
                0x0012f3bc       0x60 C:/devkitPro/libctru/lib\libctru.a(rbtree_iterator.o)
                0x0012f3bc                rbtree_node_next
 .text.decode_utf16
                0x0012f41c       0x54 C:/devkitPro/libctru/lib\libctru.a(decode_utf16.o)
                0x0012f41c                decode_utf16
 .text.encode_utf16
                0x0012f470       0x54 C:/devkitPro/libctru/lib\libctru.a(encode_utf16.o)
                0x0012f470                encode_utf16
 .text.encode_utf8
                0x0012f4c4       0xe0 C:/devkitPro/libctru/lib\libctru.a(encode_utf8.o)
                0x0012f4c4                encode_utf8
 .text.__appExit
                0x0012f5a4       0x30 C:/devkitPro/libctru/lib\libctru.a(appExit.o)
                0x0012f5a4                __appExit
 .text.__appInit
                0x0012f5d4       0x30 C:/devkitPro/libctru/lib\libctru.a(appInit.o)
                0x0012f5d4                __appInit
 .text.__libctru_exit
                0x0012f604       0x90 C:/devkitPro/libctru/lib\libctru.a(ctru_exit.o)
                0x0012f604                __libctru_exit
 .text.error_cmp
                0x0012f694       0x24 C:/devkitPro/libctru/lib\libctru.a(archive_dev.o)
 .text.archive_translate_error
                0x0012f6b8       0x50 C:/devkitPro/libctru/lib\libctru.a(archive_dev.o)
 .text.archive_seek
                0x0012f708       0xc0 C:/devkitPro/libctru/lib\libctru.a(archive_dev.o)
 .text._archiveInit.part.0
                0x0012f7c8       0x78 C:/devkitPro/libctru/lib\libctru.a(archive_dev.o)
 .text.archiveFindDevice.part.0
                0x0012f840      0x110 C:/devkitPro/libctru/lib\libctru.a(archive_dev.o)
 .text.archive_utf16path
                0x0012f950      0x298 C:/devkitPro/libctru/lib\libctru.a(archive_dev.o)
 .text._archiveUnmountDeviceStruct.part.0
                0x0012fbe8       0x98 C:/devkitPro/libctru/lib\libctru.a(archive_dev.o)
 .text._archiveMountDevice
                0x0012fc80      0x178 C:/devkitPro/libctru/lib\libctru.a(archive_dev.o)
 .text.archive_diropen
                0x0012fdf8       0xf8 C:/devkitPro/libctru/lib\libctru.a(archive_dev.o)
 .text.archive_fstat
                0x0012fef0       0xac C:/devkitPro/libctru/lib\libctru.a(archive_dev.o)
 .text.archive_fsync
                0x0012ff9c       0x74 C:/devkitPro/libctru/lib\libctru.a(archive_dev.o)
 .text.archive_close
                0x00130010       0x74 C:/devkitPro/libctru/lib\libctru.a(archive_dev.o)
 .text.archive_dirclose
                0x00130084       0x78 C:/devkitPro/libctru/lib\libctru.a(archive_dev.o)
 .text.sdmc_statvfs
                0x001300fc       0xec C:/devkitPro/libctru/lib\libctru.a(archive_dev.o)
 .text.archive_chdir
                0x001301e8       0xf8 C:/devkitPro/libctru/lib\libctru.a(archive_dev.o)
 .text.archive_ftruncate
                0x001302e0       0x8c C:/devkitPro/libctru/lib\libctru.a(archive_dev.o)
 .text.archive_read
                0x0013036c       0xbc C:/devkitPro/libctru/lib\libctru.a(archive_dev.o)
 .text.archive_unlink
                0x00130428       0xa8 C:/devkitPro/libctru/lib\libctru.a(archive_dev.o)
 .text.archive_rmdir
                0x001304d0       0xc0 C:/devkitPro/libctru/lib\libctru.a(archive_dev.o)
 .text.archive_mkdir
                0x00130590       0xd8 C:/devkitPro/libctru/lib\libctru.a(archive_dev.o)
 .text.archive_stat
                0x00130668      0x1a0 C:/devkitPro/libctru/lib\libctru.a(archive_dev.o)
 .text.archive_dirnext
                0x00130808      0x164 C:/devkitPro/libctru/lib\libctru.a(archive_dev.o)
 .text.archive_write
                0x0013096c      0x13c C:/devkitPro/libctru/lib\libctru.a(archive_dev.o)
 .text.archive_open
                0x00130aa8      0x254 C:/devkitPro/libctru/lib\libctru.a(archive_dev.o)
 .text.archive_rename
                0x00130cfc      0x270 C:/devkitPro/libctru/lib\libctru.a(archive_dev.o)
 .text.archiveMountSdmc
                0x00130f6c      0x1c8 C:/devkitPro/libctru/lib\libctru.a(archive_dev.o)
                0x00130f6c                archiveMountSdmc
 .text.archiveUnmountAll
                0x00131134       0x54 C:/devkitPro/libctru/lib\libctru.a(archive_dev.o)
                0x00131134                archiveUnmountAll
 .text.ssl_hs_is_proper_fragment
                0x00131188       0x7c C:/devkitPro/portlibs/3ds/lib\libmbedtls.a(ssl_msg.o)
 .text.ssl_check_ctr_renegotiate
                0x00131204       0xd8 C:/devkitPro/portlibs/3ds/lib\libmbedtls.a(ssl_msg.o)
 .text.ssl_buffering_free_slot.isra.0
                0x001312dc       0x5c C:/devkitPro/portlibs/3ds/lib\libmbedtls.a(ssl_msg.o)
 .text.mbedtls_ssl_set_timer
                0x00131338       0x58 C:/devkitPro/portlibs/3ds/lib\libmbedtls.a(ssl_msg.o)